ABS				= 1E3B, G: ABS
APBRANCH1			= 1EE0, L: APLIB_DEPACK
APBRANCH2			= 1E89, L: APLIB_DEPACK
APBRANCH3			= 1F27, L: APLIB_DEPACK
APBRANCH4			= 1F1C, L: APLIB_DEPACK
APLIB_DEPACK			= 1E51, G: APLIB_DEPACK
APLOOP				= 1EF2, L: APLIB_DEPACK
AP_DONT_INC_B			= 1F31, L: APLIB_DEPACK
AP_FINISHUP			= 1ED9, L: APLIB_DEPACK
AP_GETBIT			= 1E60, L: APLIB_DEPACK
AP_GETBITBC			= 1E73, L: APLIB_DEPACK
AP_GETBIT_CONTINUE		= 1E6B, L: APLIB_DEPACK
AP_GETGAMMA			= 1E7D, L: APLIB_DEPACK
AP_GETGAMMALOOP			= 1E80, L: APLIB_DEPACK
AP_NOT_LWM			= 1EAC, L: APLIB_DEPACK
AP_NOT_ZERO_GAMMA		= 1EAB, L: APLIB_DEPACK
CALL_INT_HANDLER		= 008E, L: SMS_CRT0
CLEANUP				= 0128, G: SMS_CRT0
DEFAULTINITIALISEVDP		= 012C, L: SMS_CRT0
DEPACK				= 1EE8, L: APLIB_DEPACK
DOSIGN				= 2035, L: L_DIV
DRAWONELINE			= 2147, G: DRAWONELINE
ENDLOOP				= 0129, L: SMS_CRT0
FILLER1				= 0015, L: SMS_CRT0
FILLER2				= 004C, L: SMS_CRT0
FILLER3				= 008F, L: SMS_CRT0
GET_VCOUNT			= 21A8, G: GET_VCOUNT
INT_DONE			= 0087, L: SMS_CRT0
INT_HANDLER			= 0073, L: SMS_CRT0
INT_LOOP			= 0076, L: SMS_CRT0
INT_PAUSE			= 0066, L: SMS_CRT0
INT_RASTER			= 0038, L: SMS_CRT0
I_10				= 0238, L: RIVER
I_100				= 14AD, L: RIVER
I_101				= 152E, L: RIVER
I_102				= 15F2, L: RIVER
I_103				= 15E3, L: RIVER
I_104				= 15E6, L: RIVER
I_105				= 1662, L: RIVER
I_106				= 16E6, L: RIVER
I_107				= 16D5, L: RIVER
I_108				= 16D8, L: RIVER
I_109				= 1752, L: RIVER
I_11				= 03CD, L: RIVER
I_110				= 175E, L: RIVER
I_111				= 1719, L: RIVER
I_112				= 17E6, L: RIVER
I_113				= 181E, L: RIVER
I_114				= 1854, L: RIVER
I_115				= 1844, L: RIVER
I_116				= 190D, L: RIVER
I_117				= 1B87, L: RIVER
I_118				= 1B84, L: RIVER
I_119				= 193B, L: RIVER
I_12				= 0382, L: RIVER
I_120				= 195D, L: RIVER
I_121				= 1990, L: RIVER
I_122				= 198D, L: RIVER
I_123				= 1A02, L: RIVER
I_124				= 19C3, L: RIVER
I_125				= 19C0, L: RIVER
I_126				= 1A02, L: RIVER
I_127				= 19E4, L: RIVER
I_128				= 1A02, L: RIVER
I_129				= 1A02, L: RIVER
I_13				= 0361, L: RIVER
I_130				= 1A3C, L: RIVER
I_131				= 1A8C, L: RIVER
I_132				= 1B67, L: RIVER
I_133				= 1B31, L: RIVER
I_134				= 1B67, L: RIVER
I_135				= 1B57, L: RIVER
I_14				= 037F, L: RIVER
I_15				= 03CA, L: RIVER
I_16				= 03AC, L: RIVER
I_17				= 03CA, L: RIVER
I_18				= 03D6, L: RIVER
I_19				= 04C2, L: RIVER
I_20				= 0477, L: RIVER
I_21				= 0456, L: RIVER
I_22				= 0474, L: RIVER
I_23				= 04BF, L: RIVER
I_24				= 04A1, L: RIVER
I_25				= 04BF, L: RIVER
I_26				= 04CB, L: RIVER
I_27				= 05B2, L: RIVER
I_28				= 05C6, L: RIVER
I_29				= 069B, L: RIVER
I_30				= 0753, L: RIVER
I_31				= 0949, L: RIVER
I_32				= 098F, L: RIVER
I_33				= 097E, L: RIVER
I_34				= 09AE, L: RIVER
I_35				= 09E0, L: RIVER
I_36				= 09CF, L: RIVER
I_37				= 0AD5, L: RIVER
I_38				= 0A66, L: RIVER
I_39				= 0AA6, L: RIVER
I_4				= 01BD, L: RIVER
I_40				= 0AA6, L: RIVER
I_41				= 0AD2, L: RIVER
I_42				= 0C85, L: RIVER
I_43				= 0B35, L: RIVER
I_44				= 0B6E, L: RIVER
I_45				= 0B6E, L: RIVER
I_46				= 0BFE, L: RIVER
I_47				= 0BD5, L: RIVER
I_48				= 0BFE, L: RIVER
I_49				= 0BFE, L: RIVER
I_5				= 01EE, L: RIVER
I_50				= 0C85, L: RIVER
I_51				= 0C5C, L: RIVER
I_52				= 0C85, L: RIVER
I_53				= 0C85, L: RIVER
I_54				= 0E2C, L: RIVER
I_55				= 0E2C, L: RIVER
I_56				= 0D02, L: RIVER
I_57				= 0D72, L: RIVER
I_58				= 0D89, L: RIVER
I_59				= 0DEA, L: RIVER
I_6				= 01E5, L: RIVER
I_60				= 0E2C, L: RIVER
I_61				= 0E64, L: RIVER
I_62				= 0E84, L: RIVER
I_63				= 0E78, L: RIVER
I_64				= 0EA3, L: RIVER
I_65				= 0F0E, L: RIVER
I_66				= 0EFD, L: RIVER
I_67				= 0F5E, L: RIVER
I_68				= 0FEA, L: RIVER
I_69				= 0FEA, L: RIVER
I_7				= 020F, L: RIVER
I_70				= 10BD, L: RIVER
I_71				= 1085, L: RIVER
I_72				= 102E, L: RIVER
I_73_I_72			= 1031, L: RIVER
I_74				= 10BD, L: RIVER
I_75				= 10D6, L: RIVER
I_76				= 1130, L: RIVER
I_77				= 1120, L: RIVER
I_78				= 1109, L: RIVER
I_79				= 1183, L: RIVER
I_8				= 0213, L: RIVER
I_80				= 1220, L: RIVER
I_81				= 125D, L: RIVER
I_82				= 125D, L: RIVER
I_83				= 127D, L: RIVER
I_84				= 12D3, L: RIVER
I_85				= 12CD, L: RIVER
I_87				= 1336, L: RIVER
I_88				= 13DA, L: RIVER
I_89				= 13CE, L: RIVER
I_9				= 0234, L: RIVER
I_90				= 1354, L: RIVER
I_91				= 13B1, L: RIVER
I_92				= 13A8, L: RIVER
I_93				= 13F5, L: RIVER
I_94				= 1418, L: RIVER
I_95				= 140B, L: RIVER
I_96				= 1430, L: RIVER
I_97				= 145C, L: RIVER
I_98				= 144F, L: RIVER
I_99				= 14AA, L: RIVER
LINELOOP			= 2135, L: SET_BKG_MAP
LOADPALETTE			= 1F57, L: LOAD_PALETTE
LOADTILES			= 1F7C, L: LOAD_TILES
LOAD_PALETTE			= 1F49, G: LOAD_PALETTE
LOAD_TILES			= 1F63, G: LOAD_TILES
LOOP				= 21AA, L: GET_VCOUNT
LOOP				= 219E, L: WAIT_VBLANK_NOINT
LOOP				= 214F, L: DRAWONELINE
L_AND				= 1FD2, G: L_AND
L_ASL				= 1FD9, G: L_ASL
L_ASL1				= 1FDA, L: L_ASL
L_ASR				= 1FDF, G: L_ASR
L_ASR1				= 1FE0, L: L_ASR
L_CMP				= 2077, G: L_CMP
L_COM				= 1E4A, G: L_COM
L_DCAL				= 012B, G: SMS_CRT0
L_DIV				= 1FEA, G: L_DIV
L_DIV0				= 1FFA, L: L_DIV
L_DIV01				= 2009, L: L_DIV
L_DIV1				= 204B, L: L_DIV_U
L_DIV1				= 2017, L: L_DIV
L_DIV2				= 2058, L: L_DIV_U
L_DIV2				= 2024, L: L_DIV
L_DIV_U				= 203F, G: L_DIV_U
L_EQ				= 2064, G: L_EQ
L_GCHAR				= 206C, G: L_GCHAR
L_GE				= 2072, G: L_GE
L_GINT				= 2083, G: L_GINT
L_GT				= 2088, G: L_GT
L_LE				= 208E, G: L_LE
L_LNEG				= 2096, G: L_LNEG
L_LNEG1				= 209E, L: L_LNEG
L_LT				= 20A1, G: L_LT
L_NE				= 20A6, G: L_NE
L_NEG				= 1E45, G: L_NEG
L_PINT				= 20AD, G: L_PINT
L_SXT				= 20B3, G: L_SXT
L_SXT				= 206D, L: L_GCHAR
MEMCPY				= 20B8, G: MEMCPY
NOTCARRY			= 2141, L: SET_BKG_MAP
RAND				= 20D1, G: RAND
READ_JOYPAD1			= 20F1, G: READ_JOYPAD1
SCROLL_BKG			= 20F8, G: SCROLL_BKG
SET_BKG_MAP			= 210D, G: SET_BKG_MAP
SET_SPRITE			= 2168, G: SET_SPRITE
SET_VDP_REG			= 2191, G: SET_VDP_REG
SKIP1				= 1EC1, L: APLIB_DEPACK
SKIP2				= 1EC8, L: APLIB_DEPACK
SKIP3				= 1ED0, L: APLIB_DEPACK
START				= 0100, L: SMS_CRT0
VRAMTOHL			= 215D, G: VRAMTOHL
WAIT_VBLANK_NOINT		= 219E, G: WAIT_VBLANK_NOINT
_BLANKLOOP			= 1FB7, L: LOAD_TILES
_BUILD_TERRAIN_ROAD_SLICE	= 0759, G: RIVER
_BUILD_TERRAIN_SLICE		= 04CD, G: RIVER
_CHECK_PLAYER_TERRAIN_COLLISION	= 1671, G: RIVER
_DATA				= 013A, L: SMS_CRT0
_DATALOOP			= 1FAB, L: LOAD_TILES
_DOT_TERRAIN_COLLISION		= 14B2, G: RIVER
_DRAW_ACTOR			= 125E, G: RIVER
_DRAW_ENEMIES			= 141B, G: RIVER
_DRAW_FULL_TERRAIN		= 0E86, G: RIVER
_DRAW_L_MARGIN			= 02E3, G: RIVER
_DRAW_NUMBER			= 16EF, G: RIVER
_DRAW_R_MARGIN			= 03D8, G: RIVER
_END				= 014C, L: SMS_CRT0
_FIND_MARGINS			= 0239, G: RIVER
_FROM_FP			= 01A6, G: RIVER
_GENERATE_TERRAIN		= 0E5D, G: RIVER
_GENERATE_TERRAIN_SLICE		= 09E4, G: RIVER
_GENERATE_TERRAIN_SLICE_BANKS	= 082C, G: RIVER
_INIT_TERRAIN			= 08C9, G: RIVER
_IS_INSIDE_MARGINS		= 145F, G: RIVER
_LOAD_MAIN_TILESET		= 0156, G: RIVER
_LOOP				= 1FAA, L: LOAD_TILES
_MAIN				= 17E7, G: RIVER
_MAX				= 01EF, G: RIVER
_MEMSETW			= 01BA, G: RIVER
_MIN				= 0214, G: RIVER
_MOVE_ACTOR			= 11A1, G: RIVER
_MOVE_ENEMIES			= 13E0, G: RIVER
_NOMOREBLANKS			= 1FC5, L: LOAD_TILES
_PAL_SPRITE			= 1E2B, G: RIVER
_PAL_TERRAIN			= 1E1B, G: RIVER
_REFRESH_SCORE			= 1788, G: RIVER
_ROAD_PATTERN			= 014C, G: RIVER
_SCROLL_TERRAIN			= 0F11, G: RIVER
_SPRITE_TILESET_APK		= 1D41, G: RIVER
_TERRAIN_TILESET_APK		= 1B8D, G: RIVER
_TO_FP				= 01B0, G: RIVER
_UPDATE_DRAW_TERRAIN		= 1134, G: RIVER
_VFPRINTF			= 014C, G: SMS_CRT0


FILLER1				= 0015, L: SMS_CRT0
INT_RASTER			= 0038, L: SMS_CRT0
FILLER2				= 004C, L: SMS_CRT0
INT_PAUSE			= 0066, L: SMS_CRT0
INT_HANDLER			= 0073, L: SMS_CRT0
INT_LOOP			= 0076, L: SMS_CRT0
INT_DONE			= 0087, L: SMS_CRT0
CALL_INT_HANDLER		= 008E, L: SMS_CRT0
FILLER3				= 008F, L: SMS_CRT0
START				= 0100, L: SMS_CRT0
CLEANUP				= 0128, G: SMS_CRT0
ENDLOOP				= 0129, L: SMS_CRT0
L_DCAL				= 012B, G: SMS_CRT0
DEFAULTINITIALISEVDP		= 012C, L: SMS_CRT0
_DATA				= 013A, L: SMS_CRT0
_VFPRINTF			= 014C, G: SMS_CRT0
_ROAD_PATTERN			= 014C, G: RIVER
_END				= 014C, L: SMS_CRT0
_LOAD_MAIN_TILESET		= 0156, G: RIVER
_FROM_FP			= 01A6, G: RIVER
_TO_FP				= 01B0, G: RIVER
_MEMSETW			= 01BA, G: RIVER
I_4				= 01BD, L: RIVER
I_6				= 01E5, L: RIVER
I_5				= 01EE, L: RIVER
_MAX				= 01EF, G: RIVER
I_7				= 020F, L: RIVER
I_8				= 0213, L: RIVER
_MIN				= 0214, G: RIVER
I_9				= 0234, L: RIVER
I_10				= 0238, L: RIVER
_FIND_MARGINS			= 0239, G: RIVER
_DRAW_L_MARGIN			= 02E3, G: RIVER
I_13				= 0361, L: RIVER
I_14				= 037F, L: RIVER
I_12				= 0382, L: RIVER
I_16				= 03AC, L: RIVER
I_15				= 03CA, L: RIVER
I_17				= 03CA, L: RIVER
I_11				= 03CD, L: RIVER
I_18				= 03D6, L: RIVER
_DRAW_R_MARGIN			= 03D8, G: RIVER
I_21				= 0456, L: RIVER
I_22				= 0474, L: RIVER
I_20				= 0477, L: RIVER
I_24				= 04A1, L: RIVER
I_23				= 04BF, L: RIVER
I_25				= 04BF, L: RIVER
I_19				= 04C2, L: RIVER
I_26				= 04CB, L: RIVER
_BUILD_TERRAIN_SLICE		= 04CD, G: RIVER
I_27				= 05B2, L: RIVER
I_28				= 05C6, L: RIVER
I_29				= 069B, L: RIVER
I_30				= 0753, L: RIVER
_BUILD_TERRAIN_ROAD_SLICE	= 0759, G: RIVER
_GENERATE_TERRAIN_SLICE_BANKS	= 082C, G: RIVER
_INIT_TERRAIN			= 08C9, G: RIVER
I_31				= 0949, L: RIVER
I_33				= 097E, L: RIVER
I_32				= 098F, L: RIVER
I_34				= 09AE, L: RIVER
I_36				= 09CF, L: RIVER
I_35				= 09E0, L: RIVER
_GENERATE_TERRAIN_SLICE		= 09E4, G: RIVER
I_38				= 0A66, L: RIVER
I_39				= 0AA6, L: RIVER
I_40				= 0AA6, L: RIVER
I_41				= 0AD2, L: RIVER
I_37				= 0AD5, L: RIVER
I_43				= 0B35, L: RIVER
I_45				= 0B6E, L: RIVER
I_44				= 0B6E, L: RIVER
I_47				= 0BD5, L: RIVER
I_49				= 0BFE, L: RIVER
I_46				= 0BFE, L: RIVER
I_48				= 0BFE, L: RIVER
I_51				= 0C5C, L: RIVER
I_53				= 0C85, L: RIVER
I_50				= 0C85, L: RIVER
I_52				= 0C85, L: RIVER
I_42				= 0C85, L: RIVER
I_56				= 0D02, L: RIVER
I_57				= 0D72, L: RIVER
I_58				= 0D89, L: RIVER
I_59				= 0DEA, L: RIVER
I_60				= 0E2C, L: RIVER
I_54				= 0E2C, L: RIVER
I_55				= 0E2C, L: RIVER
_GENERATE_TERRAIN		= 0E5D, G: RIVER
I_61				= 0E64, L: RIVER
I_63				= 0E78, L: RIVER
I_62				= 0E84, L: RIVER
_DRAW_FULL_TERRAIN		= 0E86, G: RIVER
I_64				= 0EA3, L: RIVER
I_66				= 0EFD, L: RIVER
I_65				= 0F0E, L: RIVER
_SCROLL_TERRAIN			= 0F11, G: RIVER
I_67				= 0F5E, L: RIVER
I_68				= 0FEA, L: RIVER
I_69				= 0FEA, L: RIVER
I_72				= 102E, L: RIVER
I_73_I_72			= 1031, L: RIVER
I_71				= 1085, L: RIVER
I_70				= 10BD, L: RIVER
I_74				= 10BD, L: RIVER
I_75				= 10D6, L: RIVER
I_78				= 1109, L: RIVER
I_77				= 1120, L: RIVER
I_76				= 1130, L: RIVER
_UPDATE_DRAW_TERRAIN		= 1134, G: RIVER
I_79				= 1183, L: RIVER
_MOVE_ACTOR			= 11A1, G: RIVER
I_80				= 1220, L: RIVER
I_82				= 125D, L: RIVER
I_81				= 125D, L: RIVER
_DRAW_ACTOR			= 125E, G: RIVER
I_83				= 127D, L: RIVER
I_85				= 12CD, L: RIVER
I_84				= 12D3, L: RIVER
I_87				= 1336, L: RIVER
I_90				= 1354, L: RIVER
I_92				= 13A8, L: RIVER
I_91				= 13B1, L: RIVER
I_89				= 13CE, L: RIVER
I_88				= 13DA, L: RIVER
_MOVE_ENEMIES			= 13E0, G: RIVER
I_93				= 13F5, L: RIVER
I_95				= 140B, L: RIVER
I_94				= 1418, L: RIVER
_DRAW_ENEMIES			= 141B, G: RIVER
I_96				= 1430, L: RIVER
I_98				= 144F, L: RIVER
I_97				= 145C, L: RIVER
_IS_INSIDE_MARGINS		= 145F, G: RIVER
I_99				= 14AA, L: RIVER
I_100				= 14AD, L: RIVER
_DOT_TERRAIN_COLLISION		= 14B2, G: RIVER
I_101				= 152E, L: RIVER
I_103				= 15E3, L: RIVER
I_104				= 15E6, L: RIVER
I_102				= 15F2, L: RIVER
I_105				= 1662, L: RIVER
_CHECK_PLAYER_TERRAIN_COLLISION	= 1671, G: RIVER
I_107				= 16D5, L: RIVER
I_108				= 16D8, L: RIVER
I_106				= 16E6, L: RIVER
_DRAW_NUMBER			= 16EF, G: RIVER
I_111				= 1719, L: RIVER
I_109				= 1752, L: RIVER
I_110				= 175E, L: RIVER
_REFRESH_SCORE			= 1788, G: RIVER
I_112				= 17E6, L: RIVER
_MAIN				= 17E7, G: RIVER
I_113				= 181E, L: RIVER
I_115				= 1844, L: RIVER
I_114				= 1854, L: RIVER
I_116				= 190D, L: RIVER
I_119				= 193B, L: RIVER
I_120				= 195D, L: RIVER
I_122				= 198D, L: RIVER
I_121				= 1990, L: RIVER
I_125				= 19C0, L: RIVER
I_124				= 19C3, L: RIVER
I_127				= 19E4, L: RIVER
I_129				= 1A02, L: RIVER
I_128				= 1A02, L: RIVER
I_126				= 1A02, L: RIVER
I_123				= 1A02, L: RIVER
I_130				= 1A3C, L: RIVER
I_131				= 1A8C, L: RIVER
I_133				= 1B31, L: RIVER
I_135				= 1B57, L: RIVER
I_132				= 1B67, L: RIVER
I_134				= 1B67, L: RIVER
I_118				= 1B84, L: RIVER
I_117				= 1B87, L: RIVER
_TERRAIN_TILESET_APK		= 1B8D, G: RIVER
_SPRITE_TILESET_APK		= 1D41, G: RIVER
_PAL_TERRAIN			= 1E1B, G: RIVER
_PAL_SPRITE			= 1E2B, G: RIVER
ABS				= 1E3B, G: ABS
L_NEG				= 1E45, G: L_NEG
L_COM				= 1E4A, G: L_COM
APLIB_DEPACK			= 1E51, G: APLIB_DEPACK
AP_GETBIT			= 1E60, L: APLIB_DEPACK
AP_GETBIT_CONTINUE		= 1E6B, L: APLIB_DEPACK
AP_GETBITBC			= 1E73, L: APLIB_DEPACK
AP_GETGAMMA			= 1E7D, L: APLIB_DEPACK
AP_GETGAMMALOOP			= 1E80, L: APLIB_DEPACK
APBRANCH2			= 1E89, L: APLIB_DEPACK
AP_NOT_ZERO_GAMMA		= 1EAB, L: APLIB_DEPACK
AP_NOT_LWM			= 1EAC, L: APLIB_DEPACK
SKIP1				= 1EC1, L: APLIB_DEPACK
SKIP2				= 1EC8, L: APLIB_DEPACK
SKIP3				= 1ED0, L: APLIB_DEPACK
AP_FINISHUP			= 1ED9, L: APLIB_DEPACK
APBRANCH1			= 1EE0, L: APLIB_DEPACK
DEPACK				= 1EE8, L: APLIB_DEPACK
APLOOP				= 1EF2, L: APLIB_DEPACK
APBRANCH4			= 1F1C, L: APLIB_DEPACK
APBRANCH3			= 1F27, L: APLIB_DEPACK
AP_DONT_INC_B			= 1F31, L: APLIB_DEPACK
LOAD_PALETTE			= 1F49, G: LOAD_PALETTE
LOADPALETTE			= 1F57, L: LOAD_PALETTE
LOAD_TILES			= 1F63, G: LOAD_TILES
LOADTILES			= 1F7C, L: LOAD_TILES
_LOOP				= 1FAA, L: LOAD_TILES
_DATALOOP			= 1FAB, L: LOAD_TILES
_BLANKLOOP			= 1FB7, L: LOAD_TILES
_NOMOREBLANKS			= 1FC5, L: LOAD_TILES
L_AND				= 1FD2, G: L_AND
L_ASL				= 1FD9, G: L_ASL
L_ASL1				= 1FDA, L: L_ASL
L_ASR				= 1FDF, G: L_ASR
L_ASR1				= 1FE0, L: L_ASR
L_DIV				= 1FEA, G: L_DIV
L_DIV0				= 1FFA, L: L_DIV
L_DIV01				= 2009, L: L_DIV
L_DIV1				= 2017, L: L_DIV
L_DIV2				= 2024, L: L_DIV
DOSIGN				= 2035, L: L_DIV
L_DIV_U				= 203F, G: L_DIV_U
L_DIV1				= 204B, L: L_DIV_U
L_DIV2				= 2058, L: L_DIV_U
L_EQ				= 2064, G: L_EQ
L_GCHAR				= 206C, G: L_GCHAR
L_SXT				= 206D, L: L_GCHAR
L_GE				= 2072, G: L_GE
L_CMP				= 2077, G: L_CMP
L_GINT				= 2083, G: L_GINT
L_GT				= 2088, G: L_GT
L_LE				= 208E, G: L_LE
L_LNEG				= 2096, G: L_LNEG
L_LNEG1				= 209E, L: L_LNEG
L_LT				= 20A1, G: L_LT
L_NE				= 20A6, G: L_NE
L_PINT				= 20AD, G: L_PINT
L_SXT				= 20B3, G: L_SXT
MEMCPY				= 20B8, G: MEMCPY
RAND				= 20D1, G: RAND
READ_JOYPAD1			= 20F1, G: READ_JOYPAD1
SCROLL_BKG			= 20F8, G: SCROLL_BKG
SET_BKG_MAP			= 210D, G: SET_BKG_MAP
LINELOOP			= 2135, L: SET_BKG_MAP
NOTCARRY			= 2141, L: SET_BKG_MAP
DRAWONELINE			= 2147, G: DRAWONELINE
LOOP				= 214F, L: DRAWONELINE
VRAMTOHL			= 215D, G: VRAMTOHL
SET_SPRITE			= 2168, G: SET_SPRITE
SET_VDP_REG			= 2191, G: SET_VDP_REG
WAIT_VBLANK_NOINT		= 219E, G: WAIT_VBLANK_NOINT
LOOP				= 219E, L: WAIT_VBLANK_NOINT
GET_VCOUNT			= 21A8, G: GET_VCOUNT
LOOP				= 21AA, L: GET_VCOUNT
