CALL_INT_HANDLER		= 008E, L: SMS_CRT0
CLEANUP				= 0128, G: SMS_CRT0
DEFAULTINITIALISEVDP		= 012C, L: SMS_CRT0
DOSIGN				= 244B, L: L_DIV
ENDLOOP				= 0129, L: SMS_CRT0
FILLER1				= 0015, L: SMS_CRT0
FILLER2				= 0055, L: SMS_CRT0
FILLER3				= 008F, L: SMS_CRT0
FPUTC_CONS			= 24C8, G: FPUTC_CONS
INT_DONE			= 0087, L: SMS_CRT0
INT_HANDLER			= 0073, L: SMS_CRT0
INT_LOOP			= 0076, L: SMS_CRT0
INT_NOT_VBL			= 0042, L: SMS_CRT0
INT_PAUSE			= 0066, L: SMS_CRT0
INT_RASTER			= 0038, L: SMS_CRT0
INT_VBL				= 0045, L: SMS_CRT0
ISDIGIT				= 23D3, G: ISDIGIT
I_1				= 2025, L: RDT_ITFC
I_1				= 1E72, L: RDT_FNCI
I_1				= 1E3F, L: RDT_VM
I_1				= 1C58, L: RDT_CONS
I_10				= 20AB, L: MFS
I_10				= 17DB, L: RDT_CONS
I_10				= 03CE, L: RDT_INTR
I_10				= 0258, L: RDT_FUNC
I_100				= 0E58, L: RDT_INTR
I_101				= 0E79, L: RDT_INTR
I_102				= 0E8D, L: RDT_INTR
I_103				= 0EC6, L: RDT_INTR
I_104				= 0F05, L: RDT_INTR
I_105				= 0F08, L: RDT_INTR
I_106				= 105A, L: RDT_INTR
I_107				= 0F69, L: RDT_INTR
I_108_I_107			= 0F6C, L: RDT_INTR
I_109				= 1046, L: RDT_INTR
I_11				= 2088, L: MFS
I_11				= 1803, L: RDT_CONS
I_11				= 0392, L: RDT_INTR
I_110				= 1032, L: RDT_INTR
I_111				= 1043, L: RDT_INTR
I_112				= 1057, L: RDT_INTR
I_113				= 106B, L: RDT_INTR
I_114				= 106E, L: RDT_INTR
I_115				= 10B2, L: RDT_INTR
I_116				= 116D, L: RDT_INTR
I_117				= 1180, L: RDT_INTR
I_118				= 10F1, L: RDT_INTR
I_12				= 20A5, L: MFS
I_12				= 17F6, L: RDT_CONS
I_12				= 03B9, L: RDT_INTR
I_120				= 116D, L: RDT_INTR
I_121				= 1129, L: RDT_INTR
I_122				= 113D, L: RDT_INTR
I_123				= 1155, L: RDT_INTR
I_124				= 116D, L: RDT_INTR
I_125				= 12DA, L: RDT_INTR
I_126				= 12ED, L: RDT_INTR
I_127				= 120A, L: RDT_INTR
I_128				= 123D, L: RDT_INTR
I_129				= 12DA, L: RDT_INTR
I_13				= 1832, L: RDT_CONS
I_13				= 044B, L: RDT_INTR
I_130				= 1276, L: RDT_INTR
I_131				= 12DA, L: RDT_INTR
I_132				= 12A6, L: RDT_INTR
I_133				= 12DA, L: RDT_INTR
I_134				= 12DA, L: RDT_INTR
I_135				= 12F0, L: RDT_INTR
I_136				= 12F0, L: RDT_INTR
I_137				= 12FF, L: RDT_INTR
I_138				= 132A, L: RDT_INTR
I_139				= 1343, L: RDT_INTR
I_13_I_12			= 20A8, L: MFS
I_14				= 20AE, L: MFS
I_14				= 187B, L: RDT_CONS
I_14				= 0452, L: RDT_INTR
I_140				= 135C, L: RDT_INTR
I_141				= 136B, L: RDT_INTR
I_142				= 137F, L: RDT_INTR
I_143				= 13BD, L: RDT_INTR
I_144				= 13C0, L: RDT_INTR
I_145				= 13E6, L: RDT_INTR
I_146				= 1466, L: RDT_INTR
I_147				= 1415, L: RDT_INTR
I_148_I_147			= 1418, L: RDT_INTR
I_149				= 1463, L: RDT_INTR
I_15				= 20E3, L: MFS
I_15				= 1863, L: RDT_CONS
I_15				= 03D3, L: RDT_INTR
I_150				= 16B1, L: RDT_INTR
I_151				= 16C9, L: RDT_INTR
I_152				= 148C, L: RDT_INTR
I_153				= 167D, L: RDT_INTR
I_155				= 1665, L: RDT_INTR
I_156				= 14CA, L: RDT_INTR
I_157				= 14F1, L: RDT_INTR
I_158				= 1503, L: RDT_INTR
I_159				= 1515, L: RDT_INTR
I_16				= 20D3, L: MFS
I_16				= 18C1, L: RDT_CONS
I_16				= 0406, L: RDT_INTR
I_160				= 1527, L: RDT_INTR
I_161				= 1539, L: RDT_INTR
I_162				= 154B, L: RDT_INTR
I_163				= 155D, L: RDT_INTR
I_164				= 15A2, L: RDT_INTR
I_165				= 15C0, L: RDT_INTR
I_166				= 1622, L: RDT_INTR
I_167				= 1648, L: RDT_INTR
I_168				= 164B, L: RDT_INTR
I_169				= 16B1, L: RDT_INTR
I_17				= 20E6, L: MFS
I_17				= 192C, L: RDT_CONS
I_17				= 044B, L: RDT_INTR
I_170				= 16B1, L: RDT_INTR
I_18				= 212F, L: MFS
I_18				= 1914, L: RDT_CONS
I_18				= 042A, L: RDT_INTR
I_19				= 211F, L: MFS
I_19				= 044B, L: RDT_INTR
I_20				= 2132, L: MFS
I_20				= 1AD8, L: RDT_CONS
I_20				= 044B, L: RDT_INTR
I_21				= 2167, L: MFS
I_21				= 197F, L: RDT_CONS
I_21				= 04ED, L: RDT_INTR
I_22				= 2157, L: MFS
I_22				= 19BB, L: RDT_CONS
I_22				= 04F4, L: RDT_INTR
I_23				= 21B4, L: MFS
I_23				= 19CF, L: RDT_CONS
I_23				= 0458, L: RDT_INTR
I_24				= 2277, L: MFS
I_24				= 19E3, L: RDT_CONS
I_24				= 048B, L: RDT_INTR
I_25				= 21FD, L: MFS
I_25				= 19F7, L: RDT_CONS
I_25				= 04ED, L: RDT_INTR
I_26				= 2249, L: MFS
I_26				= 1A0B, L: RDT_CONS
I_26				= 04AF, L: RDT_INTR
I_27				= 2274, L: MFS
I_27				= 1A1F, L: RDT_CONS
I_27				= 04ED, L: RDT_INTR
I_28				= 226B, L: MFS
I_28				= 1A33, L: RDT_CONS
I_28				= 04ED, L: RDT_INTR
I_29				= 2274, L: MFS
I_29				= 1A47, L: RDT_CONS
I_29				= 04E9, L: RDT_INTR
I_3				= 2DF4, L: STRUPR
I_3				= 1E36, L: RDT_VM
I_3				= 1701, L: RDT_CONS
I_3				= 02BE, L: RDT_INTR
I_3				= 016E, L: RDT_FUNC
I_30				= 22A1, L: MFS
I_30				= 1A5B, L: RDT_CONS
I_31				= 22AA, L: MFS
I_31				= 1A6F, L: RDT_CONS
I_31				= 05BE, L: RDT_INTR
I_32				= 1A83, L: RDT_CONS
I_32				= 05CF, L: RDT_INTR
I_33				= 1AB3, L: RDT_CONS
I_33				= 065D, L: RDT_INTR
I_34				= 1AC7, L: RDT_CONS
I_34				= 066B, L: RDT_INTR
I_35				= 1B10, L: RDT_CONS
I_35				= 0682, L: RDT_INTR
I_36				= 1B31, L: RDT_CONS
I_36				= 06CB, L: RDT_INTR
I_37				= 1B27, L: RDT_CONS
I_37				= 06B6, L: RDT_INTR
I_38				= 1B74, L: RDT_CONS
I_38				= 07A5, L: RDT_INTR
I_39				= 1C27, L: RDT_CONS
I_39				= 07C7, L: RDT_INTR
I_4				= 2E0C, L: STRUPR
I_4				= 1F57, L: RDT_ITFC
I_4				= 17BC, L: RDT_CONS
I_4				= 02CC, L: RDT_INTR
I_4				= 0213, L: RDT_FUNC
I_40				= 1BB4, L: RDT_CONS
I_40				= 06DA, L: RDT_INTR
I_41				= 1BF0, L: RDT_CONS
I_41				= 07A5, L: RDT_INTR
I_42				= 1BE9, L: RDT_CONS
I_42				= 0719, L: RDT_INTR
I_43				= 1C19, L: RDT_CONS
I_43_I_42			= 071C, L: RDT_INTR
I_44				= 07A5, L: RDT_INTR
I_45				= 0771, L: RDT_INTR
I_46_I_45			= 0774, L: RDT_INTR
I_47				= 1390, L: RDT_INTR
I_48				= 13C6, L: RDT_INTR
I_49				= 082F, L: RDT_INTR
I_5				= 1FED, L: RDT_ITFC
I_5				= 179C, L: RDT_CONS
I_5				= 0321, L: RDT_INTR
I_5				= 01E6, L: RDT_FUNC
I_50				= 0853, L: RDT_INTR
I_51				= 0882, L: RDT_INTR
I_52				= 0916, L: RDT_INTR
I_53				= 089F, L: RDT_INTR
I_54				= 08EE, L: RDT_INTR
I_55				= 08C6, L: RDT_INTR
I_56				= 1390, L: RDT_INTR
I_57				= 097C, L: RDT_INTR
I_58				= 0945, L: RDT_INTR
I_59_I_58			= 0948, L: RDT_INTR
I_6				= 1779, L: RDT_CONS
I_6				= 0332, L: RDT_INTR
I_6				= 0210, L: RDT_FUNC
I_60				= 1390, L: RDT_INTR
I_61				= 09E2, L: RDT_INTR
I_62				= 09AB, L: RDT_INTR
I_63_I_62			= 09AE, L: RDT_INTR
I_64				= 1390, L: RDT_INTR
I_66				= 1390, L: RDT_INTR
I_67				= 09F0, L: RDT_INTR
I_68				= 0A8F, L: RDT_INTR
I_69				= 0A92, L: RDT_INTR
I_7				= 174E, L: RDT_CONS
I_7				= 037F, L: RDT_INTR
I_7				= 0201, L: RDT_FUNC
I_70				= 0AB2, L: RDT_INTR
I_71				= 0ADE, L: RDT_INTR
I_72				= 0B15, L: RDT_INTR
I_73				= 0B43, L: RDT_INTR
I_74				= 0B7E, L: RDT_INTR
I_75				= 0B8F, L: RDT_INTR
I_76				= 0B92, L: RDT_INTR
I_77				= 0BCE, L: RDT_INTR
I_78				= 0BDF, L: RDT_INTR
I_79				= 0BE2, L: RDT_INTR
I_8				= 0390, L: RDT_INTR
I_8				= 0210, L: RDT_FUNC
I_80				= 0C44, L: RDT_INTR
I_81				= 0C77, L: RDT_INTR
I_82				= 0C7A, L: RDT_INTR
I_83				= 0CBF, L: RDT_INTR
I_84				= 0CEE, L: RDT_INTR
I_85				= 0CF1, L: RDT_INTR
I_86				= 0D00, L: RDT_INTR
I_87				= 0D35, L: RDT_INTR
I_88				= 0D64, L: RDT_INTR
I_89				= 0D9A, L: RDT_INTR
I_8_I_7				= 1751, L: RDT_CONS
I_9				= 204F, L: MFS
I_9				= 178E, L: RDT_CONS
I_9				= 03B9, L: RDT_INTR
I_9				= 0247, L: RDT_FUNC
I_90				= 0D9D, L: RDT_INTR
I_91				= 0DA6, L: RDT_INTR
I_92				= 0DD4, L: RDT_INTR
I_93				= 0DD7, L: RDT_INTR
I_94				= 0DE0, L: RDT_INTR
I_95				= 0E16, L: RDT_INTR
I_96				= 0E19, L: RDT_INTR
I_97				= 0E22, L: RDT_INTR
I_98				= 0E52, L: RDT_INTR
I_99				= 0E55, L: RDT_INTR
LOADPALETTE			= 252B, L: LOAD_PALETTE
LOADTILES			= 2550, L: LOAD_TILES
LOAD_PALETTE			= 251D, G: LOAD_PALETTE
LOAD_TILES			= 2537, G: LOAD_TILES
LOOP				= 2E36, L: STRNCMP
L_AND				= 2E15, G: L_AND
L_ASL				= 23E3, G: L_ASL
L_ASL1				= 23E4, L: L_ASL
L_ASR				= 2380, G: L_ASR
L_ASR1				= 2381, L: L_ASR
L_ASR_U				= 2E1C, G: L_ASR_U
L_ASR_U_1			= 2E1D, L: L_ASR_U
L_CASE				= 23E9, G: L_CASE
L_CMP				= 23A2, G: L_CMP
L_COM				= 2491, G: L_COM
L_DCAL				= 012B, G: SMS_CRT0
L_DIV				= 2400, G: L_DIV
L_DIV0				= 2410, L: L_DIV
L_DIV01				= 241F, L: L_DIV
L_DIV1				= 242D, L: L_DIV
L_DIV2				= 243A, L: L_DIV
L_EQ				= 2455, G: L_EQ
L_GCHAR				= 245D, G: L_GCHAR
L_GE				= 2463, G: L_GE
L_GINT				= 238B, G: L_GINT
L_GT				= 2468, G: L_GT
L_LE				= 246E, G: L_LE
L_LNEG				= 2390, G: L_LNEG
L_LNEG1				= 2398, L: L_LNEG
L_LT				= 2476, G: L_LT
L_MULT				= 247B, G: L_MULT
L_MULT1				= 2482, L: L_MULT
L_MULT2				= 2489, L: L_MULT
L_NE				= 239B, G: L_NE
L_NEG				= 248C, G: L_NEG
L_OR				= 2498, G: L_OR
L_PINT				= 23AE, G: L_PINT
L_SXT				= 249F, G: L_SXT
L_SXT				= 245E, L: L_GCHAR
NOCLS				= 24FD, L: FPUTC_CONS
NOCRLF				= 24F9, L: FPUTC_CONS
OUTTAHERE			= 2E48, L: STRNCMP
SETZERO				= 2E44, L: STRNCMP
SET_VDP_REG			= 25A6, G: SET_VDP_REG
STANDARD_FONT			= 25B3, G: STANDARD_FONT
START				= 0100, L: SMS_CRT0
STRCAT				= 2DB3, G: STRCAT
STRCAT1				= 2DBC, L: STRCAT
STRCAT2				= 2DCB, L: STRCAT
STRCMP				= 23B4, G: STRCMP
STRCMP1				= 23C0, L: STRCMP
STRCMP2				= 23CC, L: STRCMP
STRCPY				= 2DD6, G: STRCPY
STRCPY1				= 2DE4, L: STRCPY
STRNCMP				= 2E26, G: STRNCMP
STRUPR				= 2DEF, G: STRUPR
SWEND				= 23FF, L: L_CASE
SWLOOP				= 23EB, L: L_CASE
TOLOWER				= 24A4, G: TOLOWER
TOUPPER				= 24B6, G: TOUPPER
VRAMTOHL			= 2512, G: VRAMTOHL
_BLANKLOOP			= 258B, L: LOAD_TILES
_DATA				= 013A, L: SMS_CRT0
_DATALOOP			= 257F, L: LOAD_TILES
_END				= 014C, L: SMS_CRT0
_EXTENDED_FUNCTION_COUNT	= 1E70, G: RDT_FNCI
_FUNCTION_NAMES			= 1E68, G: RDT_FNCI
_FUNCTION_POINTERS		= 1E6C, G: RDT_FNCI
_LOOP				= 257E, L: LOAD_TILES
_MAIN				= 1DE0, G: RDT_VM
_MFS_DECODE_ENTRY		= 22B0, G: MFS
_MFS_FETCH			= 2327, G: MFS
_MFS_FETCH_FILE			= 2347, G: MFS
_MFS_FIND_DIR_ENTRY		= 2169, G: MFS
_MFS_STR_TO_FNAME		= 2042, G: MFS
_NOMOREBLANKS			= 2599, L: LOAD_TILES
_PAGE0_ADDR			= 203C, G: MFS
_PAGE0_BANK			= 2036, G: MFS
_PAGE1_ADDR			= 203E, G: MFS
_PAGE1_BANK			= 2038, G: MFS
_PAGE2_ADDR			= 2040, G: MFS
_PAGE2_BANK			= 203A, G: MFS
_PAL1				= 1E91, G: RDT_ITFC
_RDT_DISPLAY_CHAR		= 1B33, G: RDT_CONS
_RDT_DISPLAY_ENVYRO		= 16CB, G: RDT_CONS
_RDT_DISPLAY_ERROR		= 1818, G: RDT_CONS
_RDT_DISPLAY_INT		= 1B49, G: RDT_CONS
_RDT_DISPLAY_STR		= 1B05, G: RDT_CONS
_RDT_EXECUTE_FUNCTION		= 021C, G: RDT_FUNC
_RDT_FIND_FUNCTION		= 014C, G: RDT_FUNC
_RDT_FUNC_ABOUT			= 1E44, G: RDT_FNCI
_RDT_FUNC_OK			= 1E56, G: RDT_FNCI
_RDT_GET_PROGCHAR		= 025A, G: RDT_INTR
_RDT_INPUT_CHAR			= 1C40, G: RDT_CONS
_RDT_INPUT_INT			= 1C4E, G: RDT_CONS
_RDT_INTERFACE_CLRIMG		= 200A, G: RDT_ITFC
_RDT_INTERFACE_CLRTXT		= 200C, G: RDT_ITFC
_RDT_INTERFACE_GETH		= 2014, G: RDT_ITFC
_RDT_INTERFACE_GETW		= 2010, G: RDT_ITFC
_RDT_INTERFACE_GETX		= 200E, G: RDT_ITFC
_RDT_INTERFACE_GETY		= 200F, G: RDT_ITFC
_RDT_INTERFACE_GOTOXY		= 200D, G: RDT_ITFC
_RDT_INTERFACE_INIT		= 1EA1, G: RDT_ITFC
_RDT_INTERFACE_INPUTCHAR	= 2022, G: RDT_ITFC
_RDT_INTERFACE_INPUTCURSOR	= 2024, G: RDT_ITFC
_RDT_INTERFACE_INPUTINT		= 2023, G: RDT_ITFC
_RDT_INTERFACE_LOADPROG		= 1EE7, G: RDT_ITFC
_RDT_INTERFACE_OUTPUTCHAR	= 2015, G: RDT_ITFC
_RDT_INTERFACE_RUNPROG		= 1FA2, G: RDT_ITFC
_RDT_INTERFACE_SETAUTOPAUSE	= 2008, G: RDT_ITFC
_RDT_INTERFACE_SETAUTOSCROLL	= 2009, G: RDT_ITFC
_RDT_INTERFACE_SETIMG		= 200B, G: RDT_ITFC
_RDT_INTERFACE_SETSCREENMODE	= 2006, G: RDT_ITFC
_RDT_INTERFACE_SETWRAP		= 2007, G: RDT_ITFC
_RDT_INTERPRET			= 07C8, G: RDT_INTR
_RDT_MAKEDEFTABLE		= 066C, G: RDT_INTR
_RDT_POP			= 0333, G: RDT_INTR
_RDT_POPENV			= 05D0, G: RDT_INTR
_RDT_PROCESS_AMP		= 13C8, G: RDT_INTR
_RDT_PROCESS_STRING		= 148B, G: RDT_INTR
_RDT_PUSH			= 02CD, G: RDT_INTR
_RDT_PUSHENV			= 04F6, G: RDT_INTR
_RDT_SKIP			= 03CF, G: RDT_INTR
_RDT_SKIP2			= 0454, G: RDT_INTR
_RDT_SKIPSTRING			= 0392, G: RDT_INTR
_VFPRINTF			= 014C, G: SMS_CRT0


FILLER1				= 0015, L: SMS_CRT0
INT_RASTER			= 0038, L: SMS_CRT0
INT_NOT_VBL			= 0042, L: SMS_CRT0
INT_VBL				= 0045, L: SMS_CRT0
FILLER2				= 0055, L: SMS_CRT0
INT_PAUSE			= 0066, L: SMS_CRT0
INT_HANDLER			= 0073, L: SMS_CRT0
INT_LOOP			= 0076, L: SMS_CRT0
INT_DONE			= 0087, L: SMS_CRT0
CALL_INT_HANDLER		= 008E, L: SMS_CRT0
FILLER3				= 008F, L: SMS_CRT0
START				= 0100, L: SMS_CRT0
CLEANUP				= 0128, G: SMS_CRT0
ENDLOOP				= 0129, L: SMS_CRT0
L_DCAL				= 012B, G: SMS_CRT0
DEFAULTINITIALISEVDP		= 012C, L: SMS_CRT0
_DATA				= 013A, L: SMS_CRT0
_VFPRINTF			= 014C, G: SMS_CRT0
_RDT_FIND_FUNCTION		= 014C, G: RDT_FUNC
_END				= 014C, L: SMS_CRT0
I_3				= 016E, L: RDT_FUNC
I_5				= 01E6, L: RDT_FUNC
I_7				= 0201, L: RDT_FUNC
I_6				= 0210, L: RDT_FUNC
I_8				= 0210, L: RDT_FUNC
I_4				= 0213, L: RDT_FUNC
_RDT_EXECUTE_FUNCTION		= 021C, G: RDT_FUNC
I_9				= 0247, L: RDT_FUNC
I_10				= 0258, L: RDT_FUNC
_RDT_GET_PROGCHAR		= 025A, G: RDT_INTR
I_3				= 02BE, L: RDT_INTR
I_4				= 02CC, L: RDT_INTR
_RDT_PUSH			= 02CD, G: RDT_INTR
I_5				= 0321, L: RDT_INTR
I_6				= 0332, L: RDT_INTR
_RDT_POP			= 0333, G: RDT_INTR
I_7				= 037F, L: RDT_INTR
I_8				= 0390, L: RDT_INTR
_RDT_SKIPSTRING			= 0392, G: RDT_INTR
I_11				= 0392, L: RDT_INTR
I_9				= 03B9, L: RDT_INTR
I_12				= 03B9, L: RDT_INTR
I_10				= 03CE, L: RDT_INTR
_RDT_SKIP			= 03CF, G: RDT_INTR
I_15				= 03D3, L: RDT_INTR
I_16				= 0406, L: RDT_INTR
I_18				= 042A, L: RDT_INTR
I_19				= 044B, L: RDT_INTR
I_20				= 044B, L: RDT_INTR
I_17				= 044B, L: RDT_INTR
I_13				= 044B, L: RDT_INTR
I_14				= 0452, L: RDT_INTR
_RDT_SKIP2			= 0454, G: RDT_INTR
I_23				= 0458, L: RDT_INTR
I_24				= 048B, L: RDT_INTR
I_26				= 04AF, L: RDT_INTR
I_29				= 04E9, L: RDT_INTR
I_25				= 04ED, L: RDT_INTR
I_27				= 04ED, L: RDT_INTR
I_28				= 04ED, L: RDT_INTR
I_21				= 04ED, L: RDT_INTR
I_22				= 04F4, L: RDT_INTR
_RDT_PUSHENV			= 04F6, G: RDT_INTR
I_31				= 05BE, L: RDT_INTR
I_32				= 05CF, L: RDT_INTR
_RDT_POPENV			= 05D0, G: RDT_INTR
I_33				= 065D, L: RDT_INTR
I_34				= 066B, L: RDT_INTR
_RDT_MAKEDEFTABLE		= 066C, G: RDT_INTR
I_35				= 0682, L: RDT_INTR
I_37				= 06B6, L: RDT_INTR
I_36				= 06CB, L: RDT_INTR
I_40				= 06DA, L: RDT_INTR
I_42				= 0719, L: RDT_INTR
I_43_I_42			= 071C, L: RDT_INTR
I_45				= 0771, L: RDT_INTR
I_46_I_45			= 0774, L: RDT_INTR
I_44				= 07A5, L: RDT_INTR
I_41				= 07A5, L: RDT_INTR
I_38				= 07A5, L: RDT_INTR
I_39				= 07C7, L: RDT_INTR
_RDT_INTERPRET			= 07C8, G: RDT_INTR
I_49				= 082F, L: RDT_INTR
I_50				= 0853, L: RDT_INTR
I_51				= 0882, L: RDT_INTR
I_53				= 089F, L: RDT_INTR
I_55				= 08C6, L: RDT_INTR
I_54				= 08EE, L: RDT_INTR
I_52				= 0916, L: RDT_INTR
I_58				= 0945, L: RDT_INTR
I_59_I_58			= 0948, L: RDT_INTR
I_57				= 097C, L: RDT_INTR
I_62				= 09AB, L: RDT_INTR
I_63_I_62			= 09AE, L: RDT_INTR
I_61				= 09E2, L: RDT_INTR
I_67				= 09F0, L: RDT_INTR
I_68				= 0A8F, L: RDT_INTR
I_69				= 0A92, L: RDT_INTR
I_70				= 0AB2, L: RDT_INTR
I_71				= 0ADE, L: RDT_INTR
I_72				= 0B15, L: RDT_INTR
I_73				= 0B43, L: RDT_INTR
I_74				= 0B7E, L: RDT_INTR
I_75				= 0B8F, L: RDT_INTR
I_76				= 0B92, L: RDT_INTR
I_77				= 0BCE, L: RDT_INTR
I_78				= 0BDF, L: RDT_INTR
I_79				= 0BE2, L: RDT_INTR
I_80				= 0C44, L: RDT_INTR
I_81				= 0C77, L: RDT_INTR
I_82				= 0C7A, L: RDT_INTR
I_83				= 0CBF, L: RDT_INTR
I_84				= 0CEE, L: RDT_INTR
I_85				= 0CF1, L: RDT_INTR
I_86				= 0D00, L: RDT_INTR
I_87				= 0D35, L: RDT_INTR
I_88				= 0D64, L: RDT_INTR
I_89				= 0D9A, L: RDT_INTR
I_90				= 0D9D, L: RDT_INTR
I_91				= 0DA6, L: RDT_INTR
I_92				= 0DD4, L: RDT_INTR
I_93				= 0DD7, L: RDT_INTR
I_94				= 0DE0, L: RDT_INTR
I_95				= 0E16, L: RDT_INTR
I_96				= 0E19, L: RDT_INTR
I_97				= 0E22, L: RDT_INTR
I_98				= 0E52, L: RDT_INTR
I_99				= 0E55, L: RDT_INTR
I_100				= 0E58, L: RDT_INTR
I_101				= 0E79, L: RDT_INTR
I_102				= 0E8D, L: RDT_INTR
I_103				= 0EC6, L: RDT_INTR
I_104				= 0F05, L: RDT_INTR
I_105				= 0F08, L: RDT_INTR
I_107				= 0F69, L: RDT_INTR
I_108_I_107			= 0F6C, L: RDT_INTR
I_110				= 1032, L: RDT_INTR
I_111				= 1043, L: RDT_INTR
I_109				= 1046, L: RDT_INTR
I_112				= 1057, L: RDT_INTR
I_106				= 105A, L: RDT_INTR
I_113				= 106B, L: RDT_INTR
I_114				= 106E, L: RDT_INTR
I_115				= 10B2, L: RDT_INTR
I_118				= 10F1, L: RDT_INTR
I_121				= 1129, L: RDT_INTR
I_122				= 113D, L: RDT_INTR
I_123				= 1155, L: RDT_INTR
I_124				= 116D, L: RDT_INTR
I_120				= 116D, L: RDT_INTR
I_116				= 116D, L: RDT_INTR
I_117				= 1180, L: RDT_INTR
I_127				= 120A, L: RDT_INTR
I_128				= 123D, L: RDT_INTR
I_130				= 1276, L: RDT_INTR
I_132				= 12A6, L: RDT_INTR
I_133				= 12DA, L: RDT_INTR
I_134				= 12DA, L: RDT_INTR
I_131				= 12DA, L: RDT_INTR
I_129				= 12DA, L: RDT_INTR
I_125				= 12DA, L: RDT_INTR
I_126				= 12ED, L: RDT_INTR
I_135				= 12F0, L: RDT_INTR
I_136				= 12F0, L: RDT_INTR
I_137				= 12FF, L: RDT_INTR
I_138				= 132A, L: RDT_INTR
I_139				= 1343, L: RDT_INTR
I_140				= 135C, L: RDT_INTR
I_141				= 136B, L: RDT_INTR
I_142				= 137F, L: RDT_INTR
I_64				= 1390, L: RDT_INTR
I_66				= 1390, L: RDT_INTR
I_60				= 1390, L: RDT_INTR
I_56				= 1390, L: RDT_INTR
I_47				= 1390, L: RDT_INTR
I_143				= 13BD, L: RDT_INTR
I_144				= 13C0, L: RDT_INTR
I_48				= 13C6, L: RDT_INTR
_RDT_PROCESS_AMP		= 13C8, G: RDT_INTR
I_145				= 13E6, L: RDT_INTR
I_147				= 1415, L: RDT_INTR
I_148_I_147			= 1418, L: RDT_INTR
I_149				= 1463, L: RDT_INTR
I_146				= 1466, L: RDT_INTR
_RDT_PROCESS_STRING		= 148B, G: RDT_INTR
I_152				= 148C, L: RDT_INTR
I_156				= 14CA, L: RDT_INTR
I_157				= 14F1, L: RDT_INTR
I_158				= 1503, L: RDT_INTR
I_159				= 1515, L: RDT_INTR
I_160				= 1527, L: RDT_INTR
I_161				= 1539, L: RDT_INTR
I_162				= 154B, L: RDT_INTR
I_163				= 155D, L: RDT_INTR
I_164				= 15A2, L: RDT_INTR
I_165				= 15C0, L: RDT_INTR
I_166				= 1622, L: RDT_INTR
I_167				= 1648, L: RDT_INTR
I_168				= 164B, L: RDT_INTR
I_155				= 1665, L: RDT_INTR
I_153				= 167D, L: RDT_INTR
I_170				= 16B1, L: RDT_INTR
I_169				= 16B1, L: RDT_INTR
I_150				= 16B1, L: RDT_INTR
I_151				= 16C9, L: RDT_INTR
_RDT_DISPLAY_ENVYRO		= 16CB, G: RDT_CONS
I_3				= 1701, L: RDT_CONS
I_7				= 174E, L: RDT_CONS
I_8_I_7				= 1751, L: RDT_CONS
I_6				= 1779, L: RDT_CONS
I_9				= 178E, L: RDT_CONS
I_5				= 179C, L: RDT_CONS
I_4				= 17BC, L: RDT_CONS
I_10				= 17DB, L: RDT_CONS
I_12				= 17F6, L: RDT_CONS
I_11				= 1803, L: RDT_CONS
_RDT_DISPLAY_ERROR		= 1818, G: RDT_CONS
I_13				= 1832, L: RDT_CONS
I_15				= 1863, L: RDT_CONS
I_14				= 187B, L: RDT_CONS
I_16				= 18C1, L: RDT_CONS
I_18				= 1914, L: RDT_CONS
I_17				= 192C, L: RDT_CONS
I_21				= 197F, L: RDT_CONS
I_22				= 19BB, L: RDT_CONS
I_23				= 19CF, L: RDT_CONS
I_24				= 19E3, L: RDT_CONS
I_25				= 19F7, L: RDT_CONS
I_26				= 1A0B, L: RDT_CONS
I_27				= 1A1F, L: RDT_CONS
I_28				= 1A33, L: RDT_CONS
I_29				= 1A47, L: RDT_CONS
I_30				= 1A5B, L: RDT_CONS
I_31				= 1A6F, L: RDT_CONS
I_32				= 1A83, L: RDT_CONS
I_33				= 1AB3, L: RDT_CONS
I_34				= 1AC7, L: RDT_CONS
I_20				= 1AD8, L: RDT_CONS
_RDT_DISPLAY_STR		= 1B05, G: RDT_CONS
I_35				= 1B10, L: RDT_CONS
I_37				= 1B27, L: RDT_CONS
I_36				= 1B31, L: RDT_CONS
_RDT_DISPLAY_CHAR		= 1B33, G: RDT_CONS
_RDT_DISPLAY_INT		= 1B49, G: RDT_CONS
I_38				= 1B74, L: RDT_CONS
I_40				= 1BB4, L: RDT_CONS
I_42				= 1BE9, L: RDT_CONS
I_41				= 1BF0, L: RDT_CONS
I_43				= 1C19, L: RDT_CONS
I_39				= 1C27, L: RDT_CONS
_RDT_INPUT_CHAR			= 1C40, G: RDT_CONS
_RDT_INPUT_INT			= 1C4E, G: RDT_CONS
I_1				= 1C58, L: RDT_CONS
_MAIN				= 1DE0, G: RDT_VM
I_3				= 1E36, L: RDT_VM
I_1				= 1E3F, L: RDT_VM
_RDT_FUNC_ABOUT			= 1E44, G: RDT_FNCI
_RDT_FUNC_OK			= 1E56, G: RDT_FNCI
_FUNCTION_NAMES			= 1E68, G: RDT_FNCI
_FUNCTION_POINTERS		= 1E6C, G: RDT_FNCI
_EXTENDED_FUNCTION_COUNT	= 1E70, G: RDT_FNCI
I_1				= 1E72, L: RDT_FNCI
_PAL1				= 1E91, G: RDT_ITFC
_RDT_INTERFACE_INIT		= 1EA1, G: RDT_ITFC
_RDT_INTERFACE_LOADPROG		= 1EE7, G: RDT_ITFC
I_4				= 1F57, L: RDT_ITFC
_RDT_INTERFACE_RUNPROG		= 1FA2, G: RDT_ITFC
I_5				= 1FED, L: RDT_ITFC
_RDT_INTERFACE_SETSCREENMODE	= 2006, G: RDT_ITFC
_RDT_INTERFACE_SETWRAP		= 2007, G: RDT_ITFC
_RDT_INTERFACE_SETAUTOPAUSE	= 2008, G: RDT_ITFC
_RDT_INTERFACE_SETAUTOSCROLL	= 2009, G: RDT_ITFC
_RDT_INTERFACE_CLRIMG		= 200A, G: RDT_ITFC
_RDT_INTERFACE_SETIMG		= 200B, G: RDT_ITFC
_RDT_INTERFACE_CLRTXT		= 200C, G: RDT_ITFC
_RDT_INTERFACE_GOTOXY		= 200D, G: RDT_ITFC
_RDT_INTERFACE_GETX		= 200E, G: RDT_ITFC
_RDT_INTERFACE_GETY		= 200F, G: RDT_ITFC
_RDT_INTERFACE_GETW		= 2010, G: RDT_ITFC
_RDT_INTERFACE_GETH		= 2014, G: RDT_ITFC
_RDT_INTERFACE_OUTPUTCHAR	= 2015, G: RDT_ITFC
_RDT_INTERFACE_INPUTCHAR	= 2022, G: RDT_ITFC
_RDT_INTERFACE_INPUTINT		= 2023, G: RDT_ITFC
_RDT_INTERFACE_INPUTCURSOR	= 2024, G: RDT_ITFC
I_1				= 2025, L: RDT_ITFC
_PAGE0_BANK			= 2036, G: MFS
_PAGE1_BANK			= 2038, G: MFS
_PAGE2_BANK			= 203A, G: MFS
_PAGE0_ADDR			= 203C, G: MFS
_PAGE1_ADDR			= 203E, G: MFS
_PAGE2_ADDR			= 2040, G: MFS
_MFS_STR_TO_FNAME		= 2042, G: MFS
I_9				= 204F, L: MFS
I_11				= 2088, L: MFS
I_12				= 20A5, L: MFS
I_13_I_12			= 20A8, L: MFS
I_10				= 20AB, L: MFS
I_14				= 20AE, L: MFS
I_16				= 20D3, L: MFS
I_15				= 20E3, L: MFS
I_17				= 20E6, L: MFS
I_19				= 211F, L: MFS
I_18				= 212F, L: MFS
I_20				= 2132, L: MFS
I_22				= 2157, L: MFS
I_21				= 2167, L: MFS
_MFS_FIND_DIR_ENTRY		= 2169, G: MFS
I_23				= 21B4, L: MFS
I_25				= 21FD, L: MFS
I_26				= 2249, L: MFS
I_28				= 226B, L: MFS
I_29				= 2274, L: MFS
I_27				= 2274, L: MFS
I_24				= 2277, L: MFS
I_30				= 22A1, L: MFS
I_31				= 22AA, L: MFS
_MFS_DECODE_ENTRY		= 22B0, G: MFS
_MFS_FETCH			= 2327, G: MFS
_MFS_FETCH_FILE			= 2347, G: MFS
L_ASR				= 2380, G: L_ASR
L_ASR1				= 2381, L: L_ASR
L_GINT				= 238B, G: L_GINT
L_LNEG				= 2390, G: L_LNEG
L_LNEG1				= 2398, L: L_LNEG
L_NE				= 239B, G: L_NE
L_CMP				= 23A2, G: L_CMP
L_PINT				= 23AE, G: L_PINT
STRCMP				= 23B4, G: STRCMP
STRCMP1				= 23C0, L: STRCMP
STRCMP2				= 23CC, L: STRCMP
ISDIGIT				= 23D3, G: ISDIGIT
L_ASL				= 23E3, G: L_ASL
L_ASL1				= 23E4, L: L_ASL
L_CASE				= 23E9, G: L_CASE
SWLOOP				= 23EB, L: L_CASE
SWEND				= 23FF, L: L_CASE
L_DIV				= 2400, G: L_DIV
L_DIV0				= 2410, L: L_DIV
L_DIV01				= 241F, L: L_DIV
L_DIV1				= 242D, L: L_DIV
L_DIV2				= 243A, L: L_DIV
DOSIGN				= 244B, L: L_DIV
L_EQ				= 2455, G: L_EQ
L_GCHAR				= 245D, G: L_GCHAR
L_SXT				= 245E, L: L_GCHAR
L_GE				= 2463, G: L_GE
L_GT				= 2468, G: L_GT
L_LE				= 246E, G: L_LE
L_LT				= 2476, G: L_LT
L_MULT				= 247B, G: L_MULT
L_MULT1				= 2482, L: L_MULT
L_MULT2				= 2489, L: L_MULT
L_NEG				= 248C, G: L_NEG
L_COM				= 2491, G: L_COM
L_OR				= 2498, G: L_OR
L_SXT				= 249F, G: L_SXT
TOLOWER				= 24A4, G: TOLOWER
TOUPPER				= 24B6, G: TOUPPER
FPUTC_CONS			= 24C8, G: FPUTC_CONS
NOCRLF				= 24F9, L: FPUTC_CONS
NOCLS				= 24FD, L: FPUTC_CONS
VRAMTOHL			= 2512, G: VRAMTOHL
LOAD_PALETTE			= 251D, G: LOAD_PALETTE
LOADPALETTE			= 252B, L: LOAD_PALETTE
LOAD_TILES			= 2537, G: LOAD_TILES
LOADTILES			= 2550, L: LOAD_TILES
_LOOP				= 257E, L: LOAD_TILES
_DATALOOP			= 257F, L: LOAD_TILES
_BLANKLOOP			= 258B, L: LOAD_TILES
_NOMOREBLANKS			= 2599, L: LOAD_TILES
SET_VDP_REG			= 25A6, G: SET_VDP_REG
STANDARD_FONT			= 25B3, G: STANDARD_FONT
STRCAT				= 2DB3, G: STRCAT
STRCAT1				= 2DBC, L: STRCAT
STRCAT2				= 2DCB, L: STRCAT
STRCPY				= 2DD6, G: STRCPY
STRCPY1				= 2DE4, L: STRCPY
STRUPR				= 2DEF, G: STRUPR
I_3				= 2DF4, L: STRUPR
I_4				= 2E0C, L: STRUPR
L_AND				= 2E15, G: L_AND
L_ASR_U				= 2E1C, G: L_ASR_U
L_ASR_U_1			= 2E1D, L: L_ASR_U
STRNCMP				= 2E26, G: STRNCMP
LOOP				= 2E36, L: STRNCMP
SETZERO				= 2E44, L: STRNCMP
OUTTAHERE			= 2E48, L: STRNCMP
