APBRANCH1			= 10A9, L: APLIB_DEPACK
APBRANCH2			= 1052, L: APLIB_DEPACK
APBRANCH3			= 10F0, L: APLIB_DEPACK
APBRANCH4			= 10E5, L: APLIB_DEPACK
APLIB_DEPACK			= 101A, G: APLIB_DEPACK
APLOOP				= 10BB, L: APLIB_DEPACK
AP_DONT_INC_B			= 10FA, L: APLIB_DEPACK
AP_FINISHUP			= 10A2, L: APLIB_DEPACK
AP_GETBIT			= 1029, L: APLIB_DEPACK
AP_GETBITBC			= 103C, L: APLIB_DEPACK
AP_GETBIT_CONTINUE		= 1034, L: APLIB_DEPACK
AP_GETGAMMA			= 1046, L: APLIB_DEPACK
AP_GETGAMMALOOP			= 1049, L: APLIB_DEPACK
AP_NOT_LWM			= 1075, L: APLIB_DEPACK
AP_NOT_ZERO_GAMMA		= 1074, L: APLIB_DEPACK
CALL_INT_HANDLER		= 008E, L: SMS_CRT0
CLEANUP				= 0128, G: SMS_CRT0
DEFAULTINITIALISEVDP		= 012C, L: SMS_CRT0
DEPACK				= 10B1, L: APLIB_DEPACK
DRAWONELINE			= 1274, G: DRAWONELINE
ENDLOOP				= 0129, L: SMS_CRT0
FILLER1				= 0015, L: SMS_CRT0
FILLER2				= 0055, L: SMS_CRT0
FILLER3				= 008F, L: SMS_CRT0
GET_VCOUNT			= 12D5, G: GET_VCOUNT
INT_DONE			= 0087, L: SMS_CRT0
INT_HANDLER			= 0073, L: SMS_CRT0
INT_LOOP			= 0076, L: SMS_CRT0
INT_NOT_VBL			= 0042, L: SMS_CRT0
INT_PAUSE			= 0066, L: SMS_CRT0
INT_RASTER			= 0038, L: SMS_CRT0
INT_VBL				= 0045, L: SMS_CRT0
I_10				= 036E, L: SORTEM
I_11				= 036E, L: SORTEM
I_12				= 0402, L: SORTEM
I_13				= 0592, L: SORTEM
I_14				= 0445, L: SORTEM
I_15				= 0592, L: SORTEM
I_16				= 04F0, L: SORTEM
I_17				= 0481, L: SORTEM
I_18_I_17			= 0484, L: SORTEM
I_19				= 04ED, L: SORTEM
I_20				= 04C0, L: SORTEM
I_22				= 0592, L: SORTEM
I_23				= 0592, L: SORTEM
I_24				= 0526, L: SORTEM
I_25_I_24			= 0529, L: SORTEM
I_26				= 0592, L: SORTEM
I_27				= 0565, L: SORTEM
I_29				= 05C9, L: SORTEM
I_30				= 05E3, L: SORTEM
I_31				= 0685, L: SORTEM
I_32				= 067F, L: SORTEM
I_34				= 069F, L: SORTEM
I_35				= 0743, L: SORTEM
I_36				= 0737, L: SORTEM
I_37				= 06BD, L: SORTEM
I_38				= 071A, L: SORTEM
I_39				= 0711, L: SORTEM
I_4				= 0190, L: SORTEM
I_40				= 076E, L: SORTEM
I_41				= 07F3, L: SORTEM
I_42				= 09C3, L: SORTEM
I_43				= 09B3, L: SORTEM
I_44				= 08CD, L: SORTEM
I_45				= 0992, L: SORTEM
I_46				= 09DC, L: SORTEM
I_47				= 0A0D, L: SORTEM
I_48				= 09FD, L: SORTEM
I_49				= 0A2D, L: SORTEM
I_5				= 01C5, L: SORTEM
I_50				= 0C31, L: SORTEM
I_51				= 0C2E, L: SORTEM
I_52				= 0A60, L: SORTEM
I_53				= 0A5D, L: SORTEM
I_54				= 0AC8, L: SORTEM
I_55				= 0A87, L: SORTEM
I_56				= 0A84, L: SORTEM
I_57				= 0AC8, L: SORTEM
I_58				= 0AA0, L: SORTEM
I_59				= 0AC8, L: SORTEM
I_6				= 01B9, L: SORTEM
I_60				= 0ABD, L: SORTEM
I_61				= 0AC8, L: SORTEM
I_62				= 0B12, L: SORTEM
I_63				= 0B2D, L: SORTEM
I_64				= 0B2D, L: SORTEM
I_65				= 0B4C, L: SORTEM
I_66				= 0B92, L: SORTEM
I_67				= 0B82, L: SORTEM
I_68				= 0BC3, L: SORTEM
I_69				= 0C06, L: SORTEM
I_7				= 0278, L: SORTEM
I_70				= 0BF6, L: SORTEM
I_71				= 0C2E, L: SORTEM
I_8				= 028C, L: SORTEM
I_9				= 032A, L: SORTEM
LINELOOP			= 1262, L: SET_BKG_MAP
LOADPALETTE			= 1120, L: LOAD_PALETTE
LOADTILES			= 1145, L: LOAD_TILES
LOAD_PALETTE			= 1112, G: LOAD_PALETTE
LOAD_TILES			= 112C, G: LOAD_TILES
LOOP				= 12D7, L: GET_VCOUNT
LOOP				= 12CB, L: WAIT_VBLANK_NOINT
LOOP				= 127C, L: DRAWONELINE
L_AND				= 119B, G: L_AND
L_ASL				= 11A2, G: L_ASL
L_ASL1				= 11A3, L: L_ASL
L_ASR				= 11A8, G: L_ASR
L_ASR1				= 11A9, L: L_ASR
L_CMP				= 11C4, G: L_CMP
L_COM				= 11EC, G: L_COM
L_DCAL				= 012B, G: SMS_CRT0
L_GCHAR				= 11B3, G: L_GCHAR
L_GINT				= 11B9, G: L_GINT
L_GT				= 11BE, G: L_GT
L_LNEG				= 11D0, G: L_LNEG
L_LNEG1				= 11D8, L: L_LNEG
L_LT				= 11DB, G: L_LT
L_NE				= 11E0, G: L_NE
L_NEG				= 11E7, G: L_NEG
L_PINT				= 11F3, G: L_PINT
L_SXT				= 11F9, G: L_SXT
L_SXT				= 11B4, L: L_GCHAR
NOTCARRY			= 126E, L: SET_BKG_MAP
RAND				= 11FE, G: RAND
READ_JOYPAD1			= 121E, G: READ_JOYPAD1
SCROLL_BKG			= 1225, G: SCROLL_BKG
SET_BKG_MAP			= 123A, G: SET_BKG_MAP
SET_SPRITE			= 1295, G: SET_SPRITE
SET_VDP_REG			= 12BE, G: SET_VDP_REG
SKIP1				= 108A, L: APLIB_DEPACK
SKIP2				= 1091, L: APLIB_DEPACK
SKIP3				= 1099, L: APLIB_DEPACK
START				= 0100, L: SMS_CRT0
VRAMTOHL			= 128A, G: VRAMTOHL
WAIT_VBLANK_NOINT		= 12CB, G: WAIT_VBLANK_NOINT
_ASR				= 0253, G: SORTEM
_BLANKLOOP			= 1180, L: LOAD_TILES
_DATA				= 013A, L: SMS_CRT0
_DATALOOP			= 1174, L: LOAD_TILES
_DRAW_ACTOR			= 05AB, G: SORTEM
_DRAW_MAIN_BACKGROUND		= 0189, G: SORTEM
_END				= 014C, L: SMS_CRT0
_LOAD_MAIN_TILESET		= 015C, G: SORTEM
_LOOP				= 1173, L: LOAD_TILES
_MAIN				= 0780, G: SORTEM
_MOVE_ACTOR			= 028D, G: SORTEM
_NOMOREBLANKS			= 118E, L: LOAD_TILES
_PAL_MAIN			= 014C, G: SORTEM
_SCROLL_WALL			= 0749, G: SORTEM
_SORTEM_BACKGROUND_BG2		= 0E1A, G: SORTEM
_SORTEM_TILESET_APK		= 0C37, G: SORTEM
_VFPRINTF			= 014C, G: SMS_CRT0


FILLER1				= 0015, L: SMS_CRT0
INT_RASTER			= 0038, L: SMS_CRT0
INT_NOT_VBL			= 0042, L: SMS_CRT0
INT_VBL				= 0045, L: SMS_CRT0
FILLER2				= 0055, L: SMS_CRT0
INT_PAUSE			= 0066, L: SMS_CRT0
INT_HANDLER			= 0073, L: SMS_CRT0
INT_LOOP			= 0076, L: SMS_CRT0
INT_DONE			= 0087, L: SMS_CRT0
CALL_INT_HANDLER		= 008E, L: SMS_CRT0
FILLER3				= 008F, L: SMS_CRT0
START				= 0100, L: SMS_CRT0
CLEANUP				= 0128, G: SMS_CRT0
ENDLOOP				= 0129, L: SMS_CRT0
L_DCAL				= 012B, G: SMS_CRT0
DEFAULTINITIALISEVDP		= 012C, L: SMS_CRT0
_DATA				= 013A, L: SMS_CRT0
_VFPRINTF			= 014C, G: SMS_CRT0
_PAL_MAIN			= 014C, G: SORTEM
_END				= 014C, L: SMS_CRT0
_LOAD_MAIN_TILESET		= 015C, G: SORTEM
_DRAW_MAIN_BACKGROUND		= 0189, G: SORTEM
I_4				= 0190, L: SORTEM
I_6				= 01B9, L: SORTEM
I_5				= 01C5, L: SORTEM
_ASR				= 0253, G: SORTEM
I_7				= 0278, L: SORTEM
I_8				= 028C, L: SORTEM
_MOVE_ACTOR			= 028D, G: SORTEM
I_9				= 032A, L: SORTEM
I_10				= 036E, L: SORTEM
I_11				= 036E, L: SORTEM
I_12				= 0402, L: SORTEM
I_14				= 0445, L: SORTEM
I_17				= 0481, L: SORTEM
I_18_I_17			= 0484, L: SORTEM
I_20				= 04C0, L: SORTEM
I_19				= 04ED, L: SORTEM
I_16				= 04F0, L: SORTEM
I_24				= 0526, L: SORTEM
I_25_I_24			= 0529, L: SORTEM
I_27				= 0565, L: SORTEM
I_23				= 0592, L: SORTEM
I_26				= 0592, L: SORTEM
I_22				= 0592, L: SORTEM
I_15				= 0592, L: SORTEM
I_13				= 0592, L: SORTEM
_DRAW_ACTOR			= 05AB, G: SORTEM
I_29				= 05C9, L: SORTEM
I_30				= 05E3, L: SORTEM
I_32				= 067F, L: SORTEM
I_31				= 0685, L: SORTEM
I_34				= 069F, L: SORTEM
I_37				= 06BD, L: SORTEM
I_39				= 0711, L: SORTEM
I_38				= 071A, L: SORTEM
I_36				= 0737, L: SORTEM
I_35				= 0743, L: SORTEM
_SCROLL_WALL			= 0749, G: SORTEM
I_40				= 076E, L: SORTEM
_MAIN				= 0780, G: SORTEM
I_41				= 07F3, L: SORTEM
I_44				= 08CD, L: SORTEM
I_45				= 0992, L: SORTEM
I_43				= 09B3, L: SORTEM
I_42				= 09C3, L: SORTEM
I_46				= 09DC, L: SORTEM
I_48				= 09FD, L: SORTEM
I_47				= 0A0D, L: SORTEM
I_49				= 0A2D, L: SORTEM
I_53				= 0A5D, L: SORTEM
I_52				= 0A60, L: SORTEM
I_56				= 0A84, L: SORTEM
I_55				= 0A87, L: SORTEM
I_58				= 0AA0, L: SORTEM
I_60				= 0ABD, L: SORTEM
I_59				= 0AC8, L: SORTEM
I_61				= 0AC8, L: SORTEM
I_57				= 0AC8, L: SORTEM
I_54				= 0AC8, L: SORTEM
I_62				= 0B12, L: SORTEM
I_64				= 0B2D, L: SORTEM
I_63				= 0B2D, L: SORTEM
I_65				= 0B4C, L: SORTEM
I_67				= 0B82, L: SORTEM
I_66				= 0B92, L: SORTEM
I_68				= 0BC3, L: SORTEM
I_70				= 0BF6, L: SORTEM
I_69				= 0C06, L: SORTEM
I_71				= 0C2E, L: SORTEM
I_51				= 0C2E, L: SORTEM
I_50				= 0C31, L: SORTEM
_SORTEM_TILESET_APK		= 0C37, G: SORTEM
_SORTEM_BACKGROUND_BG2		= 0E1A, G: SORTEM
APLIB_DEPACK			= 101A, G: APLIB_DEPACK
AP_GETBIT			= 1029, L: APLIB_DEPACK
AP_GETBIT_CONTINUE		= 1034, L: APLIB_DEPACK
AP_GETBITBC			= 103C, L: APLIB_DEPACK
AP_GETGAMMA			= 1046, L: APLIB_DEPACK
AP_GETGAMMALOOP			= 1049, L: APLIB_DEPACK
APBRANCH2			= 1052, L: APLIB_DEPACK
AP_NOT_ZERO_GAMMA		= 1074, L: APLIB_DEPACK
AP_NOT_LWM			= 1075, L: APLIB_DEPACK
SKIP1				= 108A, L: APLIB_DEPACK
SKIP2				= 1091, L: APLIB_DEPACK
SKIP3				= 1099, L: APLIB_DEPACK
AP_FINISHUP			= 10A2, L: APLIB_DEPACK
APBRANCH1			= 10A9, L: APLIB_DEPACK
DEPACK				= 10B1, L: APLIB_DEPACK
APLOOP				= 10BB, L: APLIB_DEPACK
APBRANCH4			= 10E5, L: APLIB_DEPACK
APBRANCH3			= 10F0, L: APLIB_DEPACK
AP_DONT_INC_B			= 10FA, L: APLIB_DEPACK
LOAD_PALETTE			= 1112, G: LOAD_PALETTE
LOADPALETTE			= 1120, L: LOAD_PALETTE
LOAD_TILES			= 112C, G: LOAD_TILES
LOADTILES			= 1145, L: LOAD_TILES
_LOOP				= 1173, L: LOAD_TILES
_DATALOOP			= 1174, L: LOAD_TILES
_BLANKLOOP			= 1180, L: LOAD_TILES
_NOMOREBLANKS			= 118E, L: LOAD_TILES
L_AND				= 119B, G: L_AND
L_ASL				= 11A2, G: L_ASL
L_ASL1				= 11A3, L: L_ASL
L_ASR				= 11A8, G: L_ASR
L_ASR1				= 11A9, L: L_ASR
L_GCHAR				= 11B3, G: L_GCHAR
L_SXT				= 11B4, L: L_GCHAR
L_GINT				= 11B9, G: L_GINT
L_GT				= 11BE, G: L_GT
L_CMP				= 11C4, G: L_CMP
L_LNEG				= 11D0, G: L_LNEG
L_LNEG1				= 11D8, L: L_LNEG
L_LT				= 11DB, G: L_LT
L_NE				= 11E0, G: L_NE
L_NEG				= 11E7, G: L_NEG
L_COM				= 11EC, G: L_COM
L_PINT				= 11F3, G: L_PINT
L_SXT				= 11F9, G: L_SXT
RAND				= 11FE, G: RAND
READ_JOYPAD1			= 121E, G: READ_JOYPAD1
SCROLL_BKG			= 1225, G: SCROLL_BKG
SET_BKG_MAP			= 123A, G: SET_BKG_MAP
LINELOOP			= 1262, L: SET_BKG_MAP
NOTCARRY			= 126E, L: SET_BKG_MAP
DRAWONELINE			= 1274, G: DRAWONELINE
LOOP				= 127C, L: DRAWONELINE
VRAMTOHL			= 128A, G: VRAMTOHL
SET_SPRITE			= 1295, G: SET_SPRITE
SET_VDP_REG			= 12BE, G: SET_VDP_REG
WAIT_VBLANK_NOINT		= 12CB, G: WAIT_VBLANK_NOINT
LOOP				= 12CB, L: WAIT_VBLANK_NOINT
GET_VCOUNT			= 12D5, G: GET_VCOUNT
LOOP				= 12D7, L: GET_VCOUNT
