ATOI				= 36C5, G: ATOI
CALL_INT_HANDLER		= 008E, L: SMS_CRT0
CLEANUP				= 0128, G: SMS_CRT0
DEFAULTINITIALISEVDP		= 012C, L: SMS_CRT0
DOSIGN				= 355B, L: L_DIV
DRAWONELINE			= 3675, G: DRAWONELINE
ENDLOOP				= 0129, L: SMS_CRT0
FCHKSTD				= 38BA, G: FCHKSTD
FILLER1				= 0015, L: SMS_CRT0
FILLER2				= 0055, L: SMS_CRT0
FILLER3				= 008F, L: SMS_CRT0
FPUTC				= 3871, G: FPUTC
FPUTC_CONS			= 38D6, G: FPUTC_CONS
FPUTS				= 3921, G: FPUTS
GETARG				= 3631, G: GETARG
GET_VCOUNT			= 36B9, G: GET_VCOUNT
GOTOXY				= 37AF, G: GOTOXY
INT_DONE			= 0087, L: SMS_CRT0
INT_HANDLER			= 0073, L: SMS_CRT0
INT_LOOP			= 0076, L: SMS_CRT0
INT_NOT_VBL			= 0042, L: SMS_CRT0
INT_PAUSE			= 0066, L: SMS_CRT0
INT_RASTER			= 0038, L: SMS_CRT0
INT_VBL				= 0045, L: SMS_CRT0
ISALPHA				= 3778, G: ISALPHA
ISDIGIT				= 34E3, G: ISDIGIT
ISSPACE				= 3762, G: ISSPACE
I_1				= 34A9, L: CHS_FUNC
I_1				= 2D7A, L: RPG_LCHS
I_1				= 25F1, L: RPG_DISP
I_1				= 2483, L: RPG_MPAR
I_1				= 18C3, L: CHS_CONS
I_10				= 371D, L: ATOI
I_10				= 31EA, L: CHS_FUNC
I_10				= 2E12, L: MFS
I_10				= 274C, L: RPG_TURN
I_10				= 1CFA, L: RPG_MPAR
I_10				= 1C2D, L: RPRUN
I_10				= 1666, L: CHS_CONS
I_10				= 02C0, L: CHS_INTR
I_100				= 0D36, L: CHS_INTR
I_101				= 0D57, L: CHS_INTR
I_102				= 0D6B, L: CHS_INTR
I_103				= 0DA4, L: CHS_INTR
I_104				= 0DE3, L: CHS_INTR
I_105				= 0DE6, L: CHS_INTR
I_106				= 0F38, L: CHS_INTR
I_107				= 0E47, L: CHS_INTR
I_108_I_107			= 0E4A, L: CHS_INTR
I_109				= 0F24, L: CHS_INTR
I_11				= 374B, L: ATOI
I_11				= 333E, L: CHS_FUNC
I_11				= 2DEF, L: MFS
I_11				= 275E, L: RPG_TURN
I_11				= 1D41, L: RPG_MPAR
I_11				= 1BF8, L: RPRUN
I_11				= 1680, L: CHS_CONS
I_11				= 0284, L: CHS_INTR
I_110				= 0F10, L: CHS_INTR
I_111				= 0F21, L: CHS_INTR
I_112				= 0F35, L: CHS_INTR
I_113				= 0F49, L: CHS_INTR
I_114				= 0F4C, L: CHS_INTR
I_115				= 0F90, L: CHS_INTR
I_116				= 104B, L: CHS_INTR
I_117				= 105E, L: CHS_INTR
I_118				= 0FCF, L: CHS_INTR
I_12				= 373C, L: ATOI
I_12				= 3341, L: CHS_FUNC
I_12				= 2E0C, L: MFS
I_12				= 2836, L: RPG_TURN
I_12				= 1D3E, L: RPG_MPAR
I_12				= 1C2D, L: RPRUN
I_12				= 1674, L: CHS_CONS
I_12				= 02AB, L: CHS_INTR
I_120				= 104B, L: CHS_INTR
I_121				= 1007, L: CHS_INTR
I_122				= 101B, L: CHS_INTR
I_123				= 1033, L: CHS_INTR
I_124				= 104B, L: CHS_INTR
I_125				= 11B8, L: CHS_INTR
I_126				= 11CB, L: CHS_INTR
I_127				= 10E8, L: CHS_INTR
I_128				= 111B, L: CHS_INTR
I_129				= 11B8, L: CHS_INTR
I_13				= 2824, L: RPG_TURN
I_13				= 1D63, L: RPG_MPAR
I_13				= 1C14, L: RPRUN
I_13				= 16A0, L: CHS_CONS
I_13				= 033D, L: CHS_INTR
I_130				= 1154, L: CHS_INTR
I_131				= 11B8, L: CHS_INTR
I_132				= 1184, L: CHS_INTR
I_133				= 11B8, L: CHS_INTR
I_134				= 11B8, L: CHS_INTR
I_135				= 11CE, L: CHS_INTR
I_136				= 11CE, L: CHS_INTR
I_137				= 11DD, L: CHS_INTR
I_138				= 1208, L: CHS_INTR
I_139				= 1221, L: CHS_INTR
I_13_I_12			= 2E0F, L: MFS
I_14				= 2E15, L: MFS
I_14				= 2788, L: RPG_TURN
I_14				= 1D63, L: RPG_MPAR
I_14				= 1C2D, L: RPRUN
I_14				= 16E9, L: CHS_CONS
I_14				= 0344, L: CHS_INTR
I_140				= 123A, L: CHS_INTR
I_141				= 1249, L: CHS_INTR
I_142				= 125D, L: CHS_INTR
I_143				= 129B, L: CHS_INTR
I_144				= 129E, L: CHS_INTR
I_145				= 12C4, L: CHS_INTR
I_146				= 1344, L: CHS_INTR
I_147				= 12F3, L: CHS_INTR
I_148_I_147			= 12F6, L: CHS_INTR
I_149				= 1341, L: CHS_INTR
I_15				= 2E4A, L: MFS
I_15				= 1D64, L: RPG_MPAR
I_15				= 1C2D, L: RPRUN
I_15				= 16D1, L: CHS_CONS
I_15				= 02C5, L: CHS_INTR
I_150				= 158F, L: CHS_INTR
I_151				= 15A7, L: CHS_INTR
I_152				= 136A, L: CHS_INTR
I_153				= 155B, L: CHS_INTR
I_155				= 1543, L: CHS_INTR
I_156				= 13A8, L: CHS_INTR
I_157				= 13CF, L: CHS_INTR
I_158				= 13E1, L: CHS_INTR
I_159				= 13F3, L: CHS_INTR
I_15_I_14			= 278B, L: RPG_TURN
I_16				= 2E3A, L: MFS
I_16				= 280F, L: RPG_TURN
I_16				= 1D8A, L: RPG_MPAR
I_16				= 1C30, L: RPRUN
I_16				= 1721, L: CHS_CONS
I_16				= 02F8, L: CHS_INTR
I_160				= 1405, L: CHS_INTR
I_161				= 1417, L: CHS_INTR
I_162				= 1429, L: CHS_INTR
I_163				= 143B, L: CHS_INTR
I_164				= 1480, L: CHS_INTR
I_165				= 149E, L: CHS_INTR
I_166				= 1500, L: CHS_INTR
I_167				= 1526, L: CHS_INTR
I_168				= 1529, L: CHS_INTR
I_169				= 158F, L: CHS_INTR
I_17				= 2E4D, L: MFS
I_17				= 2821, L: RPG_TURN
I_17				= 1D8B, L: RPG_MPAR
I_17				= 1C4E, L: RPRUN
I_17				= 1760, L: CHS_CONS
I_17				= 033D, L: CHS_INTR
I_170				= 158F, L: CHS_INTR
I_18				= 2E96, L: MFS
I_18				= 2836, L: RPG_TURN
I_18				= 1DD2, L: RPG_MPAR
I_18				= 1748, L: CHS_CONS
I_18				= 031C, L: CHS_INTR
I_19				= 2E86, L: MFS
I_19				= 28C6, L: RPG_TURN
I_19				= 1DC1, L: RPG_MPAR
I_19				= 033D, L: CHS_INTR
I_20				= 2E99, L: MFS
I_20				= 298F, L: RPG_TURN
I_20				= 1DDA, L: RPG_MPAR
I_20				= 1876, L: CHS_CONS
I_20				= 033D, L: CHS_INTR
I_21				= 2ECE, L: MFS
I_21				= 2974, L: RPG_TURN
I_21				= 1E14, L: RPG_MPAR
I_21				= 1784, L: CHS_CONS
I_21				= 03DF, L: CHS_INTR
I_22				= 2EBE, L: MFS
I_22				= 28D4, L: RPG_TURN
I_22				= 1DFD, L: RPG_MPAR
I_22				= 17C0, L: CHS_CONS
I_22				= 03E6, L: CHS_INTR
I_23				= 2F1B, L: MFS
I_23				= 2966, L: RPG_TURN
I_23				= 17CD, L: CHS_CONS
I_23				= 034A, L: CHS_INTR
I_23_I_22			= 1E00, L: RPG_MPAR
I_24				= 2FDE, L: MFS
I_24				= 294D, L: RPG_TURN
I_24				= 1E35, L: RPG_MPAR
I_24				= 17DA, L: CHS_CONS
I_24				= 037D, L: CHS_INTR
I_25				= 2F64, L: MFS
I_25				= 293F, L: RPG_TURN
I_25				= 1E96, L: RPG_MPAR
I_25				= 17E7, L: CHS_CONS
I_25				= 03DF, L: CHS_INTR
I_26				= 2FB0, L: MFS
I_26				= 2A53, L: RPG_TURN
I_26				= 1E6C, L: RPG_MPAR
I_26				= 17F4, L: CHS_CONS
I_26				= 03A1, L: CHS_INTR
I_27				= 2FDB, L: MFS
I_27				= 2A6A, L: RPG_TURN
I_27				= 1E90, L: RPG_MPAR
I_27				= 1801, L: CHS_CONS
I_27				= 03DF, L: CHS_INTR
I_28				= 2FD2, L: MFS
I_28				= 2B50, L: RPG_TURN
I_28				= 180E, L: CHS_CONS
I_28				= 03DF, L: CHS_INTR
I_28_I_27			= 1E93, L: RPG_MPAR
I_29				= 2FDB, L: MFS
I_29				= 2B7D, L: RPG_TURN
I_29				= 2138, L: RPG_MPAR
I_29				= 181B, L: CHS_CONS
I_29				= 03DB, L: CHS_INTR
I_3				= 36CF, L: ATOI
I_3				= 3100, L: CHS_FUNC
I_3				= 2CB7, L: RPG_LCHS
I_3				= 2657, L: RPG_TURN
I_3				= 1C7E, L: RPG_MPAR
I_3				= 15BD, L: CHS_CONS
I_3				= 01B0, L: CHS_INTR
I_30				= 3008, L: MFS
I_30				= 2BD8, L: RPG_TURN
I_30				= 1F13, L: RPG_MPAR
I_30				= 1828, L: CHS_CONS
I_31				= 3011, L: MFS
I_31				= 2BCC, L: RPG_TURN
I_31				= 2135, L: RPG_MPAR
I_31				= 1835, L: CHS_CONS
I_31				= 04B0, L: CHS_INTR
I_32				= 205D, L: RPG_MPAR
I_32				= 1842, L: CHS_CONS
I_32				= 04C1, L: CHS_INTR
I_33				= 2BFE, L: RPG_TURN
I_33				= 1F34, L: RPG_MPAR
I_33				= 185F, L: CHS_CONS
I_33				= 054F, L: CHS_INTR
I_34				= 2C69, L: RPG_TURN
I_34				= 186C, L: CHS_CONS
I_34				= 055D, L: CHS_INTR
I_34_I_33			= 1F37, L: RPG_MPAR
I_35				= 2C22, L: RPG_TURN
I_35				= 1FAA, L: RPG_MPAR
I_35				= 0574, L: CHS_INTR
I_36				= 2C69, L: RPG_TURN
I_36				= 1FC3, L: RPG_MPAR
I_36				= 05BD, L: CHS_INTR
I_37				= 2C48, L: RPG_TURN
I_37				= 2135, L: RPG_MPAR
I_37				= 05A8, L: CHS_INTR
I_38				= 2C69, L: RPG_TURN
I_38				= 2135, L: RPG_MPAR
I_38				= 0697, L: CHS_INTR
I_39				= 2C69, L: RPG_TURN
I_39				= 207E, L: RPG_MPAR
I_39				= 06B9, L: CHS_INTR
I_4				= 36E4, L: ATOI
I_4				= 31A5, L: CHS_FUNC
I_4				= 2D53, L: RPG_LCHS
I_4				= 2847, L: RPG_TURN
I_4				= 2502, L: RPG_DISP
I_4				= 1C81, L: RPG_MPAR
I_4				= 1B36, L: RPRUN
I_4				= 1654, L: CHS_CONS
I_4				= 01BE, L: CHS_INTR
I_40				= 05CC, L: CHS_INTR
I_40_I_39			= 2081, L: RPG_MPAR
I_41				= 20BF, L: RPG_MPAR
I_41				= 0697, L: CHS_INTR
I_42				= 20D8, L: RPG_MPAR
I_42				= 060B, L: CHS_INTR
I_43				= 225D, L: RPG_MPAR
I_43_I_42			= 060E, L: CHS_INTR
I_44				= 225D, L: RPG_MPAR
I_44				= 0697, L: CHS_INTR
I_45				= 21A1, L: RPG_MPAR
I_45				= 0663, L: CHS_INTR
I_46				= 2245, L: RPG_MPAR
I_46_I_45			= 0666, L: CHS_INTR
I_47				= 225D, L: RPG_MPAR
I_47				= 126E, L: CHS_INTR
I_48				= 21A1, L: RPG_MPAR
I_48				= 12A4, L: CHS_INTR
I_49				= 220F, L: RPG_MPAR
I_49				= 070D, L: CHS_INTR
I_5				= 36F9, L: ATOI
I_5				= 3178, L: CHS_FUNC
I_5				= 268A, L: RPG_TURN
I_5				= 25EB, L: RPG_DISP
I_5				= 1CAA, L: RPG_MPAR
I_5				= 1C51, L: RPRUN
I_5				= 163D, L: CHS_CONS
I_5				= 0213, L: CHS_INTR
I_50				= 2302, L: RPG_MPAR
I_50				= 0731, L: CHS_INTR
I_51				= 2386, L: RPG_MPAR
I_51				= 0760, L: CHS_INTR
I_52				= 237F, L: RPG_MPAR
I_52				= 07F4, L: CHS_INTR
I_53				= 23B1, L: RPG_MPAR
I_53				= 077D, L: CHS_INTR
I_54				= 23FE, L: RPG_MPAR
I_54				= 07CC, L: CHS_INTR
I_55				= 23F7, L: RPG_MPAR
I_55				= 07A4, L: CHS_INTR
I_56				= 2433, L: RPG_MPAR
I_56				= 126E, L: CHS_INTR
I_57				= 2481, L: RPG_MPAR
I_57				= 085A, L: CHS_INTR
I_58				= 2463, L: RPG_MPAR
I_58				= 0823, L: CHS_INTR
I_59_I_58			= 0826, L: CHS_INTR
I_6				= 36FC, L: ATOI
I_6				= 31A2, L: CHS_FUNC
I_6				= 25D0, L: RPG_DISP
I_6				= 1CAD, L: RPG_MPAR
I_6				= 1B88, L: RPRUN
I_6				= 162D, L: CHS_CONS
I_6				= 0224, L: CHS_INTR
I_60				= 126E, L: CHS_INTR
I_61				= 08C0, L: CHS_INTR
I_62				= 0889, L: CHS_INTR
I_63_I_62			= 088C, L: CHS_INTR
I_64				= 126E, L: CHS_INTR
I_66				= 126E, L: CHS_INTR
I_67				= 08CE, L: CHS_INTR
I_68				= 096D, L: CHS_INTR
I_69				= 0970, L: CHS_INTR
I_6_I_5				= 268D, L: RPG_TURN
I_7				= 3713, L: ATOI
I_7				= 3193, L: CHS_FUNC
I_7				= 2761, L: RPG_TURN
I_7				= 254E, L: RPG_DISP
I_7				= 1CAE, L: RPG_MPAR
I_7				= 1BA9, L: RPRUN
I_7				= 1604, L: CHS_CONS
I_7				= 0271, L: CHS_INTR
I_70				= 0990, L: CHS_INTR
I_71				= 09BC, L: CHS_INTR
I_72				= 09F3, L: CHS_INTR
I_73				= 0A21, L: CHS_INTR
I_74				= 0A5C, L: CHS_INTR
I_75				= 0A6D, L: CHS_INTR
I_76				= 0A70, L: CHS_INTR
I_77				= 0AAC, L: CHS_INTR
I_78				= 0ABD, L: CHS_INTR
I_79				= 0AC0, L: CHS_INTR
I_8				= 3710, L: ATOI
I_8				= 31A2, L: CHS_FUNC
I_8				= 26B4, L: RPG_TURN
I_8				= 259A, L: RPG_DISP
I_8				= 1CD3, L: RPG_MPAR
I_8				= 1C30, L: RPRUN
I_8				= 0282, L: CHS_INTR
I_80				= 0B22, L: CHS_INTR
I_81				= 0B55, L: CHS_INTR
I_82				= 0B58, L: CHS_INTR
I_83				= 0B9D, L: CHS_INTR
I_84				= 0BCC, L: CHS_INTR
I_85				= 0BCF, L: CHS_INTR
I_86				= 0BDE, L: CHS_INTR
I_87				= 0C13, L: CHS_INTR
I_88				= 0C42, L: CHS_INTR
I_89				= 0C78, L: CHS_INTR
I_8_I_7				= 1607, L: CHS_CONS
I_9				= 31D9, L: CHS_FUNC
I_9				= 2DB6, L: MFS
I_9				= 2581, L: RPG_DISP
I_9				= 1CD4, L: RPG_MPAR
I_9				= 1BDC, L: RPRUN
I_9				= 1637, L: CHS_CONS
I_9				= 02AB, L: CHS_INTR
I_90				= 0C7B, L: CHS_INTR
I_91				= 0C84, L: CHS_INTR
I_92				= 0CB2, L: CHS_INTR
I_93				= 0CB5, L: CHS_INTR
I_94				= 0CBE, L: CHS_INTR
I_95				= 0CF4, L: CHS_INTR
I_96				= 0CF7, L: CHS_INTR
I_97				= 0D00, L: CHS_INTR
I_98				= 0D30, L: CHS_INTR
I_99				= 0D33, L: CHS_INTR
I_9_I_8				= 26B7, L: RPG_TURN
LINELOOP			= 3663, L: SET_BKG_MAP
LOADPALETTE			= 37DA, L: LOAD_PALETTE
LOADTILES			= 37FF, L: LOAD_TILES
LOAD_PALETTE			= 37CC, G: LOAD_PALETTE
LOAD_TILES			= 37E6, G: LOAD_TILES
LOOP				= 41D6, L: STRNCMP
LOOP				= 3929, L: FPUTS
LOOP				= 36BB, L: GET_VCOUNT
LOOP				= 36AF, L: WAIT_VBLANK_NOINT
LOOP				= 367D, L: DRAWONELINE
L_AND				= 41B5, G: L_AND
L_ASL				= 34F3, G: L_ASL
L_ASL1				= 34F4, L: L_ASL
L_ASR				= 41EF, G: L_ASR
L_ASR1				= 41F0, L: L_ASR
L_ASR_U				= 41BC, G: L_ASR_U
L_ASR_U_1			= 41BD, L: L_ASR_U
L_CASE				= 34F9, G: L_CASE
L_CMP				= 3578, G: L_CMP
L_COM				= 35C4, G: L_COM
L_DCAL				= 012B, G: SMS_CRT0
L_DIV				= 3510, G: L_DIV
L_DIV0				= 3520, L: L_DIV
L_DIV01				= 352F, L: L_DIV
L_DIV1				= 353D, L: L_DIV
L_DIV2				= 354A, L: L_DIV
L_EQ				= 3565, G: L_EQ
L_GCHAR				= 356D, G: L_GCHAR
L_GE				= 3573, G: L_GE
L_GINT				= 3584, G: L_GINT
L_GT				= 3589, G: L_GT
L_LE				= 358F, G: L_LE
L_LNEG				= 3597, G: L_LNEG
L_LNEG1				= 359F, L: L_LNEG
L_LT				= 35A2, G: L_LT
L_MULT				= 35A7, G: L_MULT
L_MULT1				= 35AE, L: L_MULT
L_MULT2				= 35B5, L: L_MULT
L_NE				= 35B8, G: L_NE
L_NEG				= 35BF, G: L_NEG
L_OR				= 35CB, G: L_OR
L_PINT				= 35D2, G: L_PINT
L_SXT				= 35D8, G: L_SXT
L_SXT				= 356E, L: L_GCHAR
NOCLS				= 390B, L: FPUTC_CONS
NOCRLF				= 3907, L: FPUTC_CONS
NOTCARRY			= 366F, L: SET_BKG_MAP
NO_CONS				= 38AC, L: FPUTC
NO_STRING			= 389D, L: FPUTC
OUTTAHERE			= 41E8, L: STRNCMP
PRINTF				= 3601, G: PRINTF
PUTS				= 3855, G: PUTS
READ_JOYPAD1			= 3634, G: READ_JOYPAD1
SETZERO				= 41E4, L: STRNCMP
SET_BKG_MAP			= 363B, G: SET_BKG_MAP
SET_VDP_REG			= 3945, G: SET_VDP_REG
SPRINTF				= 4152, G: SPRINTF
STANDARD_FONT			= 3952, G: STANDARD_FONT
START				= 0100, L: SMS_CRT0
STRCMP				= 3790, G: STRCMP
STRCMP1				= 379C, L: STRCMP
STRCMP2				= 37A8, L: STRCMP
STRCPY				= 3696, G: STRCPY
STRCPY1				= 36A4, L: STRCPY
STRNCMP				= 41C6, G: STRNCMP
SWEND				= 350F, L: L_CASE
SWLOOP				= 34FB, L: L_CASE
TOLOWER				= 35DD, G: TOLOWER
TOUPPER				= 35EF, G: TOUPPER
VRAMTOHL			= 368B, G: VRAMTOHL
WAIT_VBLANK_NOINT		= 36AF, G: WAIT_VBLANK_NOINT
WRITEBYTE			= 3920, G: WRITEBYTE
_BLANKLOOP			= 383A, L: LOAD_TILES
_CHS_DISPLAY_CHAR		= 189A, G: CHS_CONS
_CHS_DISPLAY_ENVYRO		= 15A9, G: CHS_CONS
_CHS_DISPLAY_ERROR		= 168D, G: CHS_CONS
_CHS_DISPLAY_INT		= 189B, G: CHS_CONS
_CHS_DISPLAY_PAUSE		= 1898, G: CHS_CONS
_CHS_DISPLAY_STR		= 1899, G: CHS_CONS
_CHS_EXECUTE_FUNCTION		= 31AE, G: CHS_FUNC
_CHS_FIND_FUNCTION		= 30E7, G: CHS_FUNC
_CHS_FUNC_ABOUT			= 31EC, G: CHS_FUNC
_CHS_FUNC_GET_FLAG		= 31FE, G: CHS_FUNC
_CHS_FUNC_GET_INT		= 325D, G: CHS_FUNC
_CHS_FUNC_LOADMAP		= 32A2, G: CHS_FUNC
_CHS_FUNC_PAUSE			= 3300, G: CHS_FUNC
_CHS_FUNC_SET_FLAG		= 330D, G: CHS_FUNC
_CHS_FUNC_SET_INT		= 33F7, G: CHS_FUNC
_CHS_FUNC_TELEPORT_PLAYER	= 343E, G: CHS_FUNC
_CHS_GET_PROGCHAR		= 014C, G: CHS_INTR
_CHS_INPUT_CHAR			= 189C, G: CHS_CONS
_CHS_INPUT_INT			= 18B4, G: CHS_CONS
_CHS_INTERPRET			= 06BA, G: CHS_INTR
_CHS_MAKEDEFTABLE		= 055E, G: CHS_INTR
_CHS_POP			= 0225, G: CHS_INTR
_CHS_POPENV			= 04C2, G: CHS_INTR
_CHS_PROCESS_AMP		= 12A6, G: CHS_INTR
_CHS_PROCESS_STRING		= 1369, G: CHS_INTR
_CHS_PUSH			= 01BF, G: CHS_INTR
_CHS_PUSHENV			= 03E8, G: CHS_INTR
_CHS_SKIP			= 02C1, G: CHS_INTR
_CHS_SKIP2			= 0346, G: CHS_INTR
_CHS_SKIPSTRING			= 0284, G: CHS_INTR
_DATA				= 013A, L: SMS_CRT0
_DATALOOP			= 382E, L: LOAD_TILES
_DEBG				= 1ABB, G: RPRUN
_END				= 014C, L: SMS_CRT0
_FUNCTION_NAMES			= 3489, G: CHS_FUNC
_FUNCTION_POINTERS		= 3499, G: CHS_FUNC
_LOOP				= 382D, L: LOAD_TILES
_MAIN				= 1AFC, G: RPRUN
_MFS_DECODE_ENTRY		= 3017, G: MFS
_MFS_FETCH			= 308E, G: MFS
_MFS_FETCH_FILE			= 30AE, G: MFS
_MFS_FIND_DIR_ENTRY		= 2ED0, G: MFS
_MFS_STR_TO_FNAME		= 2DA9, G: MFS
_NOMOREBLANKS			= 3848, L: LOAD_TILES
_PAGE0_ADDR			= 2DA3, G: MFS
_PAGE0_BANK			= 2D9D, G: MFS
_PAGE1_ADDR			= 2DA5, G: MFS
_PAGE1_BANK			= 2D9F, G: MFS
_PAGE2_ADDR			= 2DA7, G: MFS
_PAGE2_BANK			= 2DA1, G: MFS
_PAL1				= 2487, G: RPG_DISP
_RPGP_COPY_UNTIL_CHAR		= 1E16, G: RPG_MPAR
_RPGP_FIND_CHAR			= 1D8B, G: RPG_MPAR
_RPGP_IS_NEWLINE		= 1C57, G: RPG_MPAR
_RPGP_IS_SPACE			= 1C82, G: RPG_MPAR
_RPGP_LINE_LENGTH		= 1DD6, G: RPG_MPAR
_RPGP_PARSE_PROPERTY		= 1EAB, G: RPG_MPAR
_RPGP_SKIP_NEWLINE		= 1CFB, G: RPG_MPAR
_RPGP_SKIP_NONSPACES		= 1CD4, G: RPG_MPAR
_RPGP_SKIP_SPACES		= 1CAE, G: RPG_MPAR
_RPGP_SKIP_TO_NEWLINE		= 1D64, G: RPG_MPAR
_RPG_CHS_RUN_PROG		= 2C6A, G: RPG_LCHS
_RPG_DISPLAY_INIT		= 2497, G: RPG_DISP
_RPG_DISPLAY_MAP		= 24EF, G: RPG_DISP
_RPG_MAP_GET_TILE		= 25F7, G: RPG_TURN
_RPG_MAP_GET_TILE_TYPE		= 284B, G: RPG_TURN
_RPG_MAP_GET_TILE_TYPE_PROG	= 2622, G: RPG_TURN
_RPG_MAP_INIT			= 2263, G: RPG_MPAR
_RPG_MAP_LOAD			= 2D59, G: RPG_LCHS
_RPG_MAP_LOCATE_PLAYER		= 28B5, G: RPG_TURN
_RPG_MAP_MOVE_PLAYER		= 2993, G: RPG_TURN
_RPG_MAP_PARSE			= 2403, G: RPG_MPAR
_RPG_MAP_SET_TILE		= 2882, G: RPG_TURN
_RPG_MAP_TELEPORT_PLAYER	= 2B10, G: RPG_TURN
_RPG_PROCESS_COMMAND		= 2BAA, G: RPG_TURN
_SOURCE				= 1A5C, G: RPRUN
_VFPRINTF			= 014C, G: SMS_CRT0


FILLER1				= 0015, L: SMS_CRT0
INT_RASTER			= 0038, L: SMS_CRT0
INT_NOT_VBL			= 0042, L: SMS_CRT0
INT_VBL				= 0045, L: SMS_CRT0
FILLER2				= 0055, L: SMS_CRT0
INT_PAUSE			= 0066, L: SMS_CRT0
INT_HANDLER			= 0073, L: SMS_CRT0
INT_LOOP			= 0076, L: SMS_CRT0
INT_DONE			= 0087, L: SMS_CRT0
CALL_INT_HANDLER		= 008E, L: SMS_CRT0
FILLER3				= 008F, L: SMS_CRT0
START				= 0100, L: SMS_CRT0
CLEANUP				= 0128, G: SMS_CRT0
ENDLOOP				= 0129, L: SMS_CRT0
L_DCAL				= 012B, G: SMS_CRT0
DEFAULTINITIALISEVDP		= 012C, L: SMS_CRT0
_DATA				= 013A, L: SMS_CRT0
_VFPRINTF			= 014C, G: SMS_CRT0
_END				= 014C, L: SMS_CRT0
_CHS_GET_PROGCHAR		= 014C, G: CHS_INTR
I_3				= 01B0, L: CHS_INTR
I_4				= 01BE, L: CHS_INTR
_CHS_PUSH			= 01BF, G: CHS_INTR
I_5				= 0213, L: CHS_INTR
I_6				= 0224, L: CHS_INTR
_CHS_POP			= 0225, G: CHS_INTR
I_7				= 0271, L: CHS_INTR
I_8				= 0282, L: CHS_INTR
_CHS_SKIPSTRING			= 0284, G: CHS_INTR
I_11				= 0284, L: CHS_INTR
I_9				= 02AB, L: CHS_INTR
I_12				= 02AB, L: CHS_INTR
I_10				= 02C0, L: CHS_INTR
_CHS_SKIP			= 02C1, G: CHS_INTR
I_15				= 02C5, L: CHS_INTR
I_16				= 02F8, L: CHS_INTR
I_18				= 031C, L: CHS_INTR
I_19				= 033D, L: CHS_INTR
I_20				= 033D, L: CHS_INTR
I_17				= 033D, L: CHS_INTR
I_13				= 033D, L: CHS_INTR
I_14				= 0344, L: CHS_INTR
_CHS_SKIP2			= 0346, G: CHS_INTR
I_23				= 034A, L: CHS_INTR
I_24				= 037D, L: CHS_INTR
I_26				= 03A1, L: CHS_INTR
I_29				= 03DB, L: CHS_INTR
I_25				= 03DF, L: CHS_INTR
I_27				= 03DF, L: CHS_INTR
I_28				= 03DF, L: CHS_INTR
I_21				= 03DF, L: CHS_INTR
I_22				= 03E6, L: CHS_INTR
_CHS_PUSHENV			= 03E8, G: CHS_INTR
I_31				= 04B0, L: CHS_INTR
I_32				= 04C1, L: CHS_INTR
_CHS_POPENV			= 04C2, G: CHS_INTR
I_33				= 054F, L: CHS_INTR
I_34				= 055D, L: CHS_INTR
_CHS_MAKEDEFTABLE		= 055E, G: CHS_INTR
I_35				= 0574, L: CHS_INTR
I_37				= 05A8, L: CHS_INTR
I_36				= 05BD, L: CHS_INTR
I_40				= 05CC, L: CHS_INTR
I_42				= 060B, L: CHS_INTR
I_43_I_42			= 060E, L: CHS_INTR
I_45				= 0663, L: CHS_INTR
I_46_I_45			= 0666, L: CHS_INTR
I_44				= 0697, L: CHS_INTR
I_41				= 0697, L: CHS_INTR
I_38				= 0697, L: CHS_INTR
I_39				= 06B9, L: CHS_INTR
_CHS_INTERPRET			= 06BA, G: CHS_INTR
I_49				= 070D, L: CHS_INTR
I_50				= 0731, L: CHS_INTR
I_51				= 0760, L: CHS_INTR
I_53				= 077D, L: CHS_INTR
I_55				= 07A4, L: CHS_INTR
I_54				= 07CC, L: CHS_INTR
I_52				= 07F4, L: CHS_INTR
I_58				= 0823, L: CHS_INTR
I_59_I_58			= 0826, L: CHS_INTR
I_57				= 085A, L: CHS_INTR
I_62				= 0889, L: CHS_INTR
I_63_I_62			= 088C, L: CHS_INTR
I_61				= 08C0, L: CHS_INTR
I_67				= 08CE, L: CHS_INTR
I_68				= 096D, L: CHS_INTR
I_69				= 0970, L: CHS_INTR
I_70				= 0990, L: CHS_INTR
I_71				= 09BC, L: CHS_INTR
I_72				= 09F3, L: CHS_INTR
I_73				= 0A21, L: CHS_INTR
I_74				= 0A5C, L: CHS_INTR
I_75				= 0A6D, L: CHS_INTR
I_76				= 0A70, L: CHS_INTR
I_77				= 0AAC, L: CHS_INTR
I_78				= 0ABD, L: CHS_INTR
I_79				= 0AC0, L: CHS_INTR
I_80				= 0B22, L: CHS_INTR
I_81				= 0B55, L: CHS_INTR
I_82				= 0B58, L: CHS_INTR
I_83				= 0B9D, L: CHS_INTR
I_84				= 0BCC, L: CHS_INTR
I_85				= 0BCF, L: CHS_INTR
I_86				= 0BDE, L: CHS_INTR
I_87				= 0C13, L: CHS_INTR
I_88				= 0C42, L: CHS_INTR
I_89				= 0C78, L: CHS_INTR
I_90				= 0C7B, L: CHS_INTR
I_91				= 0C84, L: CHS_INTR
I_92				= 0CB2, L: CHS_INTR
I_93				= 0CB5, L: CHS_INTR
I_94				= 0CBE, L: CHS_INTR
I_95				= 0CF4, L: CHS_INTR
I_96				= 0CF7, L: CHS_INTR
I_97				= 0D00, L: CHS_INTR
I_98				= 0D30, L: CHS_INTR
I_99				= 0D33, L: CHS_INTR
I_100				= 0D36, L: CHS_INTR
I_101				= 0D57, L: CHS_INTR
I_102				= 0D6B, L: CHS_INTR
I_103				= 0DA4, L: CHS_INTR
I_104				= 0DE3, L: CHS_INTR
I_105				= 0DE6, L: CHS_INTR
I_107				= 0E47, L: CHS_INTR
I_108_I_107			= 0E4A, L: CHS_INTR
I_110				= 0F10, L: CHS_INTR
I_111				= 0F21, L: CHS_INTR
I_109				= 0F24, L: CHS_INTR
I_112				= 0F35, L: CHS_INTR
I_106				= 0F38, L: CHS_INTR
I_113				= 0F49, L: CHS_INTR
I_114				= 0F4C, L: CHS_INTR
I_115				= 0F90, L: CHS_INTR
I_118				= 0FCF, L: CHS_INTR
I_121				= 1007, L: CHS_INTR
I_122				= 101B, L: CHS_INTR
I_123				= 1033, L: CHS_INTR
I_124				= 104B, L: CHS_INTR
I_120				= 104B, L: CHS_INTR
I_116				= 104B, L: CHS_INTR
I_117				= 105E, L: CHS_INTR
I_127				= 10E8, L: CHS_INTR
I_128				= 111B, L: CHS_INTR
I_130				= 1154, L: CHS_INTR
I_132				= 1184, L: CHS_INTR
I_133				= 11B8, L: CHS_INTR
I_134				= 11B8, L: CHS_INTR
I_131				= 11B8, L: CHS_INTR
I_129				= 11B8, L: CHS_INTR
I_125				= 11B8, L: CHS_INTR
I_126				= 11CB, L: CHS_INTR
I_135				= 11CE, L: CHS_INTR
I_136				= 11CE, L: CHS_INTR
I_137				= 11DD, L: CHS_INTR
I_138				= 1208, L: CHS_INTR
I_139				= 1221, L: CHS_INTR
I_140				= 123A, L: CHS_INTR
I_141				= 1249, L: CHS_INTR
I_142				= 125D, L: CHS_INTR
I_64				= 126E, L: CHS_INTR
I_66				= 126E, L: CHS_INTR
I_60				= 126E, L: CHS_INTR
I_56				= 126E, L: CHS_INTR
I_47				= 126E, L: CHS_INTR
I_143				= 129B, L: CHS_INTR
I_144				= 129E, L: CHS_INTR
I_48				= 12A4, L: CHS_INTR
_CHS_PROCESS_AMP		= 12A6, G: CHS_INTR
I_145				= 12C4, L: CHS_INTR
I_147				= 12F3, L: CHS_INTR
I_148_I_147			= 12F6, L: CHS_INTR
I_149				= 1341, L: CHS_INTR
I_146				= 1344, L: CHS_INTR
_CHS_PROCESS_STRING		= 1369, G: CHS_INTR
I_152				= 136A, L: CHS_INTR
I_156				= 13A8, L: CHS_INTR
I_157				= 13CF, L: CHS_INTR
I_158				= 13E1, L: CHS_INTR
I_159				= 13F3, L: CHS_INTR
I_160				= 1405, L: CHS_INTR
I_161				= 1417, L: CHS_INTR
I_162				= 1429, L: CHS_INTR
I_163				= 143B, L: CHS_INTR
I_164				= 1480, L: CHS_INTR
I_165				= 149E, L: CHS_INTR
I_166				= 1500, L: CHS_INTR
I_167				= 1526, L: CHS_INTR
I_168				= 1529, L: CHS_INTR
I_155				= 1543, L: CHS_INTR
I_153				= 155B, L: CHS_INTR
I_170				= 158F, L: CHS_INTR
I_169				= 158F, L: CHS_INTR
I_150				= 158F, L: CHS_INTR
I_151				= 15A7, L: CHS_INTR
_CHS_DISPLAY_ENVYRO		= 15A9, G: CHS_CONS
I_3				= 15BD, L: CHS_CONS
I_7				= 1604, L: CHS_CONS
I_8_I_7				= 1607, L: CHS_CONS
I_6				= 162D, L: CHS_CONS
I_9				= 1637, L: CHS_CONS
I_5				= 163D, L: CHS_CONS
I_4				= 1654, L: CHS_CONS
I_10				= 1666, L: CHS_CONS
I_12				= 1674, L: CHS_CONS
I_11				= 1680, L: CHS_CONS
_CHS_DISPLAY_ERROR		= 168D, G: CHS_CONS
I_13				= 16A0, L: CHS_CONS
I_15				= 16D1, L: CHS_CONS
I_14				= 16E9, L: CHS_CONS
I_16				= 1721, L: CHS_CONS
I_18				= 1748, L: CHS_CONS
I_17				= 1760, L: CHS_CONS
I_21				= 1784, L: CHS_CONS
I_22				= 17C0, L: CHS_CONS
I_23				= 17CD, L: CHS_CONS
I_24				= 17DA, L: CHS_CONS
I_25				= 17E7, L: CHS_CONS
I_26				= 17F4, L: CHS_CONS
I_27				= 1801, L: CHS_CONS
I_28				= 180E, L: CHS_CONS
I_29				= 181B, L: CHS_CONS
I_30				= 1828, L: CHS_CONS
I_31				= 1835, L: CHS_CONS
I_32				= 1842, L: CHS_CONS
I_33				= 185F, L: CHS_CONS
I_34				= 186C, L: CHS_CONS
I_20				= 1876, L: CHS_CONS
_CHS_DISPLAY_PAUSE		= 1898, G: CHS_CONS
_CHS_DISPLAY_STR		= 1899, G: CHS_CONS
_CHS_DISPLAY_CHAR		= 189A, G: CHS_CONS
_CHS_DISPLAY_INT		= 189B, G: CHS_CONS
_CHS_INPUT_CHAR			= 189C, G: CHS_CONS
_CHS_INPUT_INT			= 18B4, G: CHS_CONS
I_1				= 18C3, L: CHS_CONS
_SOURCE				= 1A5C, G: RPRUN
_DEBG				= 1ABB, G: RPRUN
_MAIN				= 1AFC, G: RPRUN
I_4				= 1B36, L: RPRUN
I_6				= 1B88, L: RPRUN
I_7				= 1BA9, L: RPRUN
I_9				= 1BDC, L: RPRUN
I_11				= 1BF8, L: RPRUN
I_13				= 1C14, L: RPRUN
I_15				= 1C2D, L: RPRUN
I_14				= 1C2D, L: RPRUN
I_12				= 1C2D, L: RPRUN
I_10				= 1C2D, L: RPRUN
I_8				= 1C30, L: RPRUN
I_16				= 1C30, L: RPRUN
I_17				= 1C4E, L: RPRUN
I_5				= 1C51, L: RPRUN
_RPGP_IS_NEWLINE		= 1C57, G: RPG_MPAR
I_3				= 1C7E, L: RPG_MPAR
I_4				= 1C81, L: RPG_MPAR
_RPGP_IS_SPACE			= 1C82, G: RPG_MPAR
I_5				= 1CAA, L: RPG_MPAR
I_6				= 1CAD, L: RPG_MPAR
_RPGP_SKIP_SPACES		= 1CAE, G: RPG_MPAR
I_7				= 1CAE, L: RPG_MPAR
I_8				= 1CD3, L: RPG_MPAR
_RPGP_SKIP_NONSPACES		= 1CD4, G: RPG_MPAR
I_9				= 1CD4, L: RPG_MPAR
I_10				= 1CFA, L: RPG_MPAR
_RPGP_SKIP_NEWLINE		= 1CFB, G: RPG_MPAR
I_12				= 1D3E, L: RPG_MPAR
I_11				= 1D41, L: RPG_MPAR
I_14				= 1D63, L: RPG_MPAR
I_13				= 1D63, L: RPG_MPAR
_RPGP_SKIP_TO_NEWLINE		= 1D64, G: RPG_MPAR
I_15				= 1D64, L: RPG_MPAR
I_16				= 1D8A, L: RPG_MPAR
_RPGP_FIND_CHAR			= 1D8B, G: RPG_MPAR
I_17				= 1D8B, L: RPG_MPAR
I_19				= 1DC1, L: RPG_MPAR
I_18				= 1DD2, L: RPG_MPAR
_RPGP_LINE_LENGTH		= 1DD6, G: RPG_MPAR
I_20				= 1DDA, L: RPG_MPAR
I_22				= 1DFD, L: RPG_MPAR
I_23_I_22			= 1E00, L: RPG_MPAR
I_21				= 1E14, L: RPG_MPAR
_RPGP_COPY_UNTIL_CHAR		= 1E16, G: RPG_MPAR
I_24				= 1E35, L: RPG_MPAR
I_26				= 1E6C, L: RPG_MPAR
I_27				= 1E90, L: RPG_MPAR
I_28_I_27			= 1E93, L: RPG_MPAR
I_25				= 1E96, L: RPG_MPAR
_RPGP_PARSE_PROPERTY		= 1EAB, G: RPG_MPAR
I_30				= 1F13, L: RPG_MPAR
I_33				= 1F34, L: RPG_MPAR
I_34_I_33			= 1F37, L: RPG_MPAR
I_35				= 1FAA, L: RPG_MPAR
I_36				= 1FC3, L: RPG_MPAR
I_32				= 205D, L: RPG_MPAR
I_39				= 207E, L: RPG_MPAR
I_40_I_39			= 2081, L: RPG_MPAR
I_41				= 20BF, L: RPG_MPAR
I_42				= 20D8, L: RPG_MPAR
I_38				= 2135, L: RPG_MPAR
I_37				= 2135, L: RPG_MPAR
I_31				= 2135, L: RPG_MPAR
I_29				= 2138, L: RPG_MPAR
I_48				= 21A1, L: RPG_MPAR
I_45				= 21A1, L: RPG_MPAR
I_49				= 220F, L: RPG_MPAR
I_46				= 2245, L: RPG_MPAR
I_47				= 225D, L: RPG_MPAR
I_43				= 225D, L: RPG_MPAR
I_44				= 225D, L: RPG_MPAR
_RPG_MAP_INIT			= 2263, G: RPG_MPAR
I_50				= 2302, L: RPG_MPAR
I_52				= 237F, L: RPG_MPAR
I_51				= 2386, L: RPG_MPAR
I_53				= 23B1, L: RPG_MPAR
I_55				= 23F7, L: RPG_MPAR
I_54				= 23FE, L: RPG_MPAR
_RPG_MAP_PARSE			= 2403, G: RPG_MPAR
I_56				= 2433, L: RPG_MPAR
I_58				= 2463, L: RPG_MPAR
I_57				= 2481, L: RPG_MPAR
I_1				= 2483, L: RPG_MPAR
_PAL1				= 2487, G: RPG_DISP
_RPG_DISPLAY_INIT		= 2497, G: RPG_DISP
_RPG_DISPLAY_MAP		= 24EF, G: RPG_DISP
I_4				= 2502, L: RPG_DISP
I_7				= 254E, L: RPG_DISP
I_9				= 2581, L: RPG_DISP
I_8				= 259A, L: RPG_DISP
I_6				= 25D0, L: RPG_DISP
I_5				= 25EB, L: RPG_DISP
I_1				= 25F1, L: RPG_DISP
_RPG_MAP_GET_TILE		= 25F7, G: RPG_TURN
_RPG_MAP_GET_TILE_TYPE_PROG	= 2622, G: RPG_TURN
I_3				= 2657, L: RPG_TURN
I_5				= 268A, L: RPG_TURN
I_6_I_5				= 268D, L: RPG_TURN
I_8				= 26B4, L: RPG_TURN
I_9_I_8				= 26B7, L: RPG_TURN
I_10				= 274C, L: RPG_TURN
I_11				= 275E, L: RPG_TURN
I_7				= 2761, L: RPG_TURN
I_14				= 2788, L: RPG_TURN
I_15_I_14			= 278B, L: RPG_TURN
I_16				= 280F, L: RPG_TURN
I_17				= 2821, L: RPG_TURN
I_13				= 2824, L: RPG_TURN
I_18				= 2836, L: RPG_TURN
I_12				= 2836, L: RPG_TURN
I_4				= 2847, L: RPG_TURN
_RPG_MAP_GET_TILE_TYPE		= 284B, G: RPG_TURN
_RPG_MAP_SET_TILE		= 2882, G: RPG_TURN
_RPG_MAP_LOCATE_PLAYER		= 28B5, G: RPG_TURN
I_19				= 28C6, L: RPG_TURN
I_22				= 28D4, L: RPG_TURN
I_25				= 293F, L: RPG_TURN
I_24				= 294D, L: RPG_TURN
I_23				= 2966, L: RPG_TURN
I_21				= 2974, L: RPG_TURN
I_20				= 298F, L: RPG_TURN
_RPG_MAP_MOVE_PLAYER		= 2993, G: RPG_TURN
I_26				= 2A53, L: RPG_TURN
I_27				= 2A6A, L: RPG_TURN
_RPG_MAP_TELEPORT_PLAYER	= 2B10, G: RPG_TURN
I_28				= 2B50, L: RPG_TURN
I_29				= 2B7D, L: RPG_TURN
_RPG_PROCESS_COMMAND		= 2BAA, G: RPG_TURN
I_31				= 2BCC, L: RPG_TURN
I_30				= 2BD8, L: RPG_TURN
I_33				= 2BFE, L: RPG_TURN
I_35				= 2C22, L: RPG_TURN
I_37				= 2C48, L: RPG_TURN
I_39				= 2C69, L: RPG_TURN
I_38				= 2C69, L: RPG_TURN
I_36				= 2C69, L: RPG_TURN
I_34				= 2C69, L: RPG_TURN
_RPG_CHS_RUN_PROG		= 2C6A, G: RPG_LCHS
I_3				= 2CB7, L: RPG_LCHS
I_4				= 2D53, L: RPG_LCHS
_RPG_MAP_LOAD			= 2D59, G: RPG_LCHS
I_1				= 2D7A, L: RPG_LCHS
_PAGE0_BANK			= 2D9D, G: MFS
_PAGE1_BANK			= 2D9F, G: MFS
_PAGE2_BANK			= 2DA1, G: MFS
_PAGE0_ADDR			= 2DA3, G: MFS
_PAGE1_ADDR			= 2DA5, G: MFS
_PAGE2_ADDR			= 2DA7, G: MFS
_MFS_STR_TO_FNAME		= 2DA9, G: MFS
I_9				= 2DB6, L: MFS
I_11				= 2DEF, L: MFS
I_12				= 2E0C, L: MFS
I_13_I_12			= 2E0F, L: MFS
I_10				= 2E12, L: MFS
I_14				= 2E15, L: MFS
I_16				= 2E3A, L: MFS
I_15				= 2E4A, L: MFS
I_17				= 2E4D, L: MFS
I_19				= 2E86, L: MFS
I_18				= 2E96, L: MFS
I_20				= 2E99, L: MFS
I_22				= 2EBE, L: MFS
I_21				= 2ECE, L: MFS
_MFS_FIND_DIR_ENTRY		= 2ED0, G: MFS
I_23				= 2F1B, L: MFS
I_25				= 2F64, L: MFS
I_26				= 2FB0, L: MFS
I_28				= 2FD2, L: MFS
I_29				= 2FDB, L: MFS
I_27				= 2FDB, L: MFS
I_24				= 2FDE, L: MFS
I_30				= 3008, L: MFS
I_31				= 3011, L: MFS
_MFS_DECODE_ENTRY		= 3017, G: MFS
_MFS_FETCH			= 308E, G: MFS
_MFS_FETCH_FILE			= 30AE, G: MFS
_CHS_FIND_FUNCTION		= 30E7, G: CHS_FUNC
I_3				= 3100, L: CHS_FUNC
I_5				= 3178, L: CHS_FUNC
I_7				= 3193, L: CHS_FUNC
I_8				= 31A2, L: CHS_FUNC
I_6				= 31A2, L: CHS_FUNC
I_4				= 31A5, L: CHS_FUNC
_CHS_EXECUTE_FUNCTION		= 31AE, G: CHS_FUNC
I_9				= 31D9, L: CHS_FUNC
I_10				= 31EA, L: CHS_FUNC
_CHS_FUNC_ABOUT			= 31EC, G: CHS_FUNC
_CHS_FUNC_GET_FLAG		= 31FE, G: CHS_FUNC
_CHS_FUNC_GET_INT		= 325D, G: CHS_FUNC
_CHS_FUNC_LOADMAP		= 32A2, G: CHS_FUNC
_CHS_FUNC_PAUSE			= 3300, G: CHS_FUNC
_CHS_FUNC_SET_FLAG		= 330D, G: CHS_FUNC
I_11				= 333E, L: CHS_FUNC
I_12				= 3341, L: CHS_FUNC
_CHS_FUNC_SET_INT		= 33F7, G: CHS_FUNC
_CHS_FUNC_TELEPORT_PLAYER	= 343E, G: CHS_FUNC
_FUNCTION_NAMES			= 3489, G: CHS_FUNC
_FUNCTION_POINTERS		= 3499, G: CHS_FUNC
I_1				= 34A9, L: CHS_FUNC
ISDIGIT				= 34E3, G: ISDIGIT
L_ASL				= 34F3, G: L_ASL
L_ASL1				= 34F4, L: L_ASL
L_CASE				= 34F9, G: L_CASE
SWLOOP				= 34FB, L: L_CASE
SWEND				= 350F, L: L_CASE
L_DIV				= 3510, G: L_DIV
L_DIV0				= 3520, L: L_DIV
L_DIV01				= 352F, L: L_DIV
L_DIV1				= 353D, L: L_DIV
L_DIV2				= 354A, L: L_DIV
DOSIGN				= 355B, L: L_DIV
L_EQ				= 3565, G: L_EQ
L_GCHAR				= 356D, G: L_GCHAR
L_SXT				= 356E, L: L_GCHAR
L_GE				= 3573, G: L_GE
L_CMP				= 3578, G: L_CMP
L_GINT				= 3584, G: L_GINT
L_GT				= 3589, G: L_GT
L_LE				= 358F, G: L_LE
L_LNEG				= 3597, G: L_LNEG
L_LNEG1				= 359F, L: L_LNEG
L_LT				= 35A2, G: L_LT
L_MULT				= 35A7, G: L_MULT
L_MULT1				= 35AE, L: L_MULT
L_MULT2				= 35B5, L: L_MULT
L_NE				= 35B8, G: L_NE
L_NEG				= 35BF, G: L_NEG
L_COM				= 35C4, G: L_COM
L_OR				= 35CB, G: L_OR
L_PINT				= 35D2, G: L_PINT
L_SXT				= 35D8, G: L_SXT
TOLOWER				= 35DD, G: TOLOWER
TOUPPER				= 35EF, G: TOUPPER
PRINTF				= 3601, G: PRINTF
GETARG				= 3631, G: GETARG
READ_JOYPAD1			= 3634, G: READ_JOYPAD1
SET_BKG_MAP			= 363B, G: SET_BKG_MAP
LINELOOP			= 3663, L: SET_BKG_MAP
NOTCARRY			= 366F, L: SET_BKG_MAP
DRAWONELINE			= 3675, G: DRAWONELINE
LOOP				= 367D, L: DRAWONELINE
VRAMTOHL			= 368B, G: VRAMTOHL
STRCPY				= 3696, G: STRCPY
STRCPY1				= 36A4, L: STRCPY
WAIT_VBLANK_NOINT		= 36AF, G: WAIT_VBLANK_NOINT
LOOP				= 36AF, L: WAIT_VBLANK_NOINT
GET_VCOUNT			= 36B9, G: GET_VCOUNT
LOOP				= 36BB, L: GET_VCOUNT
ATOI				= 36C5, G: ATOI
I_3				= 36CF, L: ATOI
I_4				= 36E4, L: ATOI
I_5				= 36F9, L: ATOI
I_6				= 36FC, L: ATOI
I_8				= 3710, L: ATOI
I_7				= 3713, L: ATOI
I_10				= 371D, L: ATOI
I_12				= 373C, L: ATOI
I_11				= 374B, L: ATOI
ISSPACE				= 3762, G: ISSPACE
ISALPHA				= 3778, G: ISALPHA
STRCMP				= 3790, G: STRCMP
STRCMP1				= 379C, L: STRCMP
STRCMP2				= 37A8, L: STRCMP
GOTOXY				= 37AF, G: GOTOXY
LOAD_PALETTE			= 37CC, G: LOAD_PALETTE
LOADPALETTE			= 37DA, L: LOAD_PALETTE
LOAD_TILES			= 37E6, G: LOAD_TILES
LOADTILES			= 37FF, L: LOAD_TILES
_LOOP				= 382D, L: LOAD_TILES
_DATALOOP			= 382E, L: LOAD_TILES
_BLANKLOOP			= 383A, L: LOAD_TILES
_NOMOREBLANKS			= 3848, L: LOAD_TILES
PUTS				= 3855, G: PUTS
FPUTC				= 3871, G: FPUTC
NO_STRING			= 389D, L: FPUTC
NO_CONS				= 38AC, L: FPUTC
FCHKSTD				= 38BA, G: FCHKSTD
FPUTC_CONS			= 38D6, G: FPUTC_CONS
NOCRLF				= 3907, L: FPUTC_CONS
NOCLS				= 390B, L: FPUTC_CONS
WRITEBYTE			= 3920, G: WRITEBYTE
FPUTS				= 3921, G: FPUTS
LOOP				= 3929, L: FPUTS
SET_VDP_REG			= 3945, G: SET_VDP_REG
STANDARD_FONT			= 3952, G: STANDARD_FONT
SPRINTF				= 4152, G: SPRINTF
L_AND				= 41B5, G: L_AND
L_ASR_U				= 41BC, G: L_ASR_U
L_ASR_U_1			= 41BD, L: L_ASR_U
STRNCMP				= 41C6, G: STRNCMP
LOOP				= 41D6, L: STRNCMP
SETZERO				= 41E4, L: STRNCMP
OUTTAHERE			= 41E8, L: STRNCMP
L_ASR				= 41EF, G: L_ASR
L_ASR1				= 41F0, L: L_ASR
