ABS				= 186B, G: ABS
APBRANCH1			= 1910, L: APLIB_DEPACK
APBRANCH2			= 18B9, L: APLIB_DEPACK
APBRANCH3			= 1957, L: APLIB_DEPACK
APBRANCH4			= 194C, L: APLIB_DEPACK
APLIB_DEPACK			= 1881, G: APLIB_DEPACK
APLOOP				= 1922, L: APLIB_DEPACK
AP_DONT_INC_B			= 1961, L: APLIB_DEPACK
AP_FINISHUP			= 1909, L: APLIB_DEPACK
AP_GETBIT			= 1890, L: APLIB_DEPACK
AP_GETBITBC			= 18A3, L: APLIB_DEPACK
AP_GETBIT_CONTINUE		= 189B, L: APLIB_DEPACK
AP_GETGAMMA			= 18AD, L: APLIB_DEPACK
AP_GETGAMMALOOP			= 18B0, L: APLIB_DEPACK
AP_NOT_LWM			= 18DC, L: APLIB_DEPACK
AP_NOT_ZERO_GAMMA		= 18DB, L: APLIB_DEPACK
CALL_INT_HANDLER		= 008E, L: SMS_CRT0
CLEANUP				= 0128, G: SMS_CRT0
DEFAULTINITIALISEVDP		= 012C, L: SMS_CRT0
DEPACK				= 1918, L: APLIB_DEPACK
DOSIGN				= 1A65, L: L_DIV
DRAWONELINE			= 1B47, G: DRAWONELINE
ENDLOOP				= 0129, L: SMS_CRT0
FILLER1				= 0015, L: SMS_CRT0
FILLER2				= 0055, L: SMS_CRT0
FILLER3				= 008F, L: SMS_CRT0
GET_VCOUNT			= 1BA8, G: GET_VCOUNT
INT_DONE			= 0087, L: SMS_CRT0
INT_HANDLER			= 0073, L: SMS_CRT0
INT_LOOP			= 0076, L: SMS_CRT0
INT_NOT_VBL			= 0042, L: SMS_CRT0
INT_PAUSE			= 0066, L: SMS_CRT0
INT_RASTER			= 0038, L: SMS_CRT0
INT_VBL				= 0045, L: SMS_CRT0
I_10				= 0383, L: RACER
I_100				= 12E2, L: RACER
I_101				= 1318, L: RACER
I_102				= 1308, L: RACER
I_103				= 1446, L: RACER
I_104				= 15FB, L: RACER
I_105				= 15F8, L: RACER
I_106				= 148C, L: RACER
I_107				= 1489, L: RACER
I_108				= 1504, L: RACER
I_109				= 14C6, L: RACER
I_11				= 03A4, L: RACER
I_110				= 14C3, L: RACER
I_111				= 1504, L: RACER
I_112				= 14DF, L: RACER
I_113				= 1504, L: RACER
I_114				= 14FB, L: RACER
I_115				= 1504, L: RACER
I_116				= 152D, L: RACER
I_117				= 152D, L: RACER
I_118				= 15EA, L: RACER
I_119				= 15B4, L: RACER
I_12				= 03A8, L: RACER
I_120				= 15EA, L: RACER
I_121				= 15DA, L: RACER
I_13				= 0467, L: RACER
I_14				= 0487, L: RACER
I_15				= 04AC, L: RACER
I_16				= 04D1, L: RACER
I_17				= 057C, L: RACER
I_18				= 0633, L: RACER
I_19				= 0621, L: RACER
I_20				= 0588, L: RACER
I_21				= 061B, L: RACER
I_22				= 060C, L: RACER
I_23				= 0608, L: RACER
I_24				= 0608, L: RACER
I_25				= 06EF, L: RACER
I_26				= 06EF, L: RACER
I_27				= 07C1, L: RACER
I_28				= 071A, L: RACER
I_29				= 0728, L: RACER
I_30				= 07B8, L: RACER
I_31				= 080C, L: RACER
I_32				= 080C, L: RACER
I_33				= 08D3, L: RACER
I_34				= 0833, L: RACER
I_35				= 0839, L: RACER
I_36				= 08CA, L: RACER
I_37				= 099C, L: RACER
I_38				= 0A16, L: RACER
I_39				= 0A38, L: RACER
I_4				= 0315, L: RACER
I_40				= 0A52, L: RACER
I_41				= 0AF9, L: RACER
I_42				= 0AF3, L: RACER
I_44				= 0B13, L: RACER
I_45				= 0BB7, L: RACER
I_46				= 0BAB, L: RACER
I_47				= 0B31, L: RACER
I_48				= 0B8E, L: RACER
I_49				= 0B85, L: RACER
I_5				= 0329, L: RACER
I_50				= 0C20, L: RACER
I_51				= 0C2C, L: RACER
I_52				= 0BE7, L: RACER
I_53				= 0CB4, L: RACER
I_54				= 0CDC, L: RACER
I_55				= 0CFF, L: RACER
I_56				= 0D71, L: RACER
I_57				= 0D94, L: RACER
I_58				= 0E87, L: RACER
I_59				= 0EBD, L: RACER
I_6				= 032D, L: RACER
I_60				= 0EB0, L: RACER
I_61				= 0E8F, L: RACER
I_62				= 0EAA, L: RACER
I_63				= 0E9E, L: RACER
I_64				= 0ED9, L: RACER
I_65				= 0F0D, L: RACER
I_66				= 0F0D, L: RACER
I_67				= 0F2B, L: RACER
I_68				= 0F63, L: RACER
I_69				= 0F63, L: RACER
I_7				= 035E, L: RACER
I_70				= 115F, L: RACER
I_71				= 10BF, L: RACER
I_72				= 1058, L: RACER
I_73				= 10BC, L: RACER
I_74				= 10B5, L: RACER
I_75				= 1073, L: RACER
I_76				= 10A4, L: RACER
I_77				= 109B, L: RACER
I_78				= 1143, L: RACER
I_79				= 10DF, L: RACER
I_8				= 0355, L: RACER
I_80				= 1143, L: RACER
I_81				= 113C, L: RACER
I_82				= 10FA, L: RACER
I_83				= 112B, L: RACER
I_84				= 1122, L: RACER
I_85				= 12A5, L: RACER
I_86				= 1201, L: RACER
I_87				= 1196, L: RACER
I_88				= 11FE, L: RACER
I_89				= 11F5, L: RACER
I_9				= 037F, L: RACER
I_90				= 11AD, L: RACER
I_91				= 11E2, L: RACER
I_92				= 11D6, L: RACER
I_93				= 128B, L: RACER
I_94				= 1223, L: RACER
I_95				= 128B, L: RACER
I_96				= 1282, L: RACER
I_97				= 123A, L: RACER
I_98				= 126F, L: RACER
I_99				= 1263, L: RACER
LINELOOP			= 1B35, L: SET_BKG_MAP
LOADPALETTE			= 1987, L: LOAD_PALETTE
LOADTILES			= 19AC, L: LOAD_TILES
LOAD_PALETTE			= 1979, G: LOAD_PALETTE
LOAD_TILES			= 1993, G: LOAD_TILES
LOOP				= 1BAA, L: GET_VCOUNT
LOOP				= 1B9E, L: WAIT_VBLANK_NOINT
LOOP				= 1B4F, L: DRAWONELINE
L_AND				= 1A02, G: L_AND
L_ASL				= 1A09, G: L_ASL
L_ASL1				= 1A0A, L: L_ASL
L_ASR				= 1A0F, G: L_ASR
L_ASR1				= 1A10, L: L_ASR
L_CMP				= 1A9F, G: L_CMP
L_COM				= 187A, G: L_COM
L_DCAL				= 012B, G: SMS_CRT0
L_DIV				= 1A1A, G: L_DIV
L_DIV0				= 1A2A, L: L_DIV
L_DIV01				= 1A39, L: L_DIV
L_DIV1				= 1A7B, L: L_DIV_U
L_DIV1				= 1A47, L: L_DIV
L_DIV2				= 1A88, L: L_DIV_U
L_DIV2				= 1A54, L: L_DIV
L_DIV_U				= 1A6F, G: L_DIV_U
L_GCHAR				= 1A94, G: L_GCHAR
L_GE				= 1A9A, G: L_GE
L_GINT				= 1AAB, G: L_GINT
L_GT				= 1AB0, G: L_GT
L_LNEG				= 1AB6, G: L_LNEG
L_LNEG1				= 1ABE, L: L_LNEG
L_LT				= 1AC1, G: L_LT
L_NE				= 1AC6, G: L_NE
L_NEG				= 1875, G: L_NEG
L_PINT				= 1ACD, G: L_PINT
L_SXT				= 1AD3, G: L_SXT
L_SXT				= 1A95, L: L_GCHAR
MEMCPY				= 1AD8, G: MEMCPY
NOTCARRY			= 1B41, L: SET_BKG_MAP
READ_JOYPAD1			= 1AF1, G: READ_JOYPAD1
SCROLL_BKG			= 1AF8, G: SCROLL_BKG
SET_BKG_MAP			= 1B0D, G: SET_BKG_MAP
SET_SPRITE			= 1B68, G: SET_SPRITE
SET_VDP_REG			= 1B91, G: SET_VDP_REG
SKIP1				= 18F1, L: APLIB_DEPACK
SKIP2				= 18F8, L: APLIB_DEPACK
SKIP3				= 1900, L: APLIB_DEPACK
START				= 0100, L: SMS_CRT0
VRAMTOHL			= 1B5D, G: VRAMTOHL
WAIT_VBLANK_NOINT		= 1B9E, G: WAIT_VBLANK_NOINT
_ASR				= 02F0, G: RACER
_BLANKLOOP			= 19E7, L: LOAD_TILES
_CALC_BKG_SCROLL		= 0EC0, G: RACER
_COLLIDE_ACTOR_MAP		= 0642, G: RACER
_COLLIDE_RECT			= 03A9, G: RACER
_COLLIDE_RECT_MAP		= 0518, G: RACER
_DATA				= 013A, L: SMS_CRT0
_DATALOOP			= 19DB, L: LOAD_TILES
_DRAW_ACTOR			= 0A1A, G: RACER
_DRAW_BKG			= 0E7F, G: RACER
_DRAW_BKG_SCROLL		= 0F64, G: RACER
_DRAW_HALF_MAP_COORD		= 0E32, G: RACER
_DRAW_HALF_TILE			= 0CB5, G: RACER
_DRAW_MAP_COORD			= 0DE5, G: RACER
_DRAW_NUMBER			= 0BBD, G: RACER
_DRAW_QUARTER_TILE		= 0D5E, G: RACER
_END				= 014C, L: SMS_CRT0
_FROM_FP			= 02DC, G: RACER
_GET_MAP_TILE			= 04E0, G: RACER
_LOAD_MAIN_TILESET		= 028C, G: RACER
_LOOP				= 19DA, L: LOAD_TILES
_MAIN				= 12AB, G: RACER
_MAP				= 014C, G: RACER
_MAX				= 035F, G: RACER
_MEMSETW			= 032A, G: RACER
_MIN				= 0384, G: RACER
_MOVE_ACTOR			= 08DE, G: RACER
_NOMOREBLANKS			= 19F5, L: LOAD_TILES
_PAL_SPRITE			= 185B, G: RACER
_PAL_TERRAIN			= 184B, G: RACER
_REFRESH_SCORE			= 0C56, G: RACER
_SHAKEOFF_ACTOR_HORIZ		= 06AF, G: RACER
_SHAKEOFF_ACTOR_VERT		= 07CC, G: RACER
_SPRITE_TILESET_APK		= 1771, G: RACER
_TERRAIN_TILESET_APK		= 1601, G: RACER
_TO_FP				= 02E6, G: RACER
_VFPRINTF			= 014C, G: SMS_CRT0


FILLER1				= 0015, L: SMS_CRT0
INT_RASTER			= 0038, L: SMS_CRT0
INT_NOT_VBL			= 0042, L: SMS_CRT0
INT_VBL				= 0045, L: SMS_CRT0
FILLER2				= 0055, L: SMS_CRT0
INT_PAUSE			= 0066, L: SMS_CRT0
INT_HANDLER			= 0073, L: SMS_CRT0
INT_LOOP			= 0076, L: SMS_CRT0
INT_DONE			= 0087, L: SMS_CRT0
CALL_INT_HANDLER		= 008E, L: SMS_CRT0
FILLER3				= 008F, L: SMS_CRT0
START				= 0100, L: SMS_CRT0
CLEANUP				= 0128, G: SMS_CRT0
ENDLOOP				= 0129, L: SMS_CRT0
L_DCAL				= 012B, G: SMS_CRT0
DEFAULTINITIALISEVDP		= 012C, L: SMS_CRT0
_DATA				= 013A, L: SMS_CRT0
_VFPRINTF			= 014C, G: SMS_CRT0
_MAP				= 014C, G: RACER
_END				= 014C, L: SMS_CRT0
_LOAD_MAIN_TILESET		= 028C, G: RACER
_FROM_FP			= 02DC, G: RACER
_TO_FP				= 02E6, G: RACER
_ASR				= 02F0, G: RACER
I_4				= 0315, L: RACER
I_5				= 0329, L: RACER
_MEMSETW			= 032A, G: RACER
I_6				= 032D, L: RACER
I_8				= 0355, L: RACER
I_7				= 035E, L: RACER
_MAX				= 035F, G: RACER
I_9				= 037F, L: RACER
I_10				= 0383, L: RACER
_MIN				= 0384, G: RACER
I_11				= 03A4, L: RACER
I_12				= 03A8, L: RACER
_COLLIDE_RECT			= 03A9, G: RACER
I_13				= 0467, L: RACER
I_14				= 0487, L: RACER
I_15				= 04AC, L: RACER
I_16				= 04D1, L: RACER
_GET_MAP_TILE			= 04E0, G: RACER
_COLLIDE_RECT_MAP		= 0518, G: RACER
I_17				= 057C, L: RACER
I_20				= 0588, L: RACER
I_24				= 0608, L: RACER
I_23				= 0608, L: RACER
I_22				= 060C, L: RACER
I_21				= 061B, L: RACER
I_19				= 0621, L: RACER
I_18				= 0633, L: RACER
_COLLIDE_ACTOR_MAP		= 0642, G: RACER
_SHAKEOFF_ACTOR_HORIZ		= 06AF, G: RACER
I_26				= 06EF, L: RACER
I_25				= 06EF, L: RACER
I_28				= 071A, L: RACER
I_29				= 0728, L: RACER
I_30				= 07B8, L: RACER
I_27				= 07C1, L: RACER
_SHAKEOFF_ACTOR_VERT		= 07CC, G: RACER
I_32				= 080C, L: RACER
I_31				= 080C, L: RACER
I_34				= 0833, L: RACER
I_35				= 0839, L: RACER
I_36				= 08CA, L: RACER
I_33				= 08D3, L: RACER
_MOVE_ACTOR			= 08DE, G: RACER
I_37				= 099C, L: RACER
I_38				= 0A16, L: RACER
_DRAW_ACTOR			= 0A1A, G: RACER
I_39				= 0A38, L: RACER
I_40				= 0A52, L: RACER
I_42				= 0AF3, L: RACER
I_41				= 0AF9, L: RACER
I_44				= 0B13, L: RACER
I_47				= 0B31, L: RACER
I_49				= 0B85, L: RACER
I_48				= 0B8E, L: RACER
I_46				= 0BAB, L: RACER
I_45				= 0BB7, L: RACER
_DRAW_NUMBER			= 0BBD, G: RACER
I_52				= 0BE7, L: RACER
I_50				= 0C20, L: RACER
I_51				= 0C2C, L: RACER
_REFRESH_SCORE			= 0C56, G: RACER
I_53				= 0CB4, L: RACER
_DRAW_HALF_TILE			= 0CB5, G: RACER
I_54				= 0CDC, L: RACER
I_55				= 0CFF, L: RACER
_DRAW_QUARTER_TILE		= 0D5E, G: RACER
I_56				= 0D71, L: RACER
I_57				= 0D94, L: RACER
_DRAW_MAP_COORD			= 0DE5, G: RACER
_DRAW_HALF_MAP_COORD		= 0E32, G: RACER
_DRAW_BKG			= 0E7F, G: RACER
I_58				= 0E87, L: RACER
I_61				= 0E8F, L: RACER
I_63				= 0E9E, L: RACER
I_62				= 0EAA, L: RACER
I_60				= 0EB0, L: RACER
I_59				= 0EBD, L: RACER
_CALC_BKG_SCROLL		= 0EC0, G: RACER
I_64				= 0ED9, L: RACER
I_66				= 0F0D, L: RACER
I_65				= 0F0D, L: RACER
I_67				= 0F2B, L: RACER
I_68				= 0F63, L: RACER
I_69				= 0F63, L: RACER
_DRAW_BKG_SCROLL		= 0F64, G: RACER
I_72				= 1058, L: RACER
I_75				= 1073, L: RACER
I_77				= 109B, L: RACER
I_76				= 10A4, L: RACER
I_74				= 10B5, L: RACER
I_73				= 10BC, L: RACER
I_71				= 10BF, L: RACER
I_79				= 10DF, L: RACER
I_82				= 10FA, L: RACER
I_84				= 1122, L: RACER
I_83				= 112B, L: RACER
I_81				= 113C, L: RACER
I_80				= 1143, L: RACER
I_78				= 1143, L: RACER
I_70				= 115F, L: RACER
I_87				= 1196, L: RACER
I_90				= 11AD, L: RACER
I_92				= 11D6, L: RACER
I_91				= 11E2, L: RACER
I_89				= 11F5, L: RACER
I_88				= 11FE, L: RACER
I_86				= 1201, L: RACER
I_94				= 1223, L: RACER
I_97				= 123A, L: RACER
I_99				= 1263, L: RACER
I_98				= 126F, L: RACER
I_96				= 1282, L: RACER
I_93				= 128B, L: RACER
I_95				= 128B, L: RACER
I_85				= 12A5, L: RACER
_MAIN				= 12AB, G: RACER
I_100				= 12E2, L: RACER
I_102				= 1308, L: RACER
I_101				= 1318, L: RACER
I_103				= 1446, L: RACER
I_107				= 1489, L: RACER
I_106				= 148C, L: RACER
I_110				= 14C3, L: RACER
I_109				= 14C6, L: RACER
I_112				= 14DF, L: RACER
I_114				= 14FB, L: RACER
I_115				= 1504, L: RACER
I_113				= 1504, L: RACER
I_111				= 1504, L: RACER
I_108				= 1504, L: RACER
I_116				= 152D, L: RACER
I_117				= 152D, L: RACER
I_119				= 15B4, L: RACER
I_121				= 15DA, L: RACER
I_118				= 15EA, L: RACER
I_120				= 15EA, L: RACER
I_105				= 15F8, L: RACER
I_104				= 15FB, L: RACER
_TERRAIN_TILESET_APK		= 1601, G: RACER
_SPRITE_TILESET_APK		= 1771, G: RACER
_PAL_TERRAIN			= 184B, G: RACER
_PAL_SPRITE			= 185B, G: RACER
ABS				= 186B, G: ABS
L_NEG				= 1875, G: L_NEG
L_COM				= 187A, G: L_COM
APLIB_DEPACK			= 1881, G: APLIB_DEPACK
AP_GETBIT			= 1890, L: APLIB_DEPACK
AP_GETBIT_CONTINUE		= 189B, L: APLIB_DEPACK
AP_GETBITBC			= 18A3, L: APLIB_DEPACK
AP_GETGAMMA			= 18AD, L: APLIB_DEPACK
AP_GETGAMMALOOP			= 18B0, L: APLIB_DEPACK
APBRANCH2			= 18B9, L: APLIB_DEPACK
AP_NOT_ZERO_GAMMA		= 18DB, L: APLIB_DEPACK
AP_NOT_LWM			= 18DC, L: APLIB_DEPACK
SKIP1				= 18F1, L: APLIB_DEPACK
SKIP2				= 18F8, L: APLIB_DEPACK
SKIP3				= 1900, L: APLIB_DEPACK
AP_FINISHUP			= 1909, L: APLIB_DEPACK
APBRANCH1			= 1910, L: APLIB_DEPACK
DEPACK				= 1918, L: APLIB_DEPACK
APLOOP				= 1922, L: APLIB_DEPACK
APBRANCH4			= 194C, L: APLIB_DEPACK
APBRANCH3			= 1957, L: APLIB_DEPACK
AP_DONT_INC_B			= 1961, L: APLIB_DEPACK
LOAD_PALETTE			= 1979, G: LOAD_PALETTE
LOADPALETTE			= 1987, L: LOAD_PALETTE
LOAD_TILES			= 1993, G: LOAD_TILES
LOADTILES			= 19AC, L: LOAD_TILES
_LOOP				= 19DA, L: LOAD_TILES
_DATALOOP			= 19DB, L: LOAD_TILES
_BLANKLOOP			= 19E7, L: LOAD_TILES
_NOMOREBLANKS			= 19F5, L: LOAD_TILES
L_AND				= 1A02, G: L_AND
L_ASL				= 1A09, G: L_ASL
L_ASL1				= 1A0A, L: L_ASL
L_ASR				= 1A0F, G: L_ASR
L_ASR1				= 1A10, L: L_ASR
L_DIV				= 1A1A, G: L_DIV
L_DIV0				= 1A2A, L: L_DIV
L_DIV01				= 1A39, L: L_DIV
L_DIV1				= 1A47, L: L_DIV
L_DIV2				= 1A54, L: L_DIV
DOSIGN				= 1A65, L: L_DIV
L_DIV_U				= 1A6F, G: L_DIV_U
L_DIV1				= 1A7B, L: L_DIV_U
L_DIV2				= 1A88, L: L_DIV_U
L_GCHAR				= 1A94, G: L_GCHAR
L_SXT				= 1A95, L: L_GCHAR
L_GE				= 1A9A, G: L_GE
L_CMP				= 1A9F, G: L_CMP
L_GINT				= 1AAB, G: L_GINT
L_GT				= 1AB0, G: L_GT
L_LNEG				= 1AB6, G: L_LNEG
L_LNEG1				= 1ABE, L: L_LNEG
L_LT				= 1AC1, G: L_LT
L_NE				= 1AC6, G: L_NE
L_PINT				= 1ACD, G: L_PINT
L_SXT				= 1AD3, G: L_SXT
MEMCPY				= 1AD8, G: MEMCPY
READ_JOYPAD1			= 1AF1, G: READ_JOYPAD1
SCROLL_BKG			= 1AF8, G: SCROLL_BKG
SET_BKG_MAP			= 1B0D, G: SET_BKG_MAP
LINELOOP			= 1B35, L: SET_BKG_MAP
NOTCARRY			= 1B41, L: SET_BKG_MAP
DRAWONELINE			= 1B47, G: DRAWONELINE
LOOP				= 1B4F, L: DRAWONELINE
VRAMTOHL			= 1B5D, G: VRAMTOHL
SET_SPRITE			= 1B68, G: SET_SPRITE
SET_VDP_REG			= 1B91, G: SET_VDP_REG
WAIT_VBLANK_NOINT		= 1B9E, G: WAIT_VBLANK_NOINT
LOOP				= 1B9E, L: WAIT_VBLANK_NOINT
GET_VCOUNT			= 1BA8, G: GET_VCOUNT
LOOP				= 1BAA, L: GET_VCOUNT
