CALL_INT_HANDLER		= 008E, L: SMS_CRT0
CKCLOSED			= 1251, L: FCLOSE
CLEANUP				= 0137, G: SMS_CRT0
CLOSE				= 1264, G: CLOSE
CLOSEALL			= 11DB, G: CLOSEALL
DEFAULTINITIALISEVDP		= 013E, L: SMS_CRT0
DOSIGN				= 1771, L: L_DIV
ENDLOOP				= 013B, L: SMS_CRT0
FABANDON			= 1213, G: FABANDON
FCHKSTD				= 1265, G: FCHKSTD
FCLOSE				= 1227, G: FCLOSE
FILLER1				= 0015, L: SMS_CRT0
FILLER2				= 0055, L: SMS_CRT0
FILLER3				= 008F, L: SMS_CRT0
FPUTC				= 1525, G: FPUTC
FPUTC_CONS			= 156E, G: FPUTC_CONS
GETARG				= 16FF, G: GETARG
INT_DONE			= 0087, L: SMS_CRT0
INT_HANDLER			= 0073, L: SMS_CRT0
INT_LOOP			= 0076, L: SMS_CRT0
INT_NOT_VBL			= 0042, L: SMS_CRT0
INT_PAUSE			= 0066, L: SMS_CRT0
INT_RASTER			= 0038, L: SMS_CRT0
INT_VBL				= 0045, L: SMS_CRT0
IS_CLOSED			= 1257, L: FCLOSE
I_1				= 11B9, L: MAIN
I_1				= 03AF, L: MTH_MEM
I_1				= 01FC, L: MTH_ERR
I_10				= 1302, L: VFPRINTF_MINI
I_10				= 09D6, L: MOUSETH
I_10				= 068D, L: MTH_SYS
I_10				= 01D4, L: MTH_ERR
I_11				= 0A03, L: MOUSETH
I_11				= 06F3, L: MTH_SYS
I_11				= 038A, L: MTH_MEM
I_12				= 1374, L: VFPRINTF_MINI
I_12				= 0A41, L: MOUSETH
I_12				= 072A, L: MTH_SYS
I_12				= 0356, L: MTH_MEM
I_13				= 131F, L: VFPRINTF_MINI
I_13				= 0A44, L: MOUSETH
I_13				= 072D, L: MTH_SYS
I_13				= 0362, L: MTH_MEM
I_14				= 132D, L: VFPRINTF_MINI
I_14				= 0A7E, L: MOUSETH
I_14				= 0730, L: MTH_SYS
I_14				= 037C, L: MTH_MEM
I_15				= 132D, L: VFPRINTF_MINI
I_15				= 0ABD, L: MOUSETH
I_15				= 038A, L: MTH_MEM
I_16				= 1377, L: VFPRINTF_MINI
I_16				= 0AFD, L: MOUSETH
I_17				= 13AA, L: VFPRINTF_MINI
I_17				= 0B3A, L: MOUSETH
I_18				= 13DD, L: VFPRINTF_MINI
I_18				= 0B76, L: MOUSETH
I_19				= 13E9, L: VFPRINTF_MINI
I_19				= 0BB2, L: MOUSETH
I_20				= 1419, L: VFPRINTF_MINI
I_20				= 0BEE, L: MOUSETH
I_21				= 142A, L: VFPRINTF_MINI
I_21				= 0C2A, L: MOUSETH
I_22				= 1453, L: VFPRINTF_MINI
I_22				= 0C55, L: MOUSETH
I_23				= 14B6, L: VFPRINTF_MINI
I_23				= 0C96, L: MOUSETH
I_24				= 148F, L: VFPRINTF_MINI
I_24				= 0CD7, L: MOUSETH
I_25				= 0D18, L: MOUSETH
I_25_I_24			= 1492, L: VFPRINTF_MINI
I_26				= 14F6, L: VFPRINTF_MINI
I_26				= 0D40, L: MOUSETH
I_27				= 0D90, L: MOUSETH
I_28				= 0DC9, L: MOUSETH
I_29				= 0E08, L: MOUSETH
I_3				= 128C, L: VFPRINTF_MINI
I_3				= 11E2, L: CLOSEALL
I_3				= 02D9, L: MTH_MEM
I_30				= 0E46, L: MOUSETH
I_31				= 0E31, L: MOUSETH
I_32				= 0E46, L: MOUSETH
I_33				= 0E4A, L: MOUSETH
I_34				= 0E70, L: MOUSETH
I_35				= 0E9C, L: MOUSETH
I_36				= 0EC1, L: MOUSETH
I_37				= 0EB5, L: MOUSETH
I_4				= 146B, L: VFPRINTF_MINI
I_4				= 1211, L: CLOSEALL
I_4				= 0D56, L: MOUSETH
I_4				= 0755, L: MTH_SYS
I_4				= 02FD, L: MTH_MEM
I_4				= 01FB, L: MTH_ERR
I_5				= 12C8, L: VFPRINTF_MINI
I_5				= 1204, L: CLOSEALL
I_5				= 0FEB, L: MAIN
I_5				= 08F4, L: MOUSETH
I_5				= 05CC, L: MTH_SYS
I_5				= 0165, L: MTH_ERR
I_6				= 1468, L: VFPRINTF_MINI
I_6				= 11FE, L: CLOSEALL
I_6				= 0FEE, L: MAIN
I_6				= 0957, L: MOUSETH
I_6				= 05E8, L: MTH_SYS
I_6				= 0332, L: MTH_MEM
I_6				= 017D, L: MTH_ERR
I_7				= 11FE, L: CLOSEALL
I_7				= 0FEB, L: MAIN
I_7				= 0970, L: MOUSETH
I_7				= 0645, L: MTH_SYS
I_7				= 0302, L: MTH_MEM
I_7				= 017D, L: MTH_ERR
I_8				= 1468, L: VFPRINTF_MINI
I_8				= 0973, L: MOUSETH
I_8				= 0648, L: MTH_SYS
I_8				= 0312, L: MTH_MEM
I_8				= 0180, L: MTH_ERR
I_9				= 12E5, L: VFPRINTF_MINI
I_9				= 098A, L: MOUSETH
I_9				= 0651, L: MTH_SYS
I_9				= 0332, L: MTH_MEM
I_9				= 01AA, L: MTH_ERR
LOADPALETTE			= 17DE, L: LOAD_PALETTE
LOADTILES			= 1803, L: LOAD_TILES
LOAD_PALETTE			= 17D0, G: LOAD_PALETTE
LOAD_TILES			= 17EA, G: LOAD_TILES
L_AND				= 1797, G: L_AND
L_ASL				= 179E, G: L_ASL
L_ASL1				= 179F, L: L_ASL
L_ASR				= 17A4, G: L_ASR
L_ASR1				= 17A5, L: L_ASR
L_CASE				= 16B8, G: L_CASE
L_CMP				= 171A, G: L_CMP
L_COM				= 17AF, G: L_COM
L_DCAL				= 013D, G: SMS_CRT0
L_DECLONG			= 17B6, G: L_DECLONG
L_DIV				= 1726, G: L_DIV
L_DIV0				= 1736, L: L_DIV
L_DIV01				= 1745, L: L_DIV
L_DIV1				= 1753, L: L_DIV
L_DIV2				= 1760, L: L_DIV
L_EQ				= 1707, G: L_EQ
L_GCHAR				= 170F, G: L_GCHAR
L_GINT				= 15C4, G: L_GINT
L_GLONG				= 15C9, G: L_GLONG
L_GT				= 17BC, G: L_GT
L_INT2LONG_S			= 15D3, G: L_INT2LONG_S
L_LNEG				= 177B, G: L_LNEG
L_LNEG1				= 1783, L: L_LNEG
L_LONG_ADD			= 15DB, G: L_LONG_ADD
L_LONG_CMP			= 165C, G: L_LONG_CMP
L_LONG_CMP1			= 1683, L: L_LONG_CMP
L_LONG_COM			= 1699, G: L_LONG_COM
L_LONG_DIV0			= 1600, L: L_LONG_DIV_U
L_LONG_DIV1			= 1613, L: L_LONG_DIV_U
L_LONG_DIV2			= 163A, L: L_LONG_DIV_U
L_LONG_DIV_U			= 15F3, G: L_LONG_DIV_U
L_LONG_LT			= 1656, G: L_LONG_LT
L_LONG_NEG			= 168D, G: L_LONG_NEG
L_LT				= 1715, G: L_LT
L_MULT				= 1786, G: L_MULT
L_MULT1				= 178D, L: L_MULT
L_MULT2				= 1794, L: L_MULT
L_NE				= 17C2, G: L_NE
L_OR				= 17C9, G: L_OR
L_PINT				= 16A6, G: L_PINT
L_PLONG				= 16AC, G: L_PLONG
L_SXT				= 1702, G: L_SXT
L_SXT				= 1710, L: L_GCHAR
L_UCMP				= 1284, G: L_UCMP
L_ULT				= 1281, G: L_ULT
NOCLS				= 15A3, L: FPUTC_CONS
NOCRLF				= 159F, L: FPUTC_CONS
NO_CONS				= 1560, L: FPUTC
NO_STRING			= 1551, L: FPUTC
PRINTF				= 16CF, G: PRINTF
SET_VDP_REG			= 1859, G: SET_VDP_REG
STANDARD_FONT			= 1866, G: STANDARD_FONT
START				= 0100, L: SMS_CRT0
SWEND				= 16CE, L: L_CASE
SWLOOP				= 16BA, L: L_CASE
VFPRINTF_MINI			= 128A, G: VFPRINTF_MINI
VRAMTOHL			= 15B8, G: VRAMTOHL
WRITEBYTE			= 15C3, G: WRITEBYTE
_BLANKLOOP			= 183E, L: LOAD_TILES
_DATA				= 014C, L: SMS_CRT0
_DATALOOP			= 1832, L: LOAD_TILES
_END				= 015E, L: SMS_CRT0
_FLUSH_CHAR_BUFFER		= 026D, G: MTH_MEM
_LOOP				= 1831, L: LOAD_TILES
_MAIN				= 0F4C, G: MAIN
_MINIPRINTN			= 1471, L: VFPRINTF_MINI
_MTH_CODE_POP			= 07E1, G: MOUSETH
_MTH_CODE_PUSH			= 081F, G: MOUSETH
_MTH_CODE_READ			= 02A8, G: MTH_MEM
_MTH_DATA_POP			= 0758, G: MOUSETH
_MTH_DATA_PUSH			= 0799, G: MOUSETH
_MTH_ERROR_DISPLAY		= 0161, G: MTH_ERR
_MTH_INSTRUCTION_EXEC		= 0DCB, G: MOUSETH
_MTH_INSTRUCTION_EXEC_BUILTIN	= 08EB, G: MOUSETH
_MTH_INSTRUCTION_EXEC_CUSTOM	= 0D59, G: MOUSETH
_MTH_INSTRUCTION_EXEC_PUSHNUMBER= 08B8, G: MOUSETH
_MTH_INSTRUCTION_EXEC_SYSCALL	= 05C3, G: MTH_SYS
_MTH_INSTRUCTION_FETCH		= 0867, G: MOUSETH
_MTH_INSTRUCTION_INTERRUPT	= 0E48, G: MOUSETH
_MTH_LOADPROG			= 03B1, G: MTH_PROG
_MTH_MEM_READ			= 02FE, G: MTH_MEM
_MTH_MEM_WRITE			= 034F, G: MTH_MEM
_MTH_PROCESS_INIT		= 0E95, G: MOUSETH
_MTH_PROCESS_RUN		= 0E49, G: MOUSETH
_MTH_PROG0			= 03C5, G: MTH_PROG
_MTH_RUNTIME			= 0FF7, G: MAIN
_NOMOREBLANKS			= 184C, L: LOAD_TILES
_PAL1				= 0F2C, G: MAIN
_PAL2				= 0F3C, G: MAIN
_VFPRINTF			= 015E, G: SMS_CRT0


FILLER1				= 0015, L: SMS_CRT0
INT_RASTER			= 0038, L: SMS_CRT0
INT_NOT_VBL			= 0042, L: SMS_CRT0
INT_VBL				= 0045, L: SMS_CRT0
FILLER2				= 0055, L: SMS_CRT0
INT_PAUSE			= 0066, L: SMS_CRT0
INT_HANDLER			= 0073, L: SMS_CRT0
INT_LOOP			= 0076, L: SMS_CRT0
INT_DONE			= 0087, L: SMS_CRT0
CALL_INT_HANDLER		= 008E, L: SMS_CRT0
FILLER3				= 008F, L: SMS_CRT0
START				= 0100, L: SMS_CRT0
CLEANUP				= 0137, G: SMS_CRT0
ENDLOOP				= 013B, L: SMS_CRT0
L_DCAL				= 013D, G: SMS_CRT0
DEFAULTINITIALISEVDP		= 013E, L: SMS_CRT0
_DATA				= 014C, L: SMS_CRT0
_VFPRINTF			= 015E, G: SMS_CRT0
_END				= 015E, L: SMS_CRT0
_MTH_ERROR_DISPLAY		= 0161, G: MTH_ERR
I_5				= 0165, L: MTH_ERR
I_6				= 017D, L: MTH_ERR
I_7				= 017D, L: MTH_ERR
I_8				= 0180, L: MTH_ERR
I_9				= 01AA, L: MTH_ERR
I_10				= 01D4, L: MTH_ERR
I_4				= 01FB, L: MTH_ERR
I_1				= 01FC, L: MTH_ERR
_FLUSH_CHAR_BUFFER		= 026D, G: MTH_MEM
_MTH_CODE_READ			= 02A8, G: MTH_MEM
I_3				= 02D9, L: MTH_MEM
I_4				= 02FD, L: MTH_MEM
_MTH_MEM_READ			= 02FE, G: MTH_MEM
I_7				= 0302, L: MTH_MEM
I_8				= 0312, L: MTH_MEM
I_9				= 0332, L: MTH_MEM
I_6				= 0332, L: MTH_MEM
_MTH_MEM_WRITE			= 034F, G: MTH_MEM
I_12				= 0356, L: MTH_MEM
I_13				= 0362, L: MTH_MEM
I_14				= 037C, L: MTH_MEM
I_15				= 038A, L: MTH_MEM
I_11				= 038A, L: MTH_MEM
I_1				= 03AF, L: MTH_MEM
_MTH_LOADPROG			= 03B1, G: MTH_PROG
_MTH_PROG0			= 03C5, G: MTH_PROG
_MTH_INSTRUCTION_EXEC_SYSCALL	= 05C3, G: MTH_SYS
I_5				= 05CC, L: MTH_SYS
I_6				= 05E8, L: MTH_SYS
I_7				= 0645, L: MTH_SYS
I_8				= 0648, L: MTH_SYS
I_9				= 0651, L: MTH_SYS
I_10				= 068D, L: MTH_SYS
I_11				= 06F3, L: MTH_SYS
I_12				= 072A, L: MTH_SYS
I_13				= 072D, L: MTH_SYS
I_14				= 0730, L: MTH_SYS
I_4				= 0755, L: MTH_SYS
_MTH_DATA_POP			= 0758, G: MOUSETH
_MTH_DATA_PUSH			= 0799, G: MOUSETH
_MTH_CODE_POP			= 07E1, G: MOUSETH
_MTH_CODE_PUSH			= 081F, G: MOUSETH
_MTH_INSTRUCTION_FETCH		= 0867, G: MOUSETH
_MTH_INSTRUCTION_EXEC_PUSHNUMBER= 08B8, G: MOUSETH
_MTH_INSTRUCTION_EXEC_BUILTIN	= 08EB, G: MOUSETH
I_5				= 08F4, L: MOUSETH
I_6				= 0957, L: MOUSETH
I_7				= 0970, L: MOUSETH
I_8				= 0973, L: MOUSETH
I_9				= 098A, L: MOUSETH
I_10				= 09D6, L: MOUSETH
I_11				= 0A03, L: MOUSETH
I_12				= 0A41, L: MOUSETH
I_13				= 0A44, L: MOUSETH
I_14				= 0A7E, L: MOUSETH
I_15				= 0ABD, L: MOUSETH
I_16				= 0AFD, L: MOUSETH
I_17				= 0B3A, L: MOUSETH
I_18				= 0B76, L: MOUSETH
I_19				= 0BB2, L: MOUSETH
I_20				= 0BEE, L: MOUSETH
I_21				= 0C2A, L: MOUSETH
I_22				= 0C55, L: MOUSETH
I_23				= 0C96, L: MOUSETH
I_24				= 0CD7, L: MOUSETH
I_25				= 0D18, L: MOUSETH
I_26				= 0D40, L: MOUSETH
I_4				= 0D56, L: MOUSETH
_MTH_INSTRUCTION_EXEC_CUSTOM	= 0D59, G: MOUSETH
I_27				= 0D90, L: MOUSETH
I_28				= 0DC9, L: MOUSETH
_MTH_INSTRUCTION_EXEC		= 0DCB, G: MOUSETH
I_29				= 0E08, L: MOUSETH
I_31				= 0E31, L: MOUSETH
I_32				= 0E46, L: MOUSETH
I_30				= 0E46, L: MOUSETH
_MTH_INSTRUCTION_INTERRUPT	= 0E48, G: MOUSETH
_MTH_PROCESS_RUN		= 0E49, G: MOUSETH
I_33				= 0E4A, L: MOUSETH
I_34				= 0E70, L: MOUSETH
_MTH_PROCESS_INIT		= 0E95, G: MOUSETH
I_35				= 0E9C, L: MOUSETH
I_37				= 0EB5, L: MOUSETH
I_36				= 0EC1, L: MOUSETH
_PAL1				= 0F2C, G: MAIN
_PAL2				= 0F3C, G: MAIN
_MAIN				= 0F4C, G: MAIN
I_7				= 0FEB, L: MAIN
I_5				= 0FEB, L: MAIN
I_6				= 0FEE, L: MAIN
_MTH_RUNTIME			= 0FF7, G: MAIN
I_1				= 11B9, L: MAIN
CLOSEALL			= 11DB, G: CLOSEALL
I_3				= 11E2, L: CLOSEALL
I_7				= 11FE, L: CLOSEALL
I_6				= 11FE, L: CLOSEALL
I_5				= 1204, L: CLOSEALL
I_4				= 1211, L: CLOSEALL
FABANDON			= 1213, G: FABANDON
FCLOSE				= 1227, G: FCLOSE
CKCLOSED			= 1251, L: FCLOSE
IS_CLOSED			= 1257, L: FCLOSE
CLOSE				= 1264, G: CLOSE
FCHKSTD				= 1265, G: FCHKSTD
L_ULT				= 1281, G: L_ULT
L_UCMP				= 1284, G: L_UCMP
VFPRINTF_MINI			= 128A, G: VFPRINTF_MINI
I_3				= 128C, L: VFPRINTF_MINI
I_5				= 12C8, L: VFPRINTF_MINI
I_9				= 12E5, L: VFPRINTF_MINI
I_10				= 1302, L: VFPRINTF_MINI
I_13				= 131F, L: VFPRINTF_MINI
I_15				= 132D, L: VFPRINTF_MINI
I_14				= 132D, L: VFPRINTF_MINI
I_12				= 1374, L: VFPRINTF_MINI
I_16				= 1377, L: VFPRINTF_MINI
I_17				= 13AA, L: VFPRINTF_MINI
I_18				= 13DD, L: VFPRINTF_MINI
I_19				= 13E9, L: VFPRINTF_MINI
I_20				= 1419, L: VFPRINTF_MINI
I_21				= 142A, L: VFPRINTF_MINI
I_22				= 1453, L: VFPRINTF_MINI
I_8				= 1468, L: VFPRINTF_MINI
I_6				= 1468, L: VFPRINTF_MINI
I_4				= 146B, L: VFPRINTF_MINI
_MINIPRINTN			= 1471, L: VFPRINTF_MINI
I_24				= 148F, L: VFPRINTF_MINI
I_25_I_24			= 1492, L: VFPRINTF_MINI
I_23				= 14B6, L: VFPRINTF_MINI
I_26				= 14F6, L: VFPRINTF_MINI
FPUTC				= 1525, G: FPUTC
NO_STRING			= 1551, L: FPUTC
NO_CONS				= 1560, L: FPUTC
FPUTC_CONS			= 156E, G: FPUTC_CONS
NOCRLF				= 159F, L: FPUTC_CONS
NOCLS				= 15A3, L: FPUTC_CONS
VRAMTOHL			= 15B8, G: VRAMTOHL
WRITEBYTE			= 15C3, G: WRITEBYTE
L_GINT				= 15C4, G: L_GINT
L_GLONG				= 15C9, G: L_GLONG
L_INT2LONG_S			= 15D3, G: L_INT2LONG_S
L_LONG_ADD			= 15DB, G: L_LONG_ADD
L_LONG_DIV_U			= 15F3, G: L_LONG_DIV_U
L_LONG_DIV0			= 1600, L: L_LONG_DIV_U
L_LONG_DIV1			= 1613, L: L_LONG_DIV_U
L_LONG_DIV2			= 163A, L: L_LONG_DIV_U
L_LONG_LT			= 1656, G: L_LONG_LT
L_LONG_CMP			= 165C, G: L_LONG_CMP
L_LONG_CMP1			= 1683, L: L_LONG_CMP
L_LONG_NEG			= 168D, G: L_LONG_NEG
L_LONG_COM			= 1699, G: L_LONG_COM
L_PINT				= 16A6, G: L_PINT
L_PLONG				= 16AC, G: L_PLONG
L_CASE				= 16B8, G: L_CASE
SWLOOP				= 16BA, L: L_CASE
SWEND				= 16CE, L: L_CASE
PRINTF				= 16CF, G: PRINTF
GETARG				= 16FF, G: GETARG
L_SXT				= 1702, G: L_SXT
L_EQ				= 1707, G: L_EQ
L_GCHAR				= 170F, G: L_GCHAR
L_SXT				= 1710, L: L_GCHAR
L_LT				= 1715, G: L_LT
L_CMP				= 171A, G: L_CMP
L_DIV				= 1726, G: L_DIV
L_DIV0				= 1736, L: L_DIV
L_DIV01				= 1745, L: L_DIV
L_DIV1				= 1753, L: L_DIV
L_DIV2				= 1760, L: L_DIV
DOSIGN				= 1771, L: L_DIV
L_LNEG				= 177B, G: L_LNEG
L_LNEG1				= 1783, L: L_LNEG
L_MULT				= 1786, G: L_MULT
L_MULT1				= 178D, L: L_MULT
L_MULT2				= 1794, L: L_MULT
L_AND				= 1797, G: L_AND
L_ASL				= 179E, G: L_ASL
L_ASL1				= 179F, L: L_ASL
L_ASR				= 17A4, G: L_ASR
L_ASR1				= 17A5, L: L_ASR
L_COM				= 17AF, G: L_COM
L_DECLONG			= 17B6, G: L_DECLONG
L_GT				= 17BC, G: L_GT
L_NE				= 17C2, G: L_NE
L_OR				= 17C9, G: L_OR
LOAD_PALETTE			= 17D0, G: LOAD_PALETTE
LOADPALETTE			= 17DE, L: LOAD_PALETTE
LOAD_TILES			= 17EA, G: LOAD_TILES
LOADTILES			= 1803, L: LOAD_TILES
_LOOP				= 1831, L: LOAD_TILES
_DATALOOP			= 1832, L: LOAD_TILES
_BLANKLOOP			= 183E, L: LOAD_TILES
_NOMOREBLANKS			= 184C, L: LOAD_TILES
SET_VDP_REG			= 1859, G: SET_VDP_REG
STANDARD_FONT			= 1866, G: STANDARD_FONT
