APBRANCH1			= 1E7B, L: APLIB_DEPACK
APBRANCH2			= 1E24, L: APLIB_DEPACK
APBRANCH3			= 1EC2, L: APLIB_DEPACK
APBRANCH4			= 1EB7, L: APLIB_DEPACK
APLIB_DEPACK			= 1DEC, G: APLIB_DEPACK
APLOOP				= 1E8D, L: APLIB_DEPACK
AP_DONT_INC_B			= 1ECC, L: APLIB_DEPACK
AP_FINISHUP			= 1E74, L: APLIB_DEPACK
AP_GETBIT			= 1DFB, L: APLIB_DEPACK
AP_GETBITBC			= 1E0E, L: APLIB_DEPACK
AP_GETBIT_CONTINUE		= 1E06, L: APLIB_DEPACK
AP_GETGAMMA			= 1E18, L: APLIB_DEPACK
AP_GETGAMMALOOP			= 1E1B, L: APLIB_DEPACK
AP_NOT_LWM			= 1E47, L: APLIB_DEPACK
AP_NOT_ZERO_GAMMA		= 1E46, L: APLIB_DEPACK
CALL_INT_HANDLER		= 008E, L: SMS_CRT0
CLEANUP				= 0128, G: SMS_CRT0
DEFAULTINITIALISEVDP		= 012C, L: SMS_CRT0
DEPACK				= 1E83, L: APLIB_DEPACK
DRAWONELINE			= 208D, G: DRAWONELINE
ENDLOOP				= 0129, L: SMS_CRT0
FILLER1				= 0015, L: SMS_CRT0
FILLER2				= 004C, L: SMS_CRT0
FILLER3				= 008F, L: SMS_CRT0
GET_VCOUNT			= 2140, G: GET_VCOUNT
INT_DONE			= 0087, L: SMS_CRT0
INT_HANDLER			= 0073, L: SMS_CRT0
INT_LOOP			= 0076, L: SMS_CRT0
INT_PAUSE			= 0066, L: SMS_CRT0
INT_RASTER			= 0038, L: SMS_CRT0
I_100				= 100F, L: NANOWARS
I_101				= 1039, L: NANOWARS
I_102				= 1029, L: NANOWARS
I_103				= 110E, L: NANOWARS
I_104				= 122E, L: NANOWARS
I_105				= 121E, L: NANOWARS
I_106				= 1248, L: NANOWARS
I_107				= 1323, L: NANOWARS
I_108				= 1313, L: NANOWARS
I_109				= 129C, L: NANOWARS
I_110				= 12CD, L: NANOWARS
I_111				= 1334, L: NANOWARS
I_112				= 13AD, L: NANOWARS
I_113				= 139D, L: NANOWARS
I_114				= 13DC, L: NANOWARS
I_115				= 1411, L: NANOWARS
I_116				= 1401, L: NANOWARS
I_117				= 1430, L: NANOWARS
I_118				= 14DD, L: NANOWARS
I_119				= 14CD, L: NANOWARS
I_12				= 0295, L: NANOWARS
I_120				= 146B, L: NANOWARS
I_121				= 148A, L: NANOWARS
I_122				= 14EE, L: NANOWARS
I_123				= 156D, L: NANOWARS
I_124				= 155D, L: NANOWARS
I_125				= 159C, L: NANOWARS
I_126				= 15D7, L: NANOWARS
I_127				= 15C7, L: NANOWARS
I_128				= 1641, L: NANOWARS
I_129				= 165C, L: NANOWARS
I_13				= 02DC, L: NANOWARS
I_130				= 1710, L: NANOWARS
I_131				= 17E2, L: NANOWARS
I_132				= 17D2, L: NANOWARS
I_133				= 171C, L: NANOWARS
I_134				= 17C9, L: NANOWARS
I_135				= 17B9, L: NANOWARS
I_136				= 1798, L: NANOWARS
I_137				= 173C, L: NANOWARS
I_138_I_137			= 173F, L: NANOWARS
I_139				= 17FB, L: NANOWARS
I_14				= 0377, L: NANOWARS
I_140				= 1836, L: NANOWARS
I_141				= 1826, L: NANOWARS
I_142				= 18F6, L: NANOWARS
I_143				= 1B11, L: NANOWARS
I_144				= 1B0E, L: NANOWARS
I_145				= 198F, L: NANOWARS
I_146				= 1AE8, L: NANOWARS
I_147				= 19C8, L: NANOWARS
I_148				= 19E8, L: NANOWARS
I_149				= 1A08, L: NANOWARS
I_15				= 03A8, L: NANOWARS
I_150				= 1A28, L: NANOWARS
I_151				= 1AAB, L: NANOWARS
I_152				= 1ADC, L: NANOWARS
I_153				= 1AFE, L: NANOWARS
I_154				= 1B0E, L: NANOWARS
I_155				= 1B0E, L: NANOWARS
I_16				= 03A5, L: NANOWARS
I_17				= 03D6, L: NANOWARS
I_18				= 03D6, L: NANOWARS
I_19				= 03D6, L: NANOWARS
I_20				= 0407, L: NANOWARS
I_21				= 0404, L: NANOWARS
I_22				= 0435, L: NANOWARS
I_23				= 0435, L: NANOWARS
I_24				= 0435, L: NANOWARS
I_25				= 04F9, L: NANOWARS
I_26				= 06EB, L: NANOWARS
I_28				= 0653, L: NANOWARS
I_29				= 05FE, L: NANOWARS
I_30				= 0620, L: NANOWARS
I_31				= 0620, L: NANOWARS
I_32				= 0632, L: NANOWARS
I_33				= 0632, L: NANOWARS
I_34				= 0644, L: NANOWARS
I_35				= 0644, L: NANOWARS
I_36				= 06CE, L: NANOWARS
I_37				= 0672, L: NANOWARS
I_38				= 06BF, L: NANOWARS
I_39				= 06AF, L: NANOWARS
I_40				= 06A0, L: NANOWARS
I_41				= 0715, L: NANOWARS
I_42				= 0770, L: NANOWARS
I_43				= 0760, L: NANOWARS
I_44				= 0747, L: NANOWARS
I_45				= 07B5, L: NANOWARS
I_46				= 0824, L: NANOWARS
I_47				= 0824, L: NANOWARS
I_48				= 0867, L: NANOWARS
I_49				= 08AC, L: NANOWARS
I_50				= 0AEB, L: NANOWARS
I_51				= 0ADB, L: NANOWARS
I_52				= 0ACC, L: NANOWARS
I_53				= 0932, L: NANOWARS
I_54				= 096F, L: NANOWARS
I_55				= 096F, L: NANOWARS
I_56				= 09B7, L: NANOWARS
I_57				= 09FC, L: NANOWARS
I_58				= 09FC, L: NANOWARS
I_59				= 0ACC, L: NANOWARS
I_60				= 0A57, L: NANOWARS
I_61_I_60			= 0A5A, L: NANOWARS
I_62				= 0ACC, L: NANOWARS
I_63				= 0A8B, L: NANOWARS
I_64_I_63			= 0A8E, L: NANOWARS
I_65				= 0B16, L: NANOWARS
I_66				= 0B60, L: NANOWARS
I_67				= 0B50, L: NANOWARS
I_68				= 0B41, L: NANOWARS
I_69				= 0B41, L: NANOWARS
I_70				= 0B89, L: NANOWARS
I_71				= 0BB3, L: NANOWARS
I_72				= 0BB3, L: NANOWARS
I_73				= 0BD5, L: NANOWARS
I_74				= 0E19, L: NANOWARS
I_75				= 0E09, L: NANOWARS
I_76				= 0CFF, L: NANOWARS
I_77				= 0C3A, L: NANOWARS
I_78				= 0CE3, L: NANOWARS
I_79				= 0C6C, L: NANOWARS
I_80				= 0CAE, L: NANOWARS
I_81				= 0CA2, L: NANOWARS
I_82				= 0DF0, L: NANOWARS
I_83				= 0D9B, L: NANOWARS
I_84				= 0D85, L: NANOWARS
I_85				= 0D98, L: NANOWARS
I_86				= 0DF0, L: NANOWARS
I_87				= 0DDD, L: NANOWARS
I_88				= 0DF0, L: NANOWARS
I_89				= 0E38, L: NANOWARS
I_90				= 0F16, L: NANOWARS
I_91				= 0F06, L: NANOWARS
I_92				= 0E75, L: NANOWARS
I_93				= 0E75, L: NANOWARS
I_94				= 0EF7, L: NANOWARS
I_95				= 0F92, L: NANOWARS
I_96				= 0FF2, L: NANOWARS
I_97				= 0FE2, L: NANOWARS
I_98				= 0FEF, L: NANOWARS
I_99				= 0FFF, L: NANOWARS
LINELOOP			= 207B, L: SET_BKG_MAP
LOADPALETTE			= 1EF2, L: LOAD_PALETTE
LOADTILES			= 1F17, L: LOAD_TILES
LOAD_PALETTE			= 1EE4, G: LOAD_PALETTE
LOAD_TILES			= 1EFE, G: LOAD_TILES
LOOP				= 2142, L: GET_VCOUNT
LOOP				= 2136, L: WAIT_VBLANK_NOINT
LOOP				= 2095, L: DRAWONELINE
L_AND				= 1F6D, G: L_AND
L_ASL				= 1F74, G: L_ASL
L_ASL1				= 1F75, L: L_ASL
L_ASR				= 1F7A, G: L_ASR
L_ASR1				= 1F7B, L: L_ASR
L_ASR_U				= 1F85, G: L_ASR_U
L_ASR_U_1			= 1F86, L: L_ASR_U
L_CMP				= 1FCD, G: L_CMP
L_COM				= 2006, G: L_COM
L_DCAL				= 012B, G: SMS_CRT0
L_DIV1				= 1F9B, L: L_DIV_U
L_DIV2				= 1FA8, L: L_DIV_U
L_DIV_U				= 1F8F, G: L_DIV_U
L_EQ				= 1FB4, G: L_EQ
L_GCHAR				= 1FBC, G: L_GCHAR
L_GINT				= 1FC2, G: L_GINT
L_GT				= 1FC7, G: L_GT
L_LNEG				= 1FD9, G: L_LNEG
L_LNEG1				= 1FE1, L: L_LNEG
L_LT				= 1FE4, G: L_LT
L_MULT				= 1FE9, G: L_MULT
L_MULT1				= 1FF0, L: L_MULT
L_MULT2				= 1FF7, L: L_MULT
L_NE				= 1FFA, G: L_NE
L_NEG				= 2001, G: L_NEG
L_OR				= 200D, G: L_OR
L_PINT				= 2014, G: L_PINT
L_SXT				= 201A, G: L_SXT
L_SXT				= 1FBD, L: L_GCHAR
L_UCMP				= 2023, G: L_UCMP
L_UGT				= 201F, G: L_UGT
L_ULT				= 2029, G: L_ULT
NOTCARRY			= 2087, L: SET_BKG_MAP
RAND				= 202C, G: RAND
READ_JOYPAD1			= 204C, G: READ_JOYPAD1
SET_BKG_MAP			= 2053, G: SET_BKG_MAP
SET_SOUND_FREQ			= 20AE, G: SET_SOUND_FREQ
SET_SOUND_VOLUME		= 20E4, G: SET_SOUND_VOLUME
SET_SPRITE			= 2100, G: SET_SPRITE
SET_VDP_REG			= 2129, G: SET_VDP_REG
SKIP1				= 1E5C, L: APLIB_DEPACK
SKIP2				= 1E63, L: APLIB_DEPACK
SKIP3				= 1E6B, L: APLIB_DEPACK
START				= 0100, L: SMS_CRT0
VRAMTOHL			= 20A3, G: VRAMTOHL
WAIT_VBLANK_NOINT		= 2136, G: WAIT_VBLANK_NOINT
_BLANKLOOP			= 1F52, L: LOAD_TILES
_CHECK_METERS			= 0AF0, G: NANOWARS
_CHECK_PLAYER_MOVEMENT		= 047D, G: NANOWARS
_CIRCUIT_TILESET_APK		= 1B17, G: NANOWARS
_CLIP_PLAYER_MOVEMENT		= 02F0, G: NANOWARS
_DATA				= 013A, L: SMS_CRT0
_DATALOOP			= 1F46, L: LOAD_TILES
_DECREASE_ENERGY		= 06F0, G: NANOWARS
_DO_SOUND			= 0F40, G: NANOWARS
_DRAW_ENEMIES			= 0E1F, G: NANOWARS
_DRAW_METERS			= 0BB7, G: NANOWARS
_DRAW_STATUS_BAR		= 07E2, G: NANOWARS
_ENCODE_PAL			= 1080, G: NANOWARS
_END				= 014C, L: SMS_CRT0
_GET_PAL_BLUE			= 1067, G: NANOWARS
_GET_PAL_GREEN			= 104E, G: NANOWARS
_GET_PAL_RED			= 103B, G: NANOWARS
_GET_TILE_ATTR			= 01EE, G: NANOWARS
_INITIALIZE_MAP			= 16EE, G: NANOWARS
_INTERPOLATE_PAL		= 10E7, G: NANOWARS
_INTERPOLATE_PAL_COLOR		= 10B0, G: NANOWARS
_LEVEL_END_EFFECT		= 1232, G: NANOWARS
_LOAD_MAIN_TILESET		= 18C1, G: NANOWARS
_LOOP				= 1F45, L: LOAD_TILES
_LOST_LIFE_EFFECT		= 141A, G: NANOWARS
_MAIN				= 18EE, G: NANOWARS
_MAP1_APK			= 1CC2, G: NANOWARS
_METER_ERROR			= 01A4, G: NANOWARS
_MOVE_ENEMIES			= 0868, G: NANOWARS
_MSG_INTRUDER			= 01DE, G: NANOWARS
_MSG_LESS_250			= 01BE, G: NANOWARS
_MSG_NONE			= 01AE, G: NANOWARS
_MSG_OVERLOAD			= 01CE, G: NANOWARS
_NOMOREBLANKS			= 1F60, L: LOAD_TILES
_PAL1				= 0174, G: NANOWARS
_PAL_BLACK			= 0194, G: NANOWARS
_PAL_WHITE			= 0184, G: NANOWARS
_PLACE_ENEMY			= 15E0, G: NANOWARS
_SET_SOUND_FREQ_MAX_VOLUME	= 0F19, G: NANOWARS
_SHOW_MESSAGE			= 07B9, G: NANOWARS
_SOUND_OFF			= 1002, G: NANOWARS
_TILE_ATTRS			= 014C, G: NANOWARS
_VFPRINTF			= 014C, G: SMS_CRT0


FILLER1				= 0015, L: SMS_CRT0
INT_RASTER			= 0038, L: SMS_CRT0
FILLER2				= 004C, L: SMS_CRT0
INT_PAUSE			= 0066, L: SMS_CRT0
INT_HANDLER			= 0073, L: SMS_CRT0
INT_LOOP			= 0076, L: SMS_CRT0
INT_DONE			= 0087, L: SMS_CRT0
CALL_INT_HANDLER		= 008E, L: SMS_CRT0
FILLER3				= 008F, L: SMS_CRT0
START				= 0100, L: SMS_CRT0
CLEANUP				= 0128, G: SMS_CRT0
ENDLOOP				= 0129, L: SMS_CRT0
L_DCAL				= 012B, G: SMS_CRT0
DEFAULTINITIALISEVDP		= 012C, L: SMS_CRT0
_DATA				= 013A, L: SMS_CRT0
_TILE_ATTRS			= 014C, G: NANOWARS
_VFPRINTF			= 014C, G: SMS_CRT0
_END				= 014C, L: SMS_CRT0
_PAL1				= 0174, G: NANOWARS
_PAL_WHITE			= 0184, G: NANOWARS
_PAL_BLACK			= 0194, G: NANOWARS
_METER_ERROR			= 01A4, G: NANOWARS
_MSG_NONE			= 01AE, G: NANOWARS
_MSG_LESS_250			= 01BE, G: NANOWARS
_MSG_OVERLOAD			= 01CE, G: NANOWARS
_MSG_INTRUDER			= 01DE, G: NANOWARS
_GET_TILE_ATTR			= 01EE, G: NANOWARS
I_12				= 0295, L: NANOWARS
I_13				= 02DC, L: NANOWARS
_CLIP_PLAYER_MOVEMENT		= 02F0, G: NANOWARS
I_14				= 0377, L: NANOWARS
I_16				= 03A5, L: NANOWARS
I_15				= 03A8, L: NANOWARS
I_18				= 03D6, L: NANOWARS
I_19				= 03D6, L: NANOWARS
I_17				= 03D6, L: NANOWARS
I_21				= 0404, L: NANOWARS
I_20				= 0407, L: NANOWARS
I_24				= 0435, L: NANOWARS
I_22				= 0435, L: NANOWARS
I_23				= 0435, L: NANOWARS
_CHECK_PLAYER_MOVEMENT		= 047D, G: NANOWARS
I_25				= 04F9, L: NANOWARS
I_29				= 05FE, L: NANOWARS
I_30				= 0620, L: NANOWARS
I_31				= 0620, L: NANOWARS
I_33				= 0632, L: NANOWARS
I_32				= 0632, L: NANOWARS
I_35				= 0644, L: NANOWARS
I_34				= 0644, L: NANOWARS
I_28				= 0653, L: NANOWARS
I_37				= 0672, L: NANOWARS
I_40				= 06A0, L: NANOWARS
I_39				= 06AF, L: NANOWARS
I_38				= 06BF, L: NANOWARS
I_36				= 06CE, L: NANOWARS
I_26				= 06EB, L: NANOWARS
_DECREASE_ENERGY		= 06F0, G: NANOWARS
I_41				= 0715, L: NANOWARS
I_44				= 0747, L: NANOWARS
I_43				= 0760, L: NANOWARS
I_42				= 0770, L: NANOWARS
I_45				= 07B5, L: NANOWARS
_SHOW_MESSAGE			= 07B9, G: NANOWARS
_DRAW_STATUS_BAR		= 07E2, G: NANOWARS
I_46				= 0824, L: NANOWARS
I_47				= 0824, L: NANOWARS
I_48				= 0867, L: NANOWARS
_MOVE_ENEMIES			= 0868, G: NANOWARS
I_49				= 08AC, L: NANOWARS
I_53				= 0932, L: NANOWARS
I_54				= 096F, L: NANOWARS
I_55				= 096F, L: NANOWARS
I_56				= 09B7, L: NANOWARS
I_57				= 09FC, L: NANOWARS
I_58				= 09FC, L: NANOWARS
I_60				= 0A57, L: NANOWARS
I_61_I_60			= 0A5A, L: NANOWARS
I_63				= 0A8B, L: NANOWARS
I_64_I_63			= 0A8E, L: NANOWARS
I_62				= 0ACC, L: NANOWARS
I_59				= 0ACC, L: NANOWARS
I_52				= 0ACC, L: NANOWARS
I_51				= 0ADB, L: NANOWARS
I_50				= 0AEB, L: NANOWARS
_CHECK_METERS			= 0AF0, G: NANOWARS
I_65				= 0B16, L: NANOWARS
I_69				= 0B41, L: NANOWARS
I_68				= 0B41, L: NANOWARS
I_67				= 0B50, L: NANOWARS
I_66				= 0B60, L: NANOWARS
I_70				= 0B89, L: NANOWARS
I_71				= 0BB3, L: NANOWARS
I_72				= 0BB3, L: NANOWARS
_DRAW_METERS			= 0BB7, G: NANOWARS
I_73				= 0BD5, L: NANOWARS
I_77				= 0C3A, L: NANOWARS
I_79				= 0C6C, L: NANOWARS
I_81				= 0CA2, L: NANOWARS
I_80				= 0CAE, L: NANOWARS
I_78				= 0CE3, L: NANOWARS
I_76				= 0CFF, L: NANOWARS
I_84				= 0D85, L: NANOWARS
I_85				= 0D98, L: NANOWARS
I_83				= 0D9B, L: NANOWARS
I_87				= 0DDD, L: NANOWARS
I_86				= 0DF0, L: NANOWARS
I_88				= 0DF0, L: NANOWARS
I_82				= 0DF0, L: NANOWARS
I_75				= 0E09, L: NANOWARS
I_74				= 0E19, L: NANOWARS
_DRAW_ENEMIES			= 0E1F, G: NANOWARS
I_89				= 0E38, L: NANOWARS
I_93				= 0E75, L: NANOWARS
I_92				= 0E75, L: NANOWARS
I_94				= 0EF7, L: NANOWARS
I_91				= 0F06, L: NANOWARS
I_90				= 0F16, L: NANOWARS
_SET_SOUND_FREQ_MAX_VOLUME	= 0F19, G: NANOWARS
_DO_SOUND			= 0F40, G: NANOWARS
I_95				= 0F92, L: NANOWARS
I_97				= 0FE2, L: NANOWARS
I_98				= 0FEF, L: NANOWARS
I_96				= 0FF2, L: NANOWARS
I_99				= 0FFF, L: NANOWARS
_SOUND_OFF			= 1002, G: NANOWARS
I_100				= 100F, L: NANOWARS
I_102				= 1029, L: NANOWARS
I_101				= 1039, L: NANOWARS
_GET_PAL_RED			= 103B, G: NANOWARS
_GET_PAL_GREEN			= 104E, G: NANOWARS
_GET_PAL_BLUE			= 1067, G: NANOWARS
_ENCODE_PAL			= 1080, G: NANOWARS
_INTERPOLATE_PAL_COLOR		= 10B0, G: NANOWARS
_INTERPOLATE_PAL		= 10E7, G: NANOWARS
I_103				= 110E, L: NANOWARS
I_105				= 121E, L: NANOWARS
I_104				= 122E, L: NANOWARS
_LEVEL_END_EFFECT		= 1232, G: NANOWARS
I_106				= 1248, L: NANOWARS
I_109				= 129C, L: NANOWARS
I_110				= 12CD, L: NANOWARS
I_108				= 1313, L: NANOWARS
I_107				= 1323, L: NANOWARS
I_111				= 1334, L: NANOWARS
I_113				= 139D, L: NANOWARS
I_112				= 13AD, L: NANOWARS
I_114				= 13DC, L: NANOWARS
I_116				= 1401, L: NANOWARS
I_115				= 1411, L: NANOWARS
_LOST_LIFE_EFFECT		= 141A, G: NANOWARS
I_117				= 1430, L: NANOWARS
I_120				= 146B, L: NANOWARS
I_121				= 148A, L: NANOWARS
I_119				= 14CD, L: NANOWARS
I_118				= 14DD, L: NANOWARS
I_122				= 14EE, L: NANOWARS
I_124				= 155D, L: NANOWARS
I_123				= 156D, L: NANOWARS
I_125				= 159C, L: NANOWARS
I_127				= 15C7, L: NANOWARS
I_126				= 15D7, L: NANOWARS
_PLACE_ENEMY			= 15E0, G: NANOWARS
I_128				= 1641, L: NANOWARS
I_129				= 165C, L: NANOWARS
_INITIALIZE_MAP			= 16EE, G: NANOWARS
I_130				= 1710, L: NANOWARS
I_133				= 171C, L: NANOWARS
I_137				= 173C, L: NANOWARS
I_138_I_137			= 173F, L: NANOWARS
I_136				= 1798, L: NANOWARS
I_135				= 17B9, L: NANOWARS
I_134				= 17C9, L: NANOWARS
I_132				= 17D2, L: NANOWARS
I_131				= 17E2, L: NANOWARS
I_139				= 17FB, L: NANOWARS
I_141				= 1826, L: NANOWARS
I_140				= 1836, L: NANOWARS
_LOAD_MAIN_TILESET		= 18C1, G: NANOWARS
_MAIN				= 18EE, G: NANOWARS
I_142				= 18F6, L: NANOWARS
I_145				= 198F, L: NANOWARS
I_147				= 19C8, L: NANOWARS
I_148				= 19E8, L: NANOWARS
I_149				= 1A08, L: NANOWARS
I_150				= 1A28, L: NANOWARS
I_151				= 1AAB, L: NANOWARS
I_152				= 1ADC, L: NANOWARS
I_146				= 1AE8, L: NANOWARS
I_153				= 1AFE, L: NANOWARS
I_154				= 1B0E, L: NANOWARS
I_155				= 1B0E, L: NANOWARS
I_144				= 1B0E, L: NANOWARS
I_143				= 1B11, L: NANOWARS
_CIRCUIT_TILESET_APK		= 1B17, G: NANOWARS
_MAP1_APK			= 1CC2, G: NANOWARS
APLIB_DEPACK			= 1DEC, G: APLIB_DEPACK
AP_GETBIT			= 1DFB, L: APLIB_DEPACK
AP_GETBIT_CONTINUE		= 1E06, L: APLIB_DEPACK
AP_GETBITBC			= 1E0E, L: APLIB_DEPACK
AP_GETGAMMA			= 1E18, L: APLIB_DEPACK
AP_GETGAMMALOOP			= 1E1B, L: APLIB_DEPACK
APBRANCH2			= 1E24, L: APLIB_DEPACK
AP_NOT_ZERO_GAMMA		= 1E46, L: APLIB_DEPACK
AP_NOT_LWM			= 1E47, L: APLIB_DEPACK
SKIP1				= 1E5C, L: APLIB_DEPACK
SKIP2				= 1E63, L: APLIB_DEPACK
SKIP3				= 1E6B, L: APLIB_DEPACK
AP_FINISHUP			= 1E74, L: APLIB_DEPACK
APBRANCH1			= 1E7B, L: APLIB_DEPACK
DEPACK				= 1E83, L: APLIB_DEPACK
APLOOP				= 1E8D, L: APLIB_DEPACK
APBRANCH4			= 1EB7, L: APLIB_DEPACK
APBRANCH3			= 1EC2, L: APLIB_DEPACK
AP_DONT_INC_B			= 1ECC, L: APLIB_DEPACK
LOAD_PALETTE			= 1EE4, G: LOAD_PALETTE
LOADPALETTE			= 1EF2, L: LOAD_PALETTE
LOAD_TILES			= 1EFE, G: LOAD_TILES
LOADTILES			= 1F17, L: LOAD_TILES
_LOOP				= 1F45, L: LOAD_TILES
_DATALOOP			= 1F46, L: LOAD_TILES
_BLANKLOOP			= 1F52, L: LOAD_TILES
_NOMOREBLANKS			= 1F60, L: LOAD_TILES
L_AND				= 1F6D, G: L_AND
L_ASL				= 1F74, G: L_ASL
L_ASL1				= 1F75, L: L_ASL
L_ASR				= 1F7A, G: L_ASR
L_ASR1				= 1F7B, L: L_ASR
L_ASR_U				= 1F85, G: L_ASR_U
L_ASR_U_1			= 1F86, L: L_ASR_U
L_DIV_U				= 1F8F, G: L_DIV_U
L_DIV1				= 1F9B, L: L_DIV_U
L_DIV2				= 1FA8, L: L_DIV_U
L_EQ				= 1FB4, G: L_EQ
L_GCHAR				= 1FBC, G: L_GCHAR
L_SXT				= 1FBD, L: L_GCHAR
L_GINT				= 1FC2, G: L_GINT
L_GT				= 1FC7, G: L_GT
L_CMP				= 1FCD, G: L_CMP
L_LNEG				= 1FD9, G: L_LNEG
L_LNEG1				= 1FE1, L: L_LNEG
L_LT				= 1FE4, G: L_LT
L_MULT				= 1FE9, G: L_MULT
L_MULT1				= 1FF0, L: L_MULT
L_MULT2				= 1FF7, L: L_MULT
L_NE				= 1FFA, G: L_NE
L_NEG				= 2001, G: L_NEG
L_COM				= 2006, G: L_COM
L_OR				= 200D, G: L_OR
L_PINT				= 2014, G: L_PINT
L_SXT				= 201A, G: L_SXT
L_UGT				= 201F, G: L_UGT
L_UCMP				= 2023, G: L_UCMP
L_ULT				= 2029, G: L_ULT
RAND				= 202C, G: RAND
READ_JOYPAD1			= 204C, G: READ_JOYPAD1
SET_BKG_MAP			= 2053, G: SET_BKG_MAP
LINELOOP			= 207B, L: SET_BKG_MAP
NOTCARRY			= 2087, L: SET_BKG_MAP
DRAWONELINE			= 208D, G: DRAWONELINE
LOOP				= 2095, L: DRAWONELINE
VRAMTOHL			= 20A3, G: VRAMTOHL
SET_SOUND_FREQ			= 20AE, G: SET_SOUND_FREQ
SET_SOUND_VOLUME		= 20E4, G: SET_SOUND_VOLUME
SET_SPRITE			= 2100, G: SET_SPRITE
SET_VDP_REG			= 2129, G: SET_VDP_REG
WAIT_VBLANK_NOINT		= 2136, G: WAIT_VBLANK_NOINT
LOOP				= 2136, L: WAIT_VBLANK_NOINT
GET_VCOUNT			= 2140, G: GET_VCOUNT
LOOP				= 2142, L: GET_VCOUNT
