CALL_INT_HANDLER		= 008E, L: SMS_CRT0
CKCLOSED			= 1DF8, L: FCLOSE
CLEANUP				= 0137, G: SMS_CRT0
CLOSE				= 1E0B, G: CLOSE
CLOSEALL			= 1D82, G: CLOSEALL
DEFAULTINITIALISEVDP		= 013E, L: SMS_CRT0
DOSIGN				= 231F, L: L_DIV
ENDLOOP				= 013B, L: SMS_CRT0
FABANDON			= 1DBA, G: FABANDON
FCHKSTD				= 1E0C, G: FCHKSTD
FCLOSE				= 1DCE, G: FCLOSE
FILLER1				= 0015, L: SMS_CRT0
FILLER2				= 0055, L: SMS_CRT0
FILLER3				= 008F, L: SMS_CRT0
FPUTC				= 20CC, G: FPUTC
FPUTC_CONS			= 2115, G: FPUTC_CONS
GETARG				= 23CC, G: GETARG
GOTOXY				= 23CF, G: GOTOXY
INT_DONE			= 0087, L: SMS_CRT0
INT_HANDLER			= 0073, L: SMS_CRT0
INT_LOOP			= 0076, L: SMS_CRT0
INT_NOT_VBL			= 0042, L: SMS_CRT0
INT_PAUSE			= 0066, L: SMS_CRT0
INT_RASTER			= 0038, L: SMS_CRT0
INT_VBL				= 0045, L: SMS_CRT0
ISDIGIT				= 22A7, G: ISDIGIT
IS_CLOSED			= 1DFE, L: FCLOSE
I_1				= 1CC9, L: CHEESE_MEMLOAD
I_1				= 1A10, L: CHS_CONS
I_1				= 0280, L: CHS_FUNC
I_10				= 1EA9, L: VFPRINTF_MINI
I_10				= 1783, L: CHS_CONS
I_10				= 0413, L: CHS_INTR
I_10				= 0264, L: CHS_FUNC
I_100				= 0E65, L: CHS_INTR
I_101				= 0E86, L: CHS_INTR
I_102				= 0E9A, L: CHS_INTR
I_103				= 0ED3, L: CHS_INTR
I_104				= 0F12, L: CHS_INTR
I_105				= 0F15, L: CHS_INTR
I_106				= 1067, L: CHS_INTR
I_107				= 0F76, L: CHS_INTR
I_108_I_107			= 0F79, L: CHS_INTR
I_109				= 1053, L: CHS_INTR
I_11				= 179D, L: CHS_CONS
I_11				= 03D7, L: CHS_INTR
I_110				= 103F, L: CHS_INTR
I_111				= 1050, L: CHS_INTR
I_112				= 1064, L: CHS_INTR
I_113				= 1078, L: CHS_INTR
I_114				= 107B, L: CHS_INTR
I_115				= 10BF, L: CHS_INTR
I_116				= 117A, L: CHS_INTR
I_117				= 118D, L: CHS_INTR
I_118				= 10FE, L: CHS_INTR
I_12				= 1F1B, L: VFPRINTF_MINI
I_12				= 1791, L: CHS_CONS
I_12				= 03FE, L: CHS_INTR
I_120				= 117A, L: CHS_INTR
I_121				= 1136, L: CHS_INTR
I_122				= 114A, L: CHS_INTR
I_123				= 1162, L: CHS_INTR
I_124				= 117A, L: CHS_INTR
I_125				= 12E7, L: CHS_INTR
I_126				= 12FA, L: CHS_INTR
I_127				= 1217, L: CHS_INTR
I_128				= 124A, L: CHS_INTR
I_129				= 12E7, L: CHS_INTR
I_13				= 1EC6, L: VFPRINTF_MINI
I_13				= 17BD, L: CHS_CONS
I_13				= 0490, L: CHS_INTR
I_130				= 1283, L: CHS_INTR
I_131				= 12E7, L: CHS_INTR
I_132				= 12B3, L: CHS_INTR
I_133				= 12E7, L: CHS_INTR
I_134				= 12E7, L: CHS_INTR
I_135				= 12FD, L: CHS_INTR
I_136				= 12FD, L: CHS_INTR
I_137				= 130C, L: CHS_INTR
I_138				= 1337, L: CHS_INTR
I_139				= 1350, L: CHS_INTR
I_14				= 1ED4, L: VFPRINTF_MINI
I_14				= 1806, L: CHS_CONS
I_14				= 0497, L: CHS_INTR
I_140				= 1369, L: CHS_INTR
I_141				= 1378, L: CHS_INTR
I_142				= 138C, L: CHS_INTR
I_143				= 13CA, L: CHS_INTR
I_144				= 13CD, L: CHS_INTR
I_145				= 13F3, L: CHS_INTR
I_146				= 1473, L: CHS_INTR
I_147				= 1422, L: CHS_INTR
I_148_I_147			= 1425, L: CHS_INTR
I_149				= 1470, L: CHS_INTR
I_15				= 1ED4, L: VFPRINTF_MINI
I_15				= 17EE, L: CHS_CONS
I_15				= 0418, L: CHS_INTR
I_150				= 16AC, L: CHS_INTR
I_151				= 16C4, L: CHS_INTR
I_152				= 1499, L: CHS_INTR
I_153				= 1681, L: CHS_INTR
I_155				= 1672, L: CHS_INTR
I_156				= 14D7, L: CHS_INTR
I_157				= 14FE, L: CHS_INTR
I_158				= 1510, L: CHS_INTR
I_159				= 1522, L: CHS_INTR
I_16				= 1F1E, L: VFPRINTF_MINI
I_16				= 183E, L: CHS_CONS
I_16				= 044B, L: CHS_INTR
I_160				= 1534, L: CHS_INTR
I_161				= 1546, L: CHS_INTR
I_162				= 1558, L: CHS_INTR
I_163				= 156A, L: CHS_INTR
I_164				= 15AF, L: CHS_INTR
I_165				= 15CD, L: CHS_INTR
I_166				= 162F, L: CHS_INTR
I_167				= 1655, L: CHS_INTR
I_168				= 1658, L: CHS_INTR
I_169				= 16AC, L: CHS_INTR
I_17				= 1F51, L: VFPRINTF_MINI
I_17				= 187D, L: CHS_CONS
I_17				= 0490, L: CHS_INTR
I_170				= 16AC, L: CHS_INTR
I_18				= 1F84, L: VFPRINTF_MINI
I_18				= 1865, L: CHS_CONS
I_18				= 046F, L: CHS_INTR
I_19				= 1F90, L: VFPRINTF_MINI
I_19				= 0490, L: CHS_INTR
I_20				= 1FC0, L: VFPRINTF_MINI
I_20				= 1993, L: CHS_CONS
I_20				= 0490, L: CHS_INTR
I_21				= 1FD1, L: VFPRINTF_MINI
I_21				= 18A1, L: CHS_CONS
I_21				= 0532, L: CHS_INTR
I_22				= 1FFA, L: VFPRINTF_MINI
I_22				= 18DD, L: CHS_CONS
I_22				= 0539, L: CHS_INTR
I_23				= 205D, L: VFPRINTF_MINI
I_23				= 18EA, L: CHS_CONS
I_23				= 049D, L: CHS_INTR
I_24				= 2036, L: VFPRINTF_MINI
I_24				= 18F7, L: CHS_CONS
I_24				= 04D0, L: CHS_INTR
I_25				= 1904, L: CHS_CONS
I_25				= 0532, L: CHS_INTR
I_25_I_24			= 2039, L: VFPRINTF_MINI
I_26				= 209D, L: VFPRINTF_MINI
I_26				= 1911, L: CHS_CONS
I_26				= 04F4, L: CHS_INTR
I_27				= 191E, L: CHS_CONS
I_27				= 0532, L: CHS_INTR
I_28				= 192B, L: CHS_CONS
I_28				= 0532, L: CHS_INTR
I_29				= 1938, L: CHS_CONS
I_29				= 052E, L: CHS_INTR
I_3				= 1E33, L: VFPRINTF_MINI
I_3				= 1D89, L: CLOSEALL
I_3				= 16DA, L: CHS_CONS
I_3				= 0303, L: CHS_INTR
I_3				= 017A, L: CHS_FUNC
I_30				= 1945, L: CHS_CONS
I_31				= 1952, L: CHS_CONS
I_31				= 0603, L: CHS_INTR
I_32				= 195F, L: CHS_CONS
I_32				= 0614, L: CHS_INTR
I_33				= 197C, L: CHS_CONS
I_33				= 06A2, L: CHS_INTR
I_34				= 1989, L: CHS_CONS
I_34				= 06B0, L: CHS_INTR
I_35				= 06C7, L: CHS_INTR
I_36				= 0710, L: CHS_INTR
I_37				= 06FB, L: CHS_INTR
I_38				= 07EA, L: CHS_INTR
I_39				= 080C, L: CHS_INTR
I_4				= 2012, L: VFPRINTF_MINI
I_4				= 1DB8, L: CLOSEALL
I_4				= 1771, L: CHS_CONS
I_4				= 0311, L: CHS_INTR
I_4				= 021F, L: CHS_FUNC
I_40				= 071F, L: CHS_INTR
I_41				= 07EA, L: CHS_INTR
I_42				= 075E, L: CHS_INTR
I_43_I_42			= 0761, L: CHS_INTR
I_44				= 07EA, L: CHS_INTR
I_45				= 07B6, L: CHS_INTR
I_46_I_45			= 07B9, L: CHS_INTR
I_47				= 139D, L: CHS_INTR
I_48				= 13D3, L: CHS_INTR
I_49				= 0860, L: CHS_INTR
I_5				= 1E6F, L: VFPRINTF_MINI
I_5				= 1DAB, L: CLOSEALL
I_5				= 1CC0, L: CHEESE_MEMLOAD
I_5				= 175A, L: CHS_CONS
I_5				= 0366, L: CHS_INTR
I_5				= 01F2, L: CHS_FUNC
I_50				= 0884, L: CHS_INTR
I_51				= 08B3, L: CHS_INTR
I_52				= 0947, L: CHS_INTR
I_53				= 08D0, L: CHS_INTR
I_54				= 091F, L: CHS_INTR
I_55				= 08F7, L: CHS_INTR
I_56				= 139D, L: CHS_INTR
I_57				= 09AD, L: CHS_INTR
I_58				= 0976, L: CHS_INTR
I_59_I_58			= 0979, L: CHS_INTR
I_6				= 200F, L: VFPRINTF_MINI
I_6				= 1DA5, L: CLOSEALL
I_6				= 174A, L: CHS_CONS
I_6				= 0377, L: CHS_INTR
I_6				= 021C, L: CHS_FUNC
I_60				= 139D, L: CHS_INTR
I_61				= 0A13, L: CHS_INTR
I_62				= 09DC, L: CHS_INTR
I_63_I_62			= 09DF, L: CHS_INTR
I_64				= 139D, L: CHS_INTR
I_66				= 139D, L: CHS_INTR
I_67				= 0A21, L: CHS_INTR
I_68				= 0AC0, L: CHS_INTR
I_69				= 0AC3, L: CHS_INTR
I_7				= 1DA5, L: CLOSEALL
I_7				= 1721, L: CHS_CONS
I_7				= 03C4, L: CHS_INTR
I_7				= 020D, L: CHS_FUNC
I_70				= 0AE3, L: CHS_INTR
I_71				= 0B0F, L: CHS_INTR
I_72				= 0B46, L: CHS_INTR
I_73				= 0B74, L: CHS_INTR
I_74				= 0BAF, L: CHS_INTR
I_75				= 0BC0, L: CHS_INTR
I_76				= 0BC3, L: CHS_INTR
I_77				= 0BFF, L: CHS_INTR
I_78				= 0C10, L: CHS_INTR
I_79				= 0C13, L: CHS_INTR
I_8				= 200F, L: VFPRINTF_MINI
I_8				= 03D5, L: CHS_INTR
I_8				= 021C, L: CHS_FUNC
I_80				= 0C6C, L: CHS_INTR
I_81				= 0C96, L: CHS_INTR
I_82				= 0C99, L: CHS_INTR
I_83				= 0CD5, L: CHS_INTR
I_84				= 0CFB, L: CHS_INTR
I_85				= 0CFE, L: CHS_INTR
I_86				= 0D0D, L: CHS_INTR
I_87				= 0D42, L: CHS_INTR
I_88				= 0D71, L: CHS_INTR
I_89				= 0DA7, L: CHS_INTR
I_8_I_7				= 1724, L: CHS_CONS
I_9				= 1E8C, L: VFPRINTF_MINI
I_9				= 1754, L: CHS_CONS
I_9				= 03FE, L: CHS_INTR
I_9				= 0253, L: CHS_FUNC
I_90				= 0DAA, L: CHS_INTR
I_91				= 0DB3, L: CHS_INTR
I_92				= 0DE1, L: CHS_INTR
I_93				= 0DE4, L: CHS_INTR
I_94				= 0DED, L: CHS_INTR
I_95				= 0E23, L: CHS_INTR
I_96				= 0E26, L: CHS_INTR
I_97				= 0E2F, L: CHS_INTR
I_98				= 0E5F, L: CHS_INTR
I_99				= 0E62, L: CHS_INTR
LOADPALETTE			= 23FA, L: LOAD_PALETTE
LOADTILES			= 241F, L: LOAD_TILES
LOAD_PALETTE			= 23EC, G: LOAD_PALETTE
LOAD_TILES			= 2406, G: LOAD_TILES
L_ASL				= 22B7, G: L_ASL
L_ASL1				= 22B8, L: L_ASL
L_ASR				= 225F, G: L_ASR
L_ASR1				= 2260, L: L_ASR
L_CASE				= 22BD, G: L_CASE
L_CMP				= 227C, G: L_CMP
L_COM				= 2365, G: L_COM
L_DCAL				= 013D, G: SMS_CRT0
L_DIV				= 22D4, G: L_DIV
L_DIV0				= 22E4, L: L_DIV
L_DIV01				= 22F3, L: L_DIV
L_DIV1				= 2301, L: L_DIV
L_DIV2				= 230E, L: L_DIV
L_EQ				= 2329, G: L_EQ
L_GCHAR				= 2331, G: L_GCHAR
L_GE				= 2337, G: L_GE
L_GINT				= 216B, G: L_GINT
L_GLONG				= 2170, G: L_GLONG
L_GT				= 233C, G: L_GT
L_INT2LONG_S			= 217A, G: L_INT2LONG_S
L_LE				= 2342, G: L_LE
L_LNEG				= 226A, G: L_LNEG
L_LNEG1				= 2272, L: L_LNEG
L_LONG_ADD			= 2182, G: L_LONG_ADD
L_LONG_CMP			= 2203, G: L_LONG_CMP
L_LONG_CMP1			= 222A, L: L_LONG_CMP
L_LONG_COM			= 2240, G: L_LONG_COM
L_LONG_DIV0			= 21A7, L: L_LONG_DIV_U
L_LONG_DIV1			= 21BA, L: L_LONG_DIV_U
L_LONG_DIV2			= 21E1, L: L_LONG_DIV_U
L_LONG_DIV_U			= 219A, G: L_LONG_DIV_U
L_LONG_LT			= 21FD, G: L_LONG_LT
L_LONG_NEG			= 2234, G: L_LONG_NEG
L_LT				= 234A, G: L_LT
L_MULT				= 234F, G: L_MULT
L_MULT1				= 2356, L: L_MULT
L_MULT2				= 235D, L: L_MULT
L_NE				= 2275, G: L_NE
L_NEG				= 2360, G: L_NEG
L_OR				= 236C, G: L_OR
L_PINT				= 224D, G: L_PINT
L_PLONG				= 2253, G: L_PLONG
L_SXT				= 2373, G: L_SXT
L_SXT				= 2332, L: L_GCHAR
L_UCMP				= 1E2B, G: L_UCMP
L_ULT				= 1E28, G: L_ULT
NOCLS				= 214A, L: FPUTC_CONS
NOCRLF				= 2146, L: FPUTC_CONS
NO_CONS				= 2107, L: FPUTC
NO_STRING			= 20F8, L: FPUTC
PRINTF				= 239C, G: PRINTF
SET_VDP_REG			= 2475, G: SET_VDP_REG
STANDARD_FONT			= 2482, G: STANDARD_FONT
START				= 0100, L: SMS_CRT0
STRCMP				= 2288, G: STRCMP
STRCMP1				= 2294, L: STRCMP
STRCMP2				= 22A0, L: STRCMP
STRLEN				= 2C82, G: STRLEN
STRLEN1				= 2C8C, L: STRLEN
SWEND				= 22D3, L: L_CASE
SWLOOP				= 22BF, L: L_CASE
TOLOWER				= 2378, G: TOLOWER
TOUPPER				= 238A, G: TOUPPER
VFPRINTF_MINI			= 1E31, G: VFPRINTF_MINI
VRAMTOHL			= 215F, G: VRAMTOHL
WRITEBYTE			= 216A, G: WRITEBYTE
_BLANKLOOP			= 245A, L: LOAD_TILES
_CHS_DISPLAY_CHAR		= 19C1, G: CHS_CONS
_CHS_DISPLAY_ENVYRO		= 16C6, G: CHS_CONS
_CHS_DISPLAY_ERROR		= 17AA, G: CHS_CONS
_CHS_DISPLAY_INT		= 19D5, G: CHS_CONS
_CHS_DISPLAY_STR		= 19B5, G: CHS_CONS
_CHS_EXECUTE_FUNCTION		= 0228, G: CHS_FUNC
_CHS_FIND_FUNCTION		= 0161, G: CHS_FUNC
_CHS_FUNC_ABOUT			= 0266, G: CHS_FUNC
_CHS_FUNC_OK			= 026F, G: CHS_FUNC
_CHS_GET_PROGCHAR		= 029F, G: CHS_INTR
_CHS_INPUT_CHAR			= 19E9, G: CHS_CONS
_CHS_INPUT_INT			= 1A01, G: CHS_CONS
_CHS_INTERPRET			= 080D, G: CHS_INTR
_CHS_MAKEDEFTABLE		= 06B1, G: CHS_INTR
_CHS_POP			= 0378, G: CHS_INTR
_CHS_POPENV			= 0615, G: CHS_INTR
_CHS_PROCESS_AMP		= 13D5, G: CHS_INTR
_CHS_PROCESS_STRING		= 1498, G: CHS_INTR
_CHS_PUSH			= 0312, G: CHS_INTR
_CHS_PUSHENV			= 053B, G: CHS_INTR
_CHS_SKIP			= 0414, G: CHS_INTR
_CHS_SKIP2			= 0499, G: CHS_INTR
_CHS_SKIPSTRING			= 03D7, G: CHS_INTR
_DATA				= 014C, L: SMS_CRT0
_DATALOOP			= 244E, L: LOAD_TILES
_END				= 015E, L: SMS_CRT0
_FUNCTION_NAMES			= 0278, G: CHS_FUNC
_FUNCTION_POINTERS		= 027C, G: CHS_FUNC
_LOOP				= 244D, L: LOAD_TILES
_MAIN				= 1BBF, G: CHEESE_MEMLOAD
_MINIPRINTN			= 2018, L: VFPRINTF_MINI
_NOMOREBLANKS			= 2468, L: LOAD_TILES
_PAL1				= 1BAD, G: CHEESE_MEMLOAD
_PROGARRAY			= 1BBD, G: CHEESE_MEMLOAD
_VFPRINTF			= 015E, G: SMS_CRT0


FILLER1				= 0015, L: SMS_CRT0
INT_RASTER			= 0038, L: SMS_CRT0
INT_NOT_VBL			= 0042, L: SMS_CRT0
INT_VBL				= 0045, L: SMS_CRT0
FILLER2				= 0055, L: SMS_CRT0
INT_PAUSE			= 0066, L: SMS_CRT0
INT_HANDLER			= 0073, L: SMS_CRT0
INT_LOOP			= 0076, L: SMS_CRT0
INT_DONE			= 0087, L: SMS_CRT0
CALL_INT_HANDLER		= 008E, L: SMS_CRT0
FILLER3				= 008F, L: SMS_CRT0
START				= 0100, L: SMS_CRT0
CLEANUP				= 0137, G: SMS_CRT0
ENDLOOP				= 013B, L: SMS_CRT0
L_DCAL				= 013D, G: SMS_CRT0
DEFAULTINITIALISEVDP		= 013E, L: SMS_CRT0
_DATA				= 014C, L: SMS_CRT0
_VFPRINTF			= 015E, G: SMS_CRT0
_END				= 015E, L: SMS_CRT0
_CHS_FIND_FUNCTION		= 0161, G: CHS_FUNC
I_3				= 017A, L: CHS_FUNC
I_5				= 01F2, L: CHS_FUNC
I_7				= 020D, L: CHS_FUNC
I_8				= 021C, L: CHS_FUNC
I_6				= 021C, L: CHS_FUNC
I_4				= 021F, L: CHS_FUNC
_CHS_EXECUTE_FUNCTION		= 0228, G: CHS_FUNC
I_9				= 0253, L: CHS_FUNC
I_10				= 0264, L: CHS_FUNC
_CHS_FUNC_ABOUT			= 0266, G: CHS_FUNC
_CHS_FUNC_OK			= 026F, G: CHS_FUNC
_FUNCTION_NAMES			= 0278, G: CHS_FUNC
_FUNCTION_POINTERS		= 027C, G: CHS_FUNC
I_1				= 0280, L: CHS_FUNC
_CHS_GET_PROGCHAR		= 029F, G: CHS_INTR
I_3				= 0303, L: CHS_INTR
I_4				= 0311, L: CHS_INTR
_CHS_PUSH			= 0312, G: CHS_INTR
I_5				= 0366, L: CHS_INTR
I_6				= 0377, L: CHS_INTR
_CHS_POP			= 0378, G: CHS_INTR
I_7				= 03C4, L: CHS_INTR
I_8				= 03D5, L: CHS_INTR
_CHS_SKIPSTRING			= 03D7, G: CHS_INTR
I_11				= 03D7, L: CHS_INTR
I_9				= 03FE, L: CHS_INTR
I_12				= 03FE, L: CHS_INTR
I_10				= 0413, L: CHS_INTR
_CHS_SKIP			= 0414, G: CHS_INTR
I_15				= 0418, L: CHS_INTR
I_16				= 044B, L: CHS_INTR
I_18				= 046F, L: CHS_INTR
I_19				= 0490, L: CHS_INTR
I_20				= 0490, L: CHS_INTR
I_17				= 0490, L: CHS_INTR
I_13				= 0490, L: CHS_INTR
I_14				= 0497, L: CHS_INTR
_CHS_SKIP2			= 0499, G: CHS_INTR
I_23				= 049D, L: CHS_INTR
I_24				= 04D0, L: CHS_INTR
I_26				= 04F4, L: CHS_INTR
I_29				= 052E, L: CHS_INTR
I_25				= 0532, L: CHS_INTR
I_27				= 0532, L: CHS_INTR
I_28				= 0532, L: CHS_INTR
I_21				= 0532, L: CHS_INTR
I_22				= 0539, L: CHS_INTR
_CHS_PUSHENV			= 053B, G: CHS_INTR
I_31				= 0603, L: CHS_INTR
I_32				= 0614, L: CHS_INTR
_CHS_POPENV			= 0615, G: CHS_INTR
I_33				= 06A2, L: CHS_INTR
I_34				= 06B0, L: CHS_INTR
_CHS_MAKEDEFTABLE		= 06B1, G: CHS_INTR
I_35				= 06C7, L: CHS_INTR
I_37				= 06FB, L: CHS_INTR
I_36				= 0710, L: CHS_INTR
I_40				= 071F, L: CHS_INTR
I_42				= 075E, L: CHS_INTR
I_43_I_42			= 0761, L: CHS_INTR
I_45				= 07B6, L: CHS_INTR
I_46_I_45			= 07B9, L: CHS_INTR
I_44				= 07EA, L: CHS_INTR
I_41				= 07EA, L: CHS_INTR
I_38				= 07EA, L: CHS_INTR
I_39				= 080C, L: CHS_INTR
_CHS_INTERPRET			= 080D, G: CHS_INTR
I_49				= 0860, L: CHS_INTR
I_50				= 0884, L: CHS_INTR
I_51				= 08B3, L: CHS_INTR
I_53				= 08D0, L: CHS_INTR
I_55				= 08F7, L: CHS_INTR
I_54				= 091F, L: CHS_INTR
I_52				= 0947, L: CHS_INTR
I_58				= 0976, L: CHS_INTR
I_59_I_58			= 0979, L: CHS_INTR
I_57				= 09AD, L: CHS_INTR
I_62				= 09DC, L: CHS_INTR
I_63_I_62			= 09DF, L: CHS_INTR
I_61				= 0A13, L: CHS_INTR
I_67				= 0A21, L: CHS_INTR
I_68				= 0AC0, L: CHS_INTR
I_69				= 0AC3, L: CHS_INTR
I_70				= 0AE3, L: CHS_INTR
I_71				= 0B0F, L: CHS_INTR
I_72				= 0B46, L: CHS_INTR
I_73				= 0B74, L: CHS_INTR
I_74				= 0BAF, L: CHS_INTR
I_75				= 0BC0, L: CHS_INTR
I_76				= 0BC3, L: CHS_INTR
I_77				= 0BFF, L: CHS_INTR
I_78				= 0C10, L: CHS_INTR
I_79				= 0C13, L: CHS_INTR
I_80				= 0C6C, L: CHS_INTR
I_81				= 0C96, L: CHS_INTR
I_82				= 0C99, L: CHS_INTR
I_83				= 0CD5, L: CHS_INTR
I_84				= 0CFB, L: CHS_INTR
I_85				= 0CFE, L: CHS_INTR
I_86				= 0D0D, L: CHS_INTR
I_87				= 0D42, L: CHS_INTR
I_88				= 0D71, L: CHS_INTR
I_89				= 0DA7, L: CHS_INTR
I_90				= 0DAA, L: CHS_INTR
I_91				= 0DB3, L: CHS_INTR
I_92				= 0DE1, L: CHS_INTR
I_93				= 0DE4, L: CHS_INTR
I_94				= 0DED, L: CHS_INTR
I_95				= 0E23, L: CHS_INTR
I_96				= 0E26, L: CHS_INTR
I_97				= 0E2F, L: CHS_INTR
I_98				= 0E5F, L: CHS_INTR
I_99				= 0E62, L: CHS_INTR
I_100				= 0E65, L: CHS_INTR
I_101				= 0E86, L: CHS_INTR
I_102				= 0E9A, L: CHS_INTR
I_103				= 0ED3, L: CHS_INTR
I_104				= 0F12, L: CHS_INTR
I_105				= 0F15, L: CHS_INTR
I_107				= 0F76, L: CHS_INTR
I_108_I_107			= 0F79, L: CHS_INTR
I_110				= 103F, L: CHS_INTR
I_111				= 1050, L: CHS_INTR
I_109				= 1053, L: CHS_INTR
I_112				= 1064, L: CHS_INTR
I_106				= 1067, L: CHS_INTR
I_113				= 1078, L: CHS_INTR
I_114				= 107B, L: CHS_INTR
I_115				= 10BF, L: CHS_INTR
I_118				= 10FE, L: CHS_INTR
I_121				= 1136, L: CHS_INTR
I_122				= 114A, L: CHS_INTR
I_123				= 1162, L: CHS_INTR
I_124				= 117A, L: CHS_INTR
I_120				= 117A, L: CHS_INTR
I_116				= 117A, L: CHS_INTR
I_117				= 118D, L: CHS_INTR
I_127				= 1217, L: CHS_INTR
I_128				= 124A, L: CHS_INTR
I_130				= 1283, L: CHS_INTR
I_132				= 12B3, L: CHS_INTR
I_133				= 12E7, L: CHS_INTR
I_134				= 12E7, L: CHS_INTR
I_131				= 12E7, L: CHS_INTR
I_129				= 12E7, L: CHS_INTR
I_125				= 12E7, L: CHS_INTR
I_126				= 12FA, L: CHS_INTR
I_135				= 12FD, L: CHS_INTR
I_136				= 12FD, L: CHS_INTR
I_137				= 130C, L: CHS_INTR
I_138				= 1337, L: CHS_INTR
I_139				= 1350, L: CHS_INTR
I_140				= 1369, L: CHS_INTR
I_141				= 1378, L: CHS_INTR
I_142				= 138C, L: CHS_INTR
I_64				= 139D, L: CHS_INTR
I_66				= 139D, L: CHS_INTR
I_60				= 139D, L: CHS_INTR
I_56				= 139D, L: CHS_INTR
I_47				= 139D, L: CHS_INTR
I_143				= 13CA, L: CHS_INTR
I_144				= 13CD, L: CHS_INTR
I_48				= 13D3, L: CHS_INTR
_CHS_PROCESS_AMP		= 13D5, G: CHS_INTR
I_145				= 13F3, L: CHS_INTR
I_147				= 1422, L: CHS_INTR
I_148_I_147			= 1425, L: CHS_INTR
I_149				= 1470, L: CHS_INTR
I_146				= 1473, L: CHS_INTR
_CHS_PROCESS_STRING		= 1498, G: CHS_INTR
I_152				= 1499, L: CHS_INTR
I_156				= 14D7, L: CHS_INTR
I_157				= 14FE, L: CHS_INTR
I_158				= 1510, L: CHS_INTR
I_159				= 1522, L: CHS_INTR
I_160				= 1534, L: CHS_INTR
I_161				= 1546, L: CHS_INTR
I_162				= 1558, L: CHS_INTR
I_163				= 156A, L: CHS_INTR
I_164				= 15AF, L: CHS_INTR
I_165				= 15CD, L: CHS_INTR
I_166				= 162F, L: CHS_INTR
I_167				= 1655, L: CHS_INTR
I_168				= 1658, L: CHS_INTR
I_155				= 1672, L: CHS_INTR
I_153				= 1681, L: CHS_INTR
I_170				= 16AC, L: CHS_INTR
I_169				= 16AC, L: CHS_INTR
I_150				= 16AC, L: CHS_INTR
I_151				= 16C4, L: CHS_INTR
_CHS_DISPLAY_ENVYRO		= 16C6, G: CHS_CONS
I_3				= 16DA, L: CHS_CONS
I_7				= 1721, L: CHS_CONS
I_8_I_7				= 1724, L: CHS_CONS
I_6				= 174A, L: CHS_CONS
I_9				= 1754, L: CHS_CONS
I_5				= 175A, L: CHS_CONS
I_4				= 1771, L: CHS_CONS
I_10				= 1783, L: CHS_CONS
I_12				= 1791, L: CHS_CONS
I_11				= 179D, L: CHS_CONS
_CHS_DISPLAY_ERROR		= 17AA, G: CHS_CONS
I_13				= 17BD, L: CHS_CONS
I_15				= 17EE, L: CHS_CONS
I_14				= 1806, L: CHS_CONS
I_16				= 183E, L: CHS_CONS
I_18				= 1865, L: CHS_CONS
I_17				= 187D, L: CHS_CONS
I_21				= 18A1, L: CHS_CONS
I_22				= 18DD, L: CHS_CONS
I_23				= 18EA, L: CHS_CONS
I_24				= 18F7, L: CHS_CONS
I_25				= 1904, L: CHS_CONS
I_26				= 1911, L: CHS_CONS
I_27				= 191E, L: CHS_CONS
I_28				= 192B, L: CHS_CONS
I_29				= 1938, L: CHS_CONS
I_30				= 1945, L: CHS_CONS
I_31				= 1952, L: CHS_CONS
I_32				= 195F, L: CHS_CONS
I_33				= 197C, L: CHS_CONS
I_34				= 1989, L: CHS_CONS
I_20				= 1993, L: CHS_CONS
_CHS_DISPLAY_STR		= 19B5, G: CHS_CONS
_CHS_DISPLAY_CHAR		= 19C1, G: CHS_CONS
_CHS_DISPLAY_INT		= 19D5, G: CHS_CONS
_CHS_INPUT_CHAR			= 19E9, G: CHS_CONS
_CHS_INPUT_INT			= 1A01, G: CHS_CONS
I_1				= 1A10, L: CHS_CONS
_PAL1				= 1BAD, G: CHEESE_MEMLOAD
_PROGARRAY			= 1BBD, G: CHEESE_MEMLOAD
_MAIN				= 1BBF, G: CHEESE_MEMLOAD
I_5				= 1CC0, L: CHEESE_MEMLOAD
I_1				= 1CC9, L: CHEESE_MEMLOAD
CLOSEALL			= 1D82, G: CLOSEALL
I_3				= 1D89, L: CLOSEALL
I_7				= 1DA5, L: CLOSEALL
I_6				= 1DA5, L: CLOSEALL
I_5				= 1DAB, L: CLOSEALL
I_4				= 1DB8, L: CLOSEALL
FABANDON			= 1DBA, G: FABANDON
FCLOSE				= 1DCE, G: FCLOSE
CKCLOSED			= 1DF8, L: FCLOSE
IS_CLOSED			= 1DFE, L: FCLOSE
CLOSE				= 1E0B, G: CLOSE
FCHKSTD				= 1E0C, G: FCHKSTD
L_ULT				= 1E28, G: L_ULT
L_UCMP				= 1E2B, G: L_UCMP
VFPRINTF_MINI			= 1E31, G: VFPRINTF_MINI
I_3				= 1E33, L: VFPRINTF_MINI
I_5				= 1E6F, L: VFPRINTF_MINI
I_9				= 1E8C, L: VFPRINTF_MINI
I_10				= 1EA9, L: VFPRINTF_MINI
I_13				= 1EC6, L: VFPRINTF_MINI
I_15				= 1ED4, L: VFPRINTF_MINI
I_14				= 1ED4, L: VFPRINTF_MINI
I_12				= 1F1B, L: VFPRINTF_MINI
I_16				= 1F1E, L: VFPRINTF_MINI
I_17				= 1F51, L: VFPRINTF_MINI
I_18				= 1F84, L: VFPRINTF_MINI
I_19				= 1F90, L: VFPRINTF_MINI
I_20				= 1FC0, L: VFPRINTF_MINI
I_21				= 1FD1, L: VFPRINTF_MINI
I_22				= 1FFA, L: VFPRINTF_MINI
I_8				= 200F, L: VFPRINTF_MINI
I_6				= 200F, L: VFPRINTF_MINI
I_4				= 2012, L: VFPRINTF_MINI
_MINIPRINTN			= 2018, L: VFPRINTF_MINI
I_24				= 2036, L: VFPRINTF_MINI
I_25_I_24			= 2039, L: VFPRINTF_MINI
I_23				= 205D, L: VFPRINTF_MINI
I_26				= 209D, L: VFPRINTF_MINI
FPUTC				= 20CC, G: FPUTC
NO_STRING			= 20F8, L: FPUTC
NO_CONS				= 2107, L: FPUTC
FPUTC_CONS			= 2115, G: FPUTC_CONS
NOCRLF				= 2146, L: FPUTC_CONS
NOCLS				= 214A, L: FPUTC_CONS
VRAMTOHL			= 215F, G: VRAMTOHL
WRITEBYTE			= 216A, G: WRITEBYTE
L_GINT				= 216B, G: L_GINT
L_GLONG				= 2170, G: L_GLONG
L_INT2LONG_S			= 217A, G: L_INT2LONG_S
L_LONG_ADD			= 2182, G: L_LONG_ADD
L_LONG_DIV_U			= 219A, G: L_LONG_DIV_U
L_LONG_DIV0			= 21A7, L: L_LONG_DIV_U
L_LONG_DIV1			= 21BA, L: L_LONG_DIV_U
L_LONG_DIV2			= 21E1, L: L_LONG_DIV_U
L_LONG_LT			= 21FD, G: L_LONG_LT
L_LONG_CMP			= 2203, G: L_LONG_CMP
L_LONG_CMP1			= 222A, L: L_LONG_CMP
L_LONG_NEG			= 2234, G: L_LONG_NEG
L_LONG_COM			= 2240, G: L_LONG_COM
L_PINT				= 224D, G: L_PINT
L_PLONG				= 2253, G: L_PLONG
L_ASR				= 225F, G: L_ASR
L_ASR1				= 2260, L: L_ASR
L_LNEG				= 226A, G: L_LNEG
L_LNEG1				= 2272, L: L_LNEG
L_NE				= 2275, G: L_NE
L_CMP				= 227C, G: L_CMP
STRCMP				= 2288, G: STRCMP
STRCMP1				= 2294, L: STRCMP
STRCMP2				= 22A0, L: STRCMP
ISDIGIT				= 22A7, G: ISDIGIT
L_ASL				= 22B7, G: L_ASL
L_ASL1				= 22B8, L: L_ASL
L_CASE				= 22BD, G: L_CASE
SWLOOP				= 22BF, L: L_CASE
SWEND				= 22D3, L: L_CASE
L_DIV				= 22D4, G: L_DIV
L_DIV0				= 22E4, L: L_DIV
L_DIV01				= 22F3, L: L_DIV
L_DIV1				= 2301, L: L_DIV
L_DIV2				= 230E, L: L_DIV
DOSIGN				= 231F, L: L_DIV
L_EQ				= 2329, G: L_EQ
L_GCHAR				= 2331, G: L_GCHAR
L_SXT				= 2332, L: L_GCHAR
L_GE				= 2337, G: L_GE
L_GT				= 233C, G: L_GT
L_LE				= 2342, G: L_LE
L_LT				= 234A, G: L_LT
L_MULT				= 234F, G: L_MULT
L_MULT1				= 2356, L: L_MULT
L_MULT2				= 235D, L: L_MULT
L_NEG				= 2360, G: L_NEG
L_COM				= 2365, G: L_COM
L_OR				= 236C, G: L_OR
L_SXT				= 2373, G: L_SXT
TOLOWER				= 2378, G: TOLOWER
TOUPPER				= 238A, G: TOUPPER
PRINTF				= 239C, G: PRINTF
GETARG				= 23CC, G: GETARG
GOTOXY				= 23CF, G: GOTOXY
LOAD_PALETTE			= 23EC, G: LOAD_PALETTE
LOADPALETTE			= 23FA, L: LOAD_PALETTE
LOAD_TILES			= 2406, G: LOAD_TILES
LOADTILES			= 241F, L: LOAD_TILES
_LOOP				= 244D, L: LOAD_TILES
_DATALOOP			= 244E, L: LOAD_TILES
_BLANKLOOP			= 245A, L: LOAD_TILES
_NOMOREBLANKS			= 2468, L: LOAD_TILES
SET_VDP_REG			= 2475, G: SET_VDP_REG
STANDARD_FONT			= 2482, G: STANDARD_FONT
STRLEN				= 2C82, G: STRLEN
STRLEN1				= 2C8C, L: STRLEN
