ABS				= 2188, G: ABS
CALL_INT_HANDLER		= 008E, L: SMS_CRT0
CLEANUP				= 0128, G: SMS_CRT0
DEFAULTINITIALISEVDP		= 012C, L: SMS_CRT0
DRAWONELINE			= 2240, G: DRAWONELINE
ENDLOOP				= 0129, L: SMS_CRT0
FILLER1				= 0015, L: SMS_CRT0
FILLER2				= 0055, L: SMS_CRT0
FILLER3				= 008F, L: SMS_CRT0
INT_DONE			= 0087, L: SMS_CRT0
INT_HANDLER			= 0073, L: SMS_CRT0
INT_LOOP			= 0076, L: SMS_CRT0
INT_NOT_VBL			= 0042, L: SMS_CRT0
INT_PAUSE			= 0066, L: SMS_CRT0
INT_RASTER			= 0038, L: SMS_CRT0
INT_VBL				= 0045, L: SMS_CRT0
I_10				= 047D, L: APA
I_10				= 01B1, L: LOREZ
I_101				= 19BA, L: APA
I_102				= 19F0, L: APA
I_103				= 1A2C, L: APA
I_104				= 1A93, L: APA
I_105				= 1A7D, L: APA
I_106				= 1B76, L: APA
I_107				= 1C1A, L: APA
I_108				= 1C04, L: APA
I_11				= 040E, L: APA
I_11				= 025A, L: LOREZ
I_12				= 0460, L: APA
I_12				= 024E, L: LOREZ
I_13				= 044A, L: APA
I_13				= 01E9, L: LOREZ
I_14				= 06A6, L: APA
I_14				= 0212, L: LOREZ
I_15				= 06F2, L: APA
I_15				= 02C5, L: LOREZ
I_16				= 06EB, L: APA
I_16				= 02DC, L: LOREZ
I_17				= 06BE, L: APA
I_17				= 02D0, L: LOREZ
I_18				= 06CA, L: APA
I_18				= 032D, L: LOREZ
I_19				= 06FB, L: APA
I_19				= 0330, L: LOREZ
I_20				= 0764, L: APA
I_20				= 032D, L: LOREZ
I_21				= 075D, L: APA
I_22				= 071F, L: APA
I_23				= 073C, L: APA
I_24				= 078A, L: APA
I_25				= 07F3, L: APA
I_26				= 07EC, L: APA
I_27				= 0963, L: APA
I_28				= 0A59, L: APA
I_29				= 099E, L: APA
I_30				= 09F2, L: APA
I_31				= 09E3, L: APA
I_32				= 0AD6, L: APA
I_33				= 0B69, L: APA
I_34				= 0B60, L: APA
I_35				= 0AE4, L: APA
I_36				= 0B5A, L: APA
I_37				= 0B53, L: APA
I_38				= 0B15, L: APA
I_39				= 0B32, L: APA
I_4				= 018C, L: LOREZ
I_40				= 0BC4, L: APA
I_41				= 0BC7, L: APA
I_42				= 0C16, L: APA
I_43				= 0C19, L: APA
I_44				= 0CC1, L: APA
I_45				= 0D06, L: APA
I_46				= 0DF1, L: APA
I_47				= 0DDB, L: APA
I_48				= 0D3C, L: APA
I_49				= 0D63, L: APA
I_5				= 0372, L: APA
I_5				= 02A0, L: LOREZ
I_50				= 0D63, L: APA
I_51				= 0DA1, L: APA
I_52				= 0E37, L: APA
I_53				= 0FAA, L: APA
I_54				= 0F72, L: APA
I_55				= 0FA7, L: APA
I_56				= 10B0, L: APA
I_57				= 11BD, L: APA
I_58				= 10EE, L: APA
I_59				= 114E, L: APA
I_6				= 03CE, L: APA
I_6				= 0290, L: LOREZ
I_60				= 113F, L: APA
I_61				= 11FD, L: APA
I_62				= 122B, L: APA
I_63				= 1283, L: APA
I_64				= 1286, L: APA
I_65				= 12D5, L: APA
I_66				= 12D8, L: APA
I_67				= 1380, L: APA
I_68				= 13D0, L: APA
I_69				= 14A9, L: APA
I_7				= 03B8, L: APA
I_7				= 0196, L: LOREZ
I_70				= 1493, L: APA
I_71				= 13FD, L: APA
I_72				= 141B, L: APA
I_73				= 141B, L: APA
I_74				= 1459, L: APA
I_75				= 1512, L: APA
I_76				= 1537, L: APA
I_77				= 155C, L: APA
I_78				= 1581, L: APA
I_79				= 15A6, L: APA
I_8				= 03FC, L: APA
I_8				= 026D, L: LOREZ
I_80				= 15CB, L: APA
I_81				= 15F8, L: APA
I_82				= 15F2, L: APA
I_84				= 160F, L: APA
I_85				= 1645, L: APA
I_86				= 1681, L: APA
I_87				= 16E8, L: APA
I_88				= 16D2, L: APA
I_89				= 17CB, L: APA
I_9				= 0493, L: APA
I_9				= 0260, L: LOREZ
I_90				= 186F, L: APA
I_91				= 1859, L: APA
I_92				= 18BD, L: APA
I_93				= 18E2, L: APA
I_94				= 1907, L: APA
I_95				= 192C, L: APA
I_96				= 1951, L: APA
I_97				= 1976, L: APA
I_98				= 19A3, L: APA
I_99				= 199D, L: APA
LINELOOP			= 222E, L: SET_BKG_MAP
LOADPALETTE			= 20BE, L: LOAD_PALETTE
LOADTILES			= 20E3, L: LOAD_TILES
LOAD_PALETTE			= 20B0, G: LOAD_PALETTE
LOAD_TILES			= 20CA, G: LOAD_TILES
LOOP				= 2248, L: DRAWONELINE
L_AND				= 2139, G: L_AND
L_ASL				= 219E, G: L_ASL
L_ASL1				= 219F, L: L_ASL
L_ASR				= 2140, G: L_ASR
L_ASR1				= 2141, L: L_ASR
L_ASR_U				= 21A4, G: L_ASR_U
L_ASR_U_1			= 21A5, L: L_ASR_U
L_CMP				= 215D, G: L_CMP
L_COM				= 2197, G: L_COM
L_DCAL				= 012B, G: SMS_CRT0
L_EQ				= 21AE, G: L_EQ
L_GCHAR				= 214B, G: L_GCHAR
L_GINT				= 2151, G: L_GINT
L_GT				= 21B6, G: L_GT
L_LT				= 21BC, G: L_LT
L_MULT				= 21C1, G: L_MULT
L_MULT1				= 21C8, L: L_MULT
L_MULT2				= 21CF, L: L_MULT
L_NE				= 2156, G: L_NE
L_NEG				= 2192, G: L_NEG
L_OR				= 2169, G: L_OR
L_PINT				= 2170, G: L_PINT
L_SXT				= 2176, G: L_SXT
L_SXT				= 214C, L: L_GCHAR
MEMCPY				= 21D2, G: MEMCPY
MEMSET				= 21EB, G: MEMSET
NOTCARRY			= 223A, L: SET_BKG_MAP
SET_BKG_MAP			= 2206, G: SET_BKG_MAP
SET_VDP_REG			= 217B, G: SET_VDP_REG
START				= 0100, L: SMS_CRT0
VRAMTOHL			= 2256, G: VRAMTOHL
_APA_BIT_MASK			= 0332, G: APA
_APA_CLEAR_CANVAS		= 0678, G: APA
_APA_DRAW_CIRCLE		= 0E1A, G: APA
_APA_DRAW_LINE			= 0B6F, G: APA
_APA_DRAW_POLY			= 14CA, G: APA
_APA_DRAW_TEXTURED_POLY		= 1875, G: APA
_APA_HLINE_BIT_MASK		= 033A, G: APA
_APA_HOR_LINE			= 087C, G: APA
_APA_INIT_CANVAS		= 0499, G: APA
_APA_INIT_CHARSET		= 0342, G: APA
_APA_INIT_MAP			= 03D3, G: APA
_APA_PUT_PIXEL			= 07F5, G: APA
_APA_REFRESH_CANVAS		= 0646, G: APA
_APA_SHOW_CANVAS		= 05F4, G: APA
_APA_TEXTURED_HOR_LINE		= 0FAE, G: APA
_APA_VERT_LINE			= 0A5F, G: APA
_APPLY_OCTET			= 069F, G: APA
_APPLY_OCTET_MASK		= 06F4, G: APA
_APPLY_OCTET_MASK_TEXTURE	= 0783, G: APA
_APPLY_OCTET_TEXTURE		= 0766, G: APA
_BLANKLOOP			= 211E, L: LOAD_TILES
_CTAB				= 1E20, G: SINCOS
_DATA				= 013A, L: SMS_CRT0
_DATALOOP			= 2112, L: LOAD_TILES
_END				= 014C, L: SMS_CRT0
_FLAT_FACES			= 2080, G: CUBE
_FLAT_LINES			= 2050, G: CUBE
_FLAT_VERTICES			= 2020, G: CUBE
_LOAD_MAIN_TILESET		= 02BE, G: LOREZ
_LOOP				= 2111, L: LOAD_TILES
_MAIN				= 02DE, G: LOREZ
_MAKE_TILE			= 015C, G: LOREZ
_NOMOREBLANKS			= 212C, L: LOAD_TILES
_PAL1				= 014C, G: LOREZ
_STAB				= 1C20, G: SINCOS
_SWEEP_POLY_LINE		= 122D, G: APA
_SWEEP_POLY_PIXEL		= 11C3, G: APA
_VFPRINTF			= 014C, G: SMS_CRT0


FILLER1				= 0015, L: SMS_CRT0
INT_RASTER			= 0038, L: SMS_CRT0
INT_NOT_VBL			= 0042, L: SMS_CRT0
INT_VBL				= 0045, L: SMS_CRT0
FILLER2				= 0055, L: SMS_CRT0
INT_PAUSE			= 0066, L: SMS_CRT0
INT_HANDLER			= 0073, L: SMS_CRT0
INT_LOOP			= 0076, L: SMS_CRT0
INT_DONE			= 0087, L: SMS_CRT0
CALL_INT_HANDLER		= 008E, L: SMS_CRT0
FILLER3				= 008F, L: SMS_CRT0
START				= 0100, L: SMS_CRT0
CLEANUP				= 0128, G: SMS_CRT0
ENDLOOP				= 0129, L: SMS_CRT0
L_DCAL				= 012B, G: SMS_CRT0
DEFAULTINITIALISEVDP		= 012C, L: SMS_CRT0
_DATA				= 013A, L: SMS_CRT0
_VFPRINTF			= 014C, G: SMS_CRT0
_PAL1				= 014C, G: LOREZ
_END				= 014C, L: SMS_CRT0
_MAKE_TILE			= 015C, G: LOREZ
I_4				= 018C, L: LOREZ
I_7				= 0196, L: LOREZ
I_10				= 01B1, L: LOREZ
I_13				= 01E9, L: LOREZ
I_14				= 0212, L: LOREZ
I_12				= 024E, L: LOREZ
I_11				= 025A, L: LOREZ
I_9				= 0260, L: LOREZ
I_8				= 026D, L: LOREZ
I_6				= 0290, L: LOREZ
I_5				= 02A0, L: LOREZ
_LOAD_MAIN_TILESET		= 02BE, G: LOREZ
I_15				= 02C5, L: LOREZ
I_17				= 02D0, L: LOREZ
I_16				= 02DC, L: LOREZ
_MAIN				= 02DE, G: LOREZ
I_18				= 032D, L: LOREZ
I_20				= 032D, L: LOREZ
I_19				= 0330, L: LOREZ
_APA_BIT_MASK			= 0332, G: APA
_APA_HLINE_BIT_MASK		= 033A, G: APA
_APA_INIT_CHARSET		= 0342, G: APA
I_5				= 0372, L: APA
I_7				= 03B8, L: APA
I_6				= 03CE, L: APA
_APA_INIT_MAP			= 03D3, G: APA
I_8				= 03FC, L: APA
I_11				= 040E, L: APA
I_13				= 044A, L: APA
I_12				= 0460, L: APA
I_10				= 047D, L: APA
I_9				= 0493, L: APA
_APA_INIT_CANVAS		= 0499, G: APA
_APA_SHOW_CANVAS		= 05F4, G: APA
_APA_REFRESH_CANVAS		= 0646, G: APA
_APA_CLEAR_CANVAS		= 0678, G: APA
_APPLY_OCTET			= 069F, G: APA
I_14				= 06A6, L: APA
I_17				= 06BE, L: APA
I_18				= 06CA, L: APA
I_16				= 06EB, L: APA
I_15				= 06F2, L: APA
_APPLY_OCTET_MASK		= 06F4, G: APA
I_19				= 06FB, L: APA
I_22				= 071F, L: APA
I_23				= 073C, L: APA
I_21				= 075D, L: APA
I_20				= 0764, L: APA
_APPLY_OCTET_TEXTURE		= 0766, G: APA
_APPLY_OCTET_MASK_TEXTURE	= 0783, G: APA
I_24				= 078A, L: APA
I_26				= 07EC, L: APA
I_25				= 07F3, L: APA
_APA_PUT_PIXEL			= 07F5, G: APA
_APA_HOR_LINE			= 087C, G: APA
I_27				= 0963, L: APA
I_29				= 099E, L: APA
I_31				= 09E3, L: APA
I_30				= 09F2, L: APA
I_28				= 0A59, L: APA
_APA_VERT_LINE			= 0A5F, G: APA
I_32				= 0AD6, L: APA
I_35				= 0AE4, L: APA
I_38				= 0B15, L: APA
I_39				= 0B32, L: APA
I_37				= 0B53, L: APA
I_36				= 0B5A, L: APA
I_34				= 0B60, L: APA
I_33				= 0B69, L: APA
_APA_DRAW_LINE			= 0B6F, G: APA
I_40				= 0BC4, L: APA
I_41				= 0BC7, L: APA
I_42				= 0C16, L: APA
I_43				= 0C19, L: APA
I_44				= 0CC1, L: APA
I_45				= 0D06, L: APA
I_48				= 0D3C, L: APA
I_50				= 0D63, L: APA
I_49				= 0D63, L: APA
I_51				= 0DA1, L: APA
I_47				= 0DDB, L: APA
I_46				= 0DF1, L: APA
_APA_DRAW_CIRCLE		= 0E1A, G: APA
I_52				= 0E37, L: APA
I_54				= 0F72, L: APA
I_55				= 0FA7, L: APA
I_53				= 0FAA, L: APA
_APA_TEXTURED_HOR_LINE		= 0FAE, G: APA
I_56				= 10B0, L: APA
I_58				= 10EE, L: APA
I_60				= 113F, L: APA
I_59				= 114E, L: APA
I_57				= 11BD, L: APA
_SWEEP_POLY_PIXEL		= 11C3, G: APA
I_61				= 11FD, L: APA
I_62				= 122B, L: APA
_SWEEP_POLY_LINE		= 122D, G: APA
I_63				= 1283, L: APA
I_64				= 1286, L: APA
I_65				= 12D5, L: APA
I_66				= 12D8, L: APA
I_67				= 1380, L: APA
I_68				= 13D0, L: APA
I_71				= 13FD, L: APA
I_73				= 141B, L: APA
I_72				= 141B, L: APA
I_74				= 1459, L: APA
I_70				= 1493, L: APA
I_69				= 14A9, L: APA
_APA_DRAW_POLY			= 14CA, G: APA
I_75				= 1512, L: APA
I_76				= 1537, L: APA
I_77				= 155C, L: APA
I_78				= 1581, L: APA
I_79				= 15A6, L: APA
I_80				= 15CB, L: APA
I_82				= 15F2, L: APA
I_81				= 15F8, L: APA
I_84				= 160F, L: APA
I_85				= 1645, L: APA
I_86				= 1681, L: APA
I_88				= 16D2, L: APA
I_87				= 16E8, L: APA
I_89				= 17CB, L: APA
I_91				= 1859, L: APA
I_90				= 186F, L: APA
_APA_DRAW_TEXTURED_POLY		= 1875, G: APA
I_92				= 18BD, L: APA
I_93				= 18E2, L: APA
I_94				= 1907, L: APA
I_95				= 192C, L: APA
I_96				= 1951, L: APA
I_97				= 1976, L: APA
I_99				= 199D, L: APA
I_98				= 19A3, L: APA
I_101				= 19BA, L: APA
I_102				= 19F0, L: APA
I_103				= 1A2C, L: APA
I_105				= 1A7D, L: APA
I_104				= 1A93, L: APA
I_106				= 1B76, L: APA
I_108				= 1C04, L: APA
I_107				= 1C1A, L: APA
_STAB				= 1C20, G: SINCOS
_CTAB				= 1E20, G: SINCOS
_FLAT_VERTICES			= 2020, G: CUBE
_FLAT_LINES			= 2050, G: CUBE
_FLAT_FACES			= 2080, G: CUBE
LOAD_PALETTE			= 20B0, G: LOAD_PALETTE
LOADPALETTE			= 20BE, L: LOAD_PALETTE
LOAD_TILES			= 20CA, G: LOAD_TILES
LOADTILES			= 20E3, L: LOAD_TILES
_LOOP				= 2111, L: LOAD_TILES
_DATALOOP			= 2112, L: LOAD_TILES
_BLANKLOOP			= 211E, L: LOAD_TILES
_NOMOREBLANKS			= 212C, L: LOAD_TILES
L_AND				= 2139, G: L_AND
L_ASR				= 2140, G: L_ASR
L_ASR1				= 2141, L: L_ASR
L_GCHAR				= 214B, G: L_GCHAR
L_SXT				= 214C, L: L_GCHAR
L_GINT				= 2151, G: L_GINT
L_NE				= 2156, G: L_NE
L_CMP				= 215D, G: L_CMP
L_OR				= 2169, G: L_OR
L_PINT				= 2170, G: L_PINT
L_SXT				= 2176, G: L_SXT
SET_VDP_REG			= 217B, G: SET_VDP_REG
ABS				= 2188, G: ABS
L_NEG				= 2192, G: L_NEG
L_COM				= 2197, G: L_COM
L_ASL				= 219E, G: L_ASL
L_ASL1				= 219F, L: L_ASL
L_ASR_U				= 21A4, G: L_ASR_U
L_ASR_U_1			= 21A5, L: L_ASR_U
L_EQ				= 21AE, G: L_EQ
L_GT				= 21B6, G: L_GT
L_LT				= 21BC, G: L_LT
L_MULT				= 21C1, G: L_MULT
L_MULT1				= 21C8, L: L_MULT
L_MULT2				= 21CF, L: L_MULT
MEMCPY				= 21D2, G: MEMCPY
MEMSET				= 21EB, G: MEMSET
SET_BKG_MAP			= 2206, G: SET_BKG_MAP
LINELOOP			= 222E, L: SET_BKG_MAP
NOTCARRY			= 223A, L: SET_BKG_MAP
DRAWONELINE			= 2240, G: DRAWONELINE
LOOP				= 2248, L: DRAWONELINE
VRAMTOHL			= 2256, G: VRAMTOHL
