ABS				= 350F, G: ABS
CALL_INT_HANDLER		= 008E, L: SMS_CRT0
CKCLOSED			= 2BC2, L: FCLOSE
CLEANUP				= 0137, G: SMS_CRT0
CLOSE				= 2BD5, G: CLOSE
CLOSEALL			= 2B4C, G: CLOSEALL
DEFAULTINITIALISEVDP		= 013E, L: SMS_CRT0
DRAWONELINE			= 35AD, G: DRAWONELINE
ENDLOOP				= 013B, L: SMS_CRT0
FABANDON			= 2B84, G: FABANDON
FCHKSTD				= 2BD6, G: FCHKSTD
FCLOSE				= 2B98, G: FCLOSE
FILLER1				= 0015, L: SMS_CRT0
FILLER2				= 0055, L: SMS_CRT0
FILLER3				= 008F, L: SMS_CRT0
GET_VCOUNT			= 3503, G: GET_VCOUNT
INT_DONE			= 0087, L: SMS_CRT0
INT_HANDLER			= 0073, L: SMS_CRT0
INT_LOOP			= 0076, L: SMS_CRT0
INT_NOT_VBL			= 0042, L: SMS_CRT0
INT_PAUSE			= 0066, L: SMS_CRT0
INT_RASTER			= 0038, L: SMS_CRT0
INT_VBL				= 0045, L: SMS_CRT0
IS_CLOSED			= 2BC8, L: FCLOSE
I_10				= 0F90, L: APA
I_10				= 084F, L: SMS_APA
I_100				= 248C, L: APA
I_101				= 24C8, L: APA
I_102				= 252F, L: APA
I_103				= 2519, L: APA
I_104				= 2612, L: APA
I_105				= 26B6, L: APA
I_106				= 26A0, L: APA
I_11				= 0F21, L: APA
I_11				= 0843, L: SMS_APA
I_12				= 0F73, L: APA
I_12				= 04EC, L: SMS_APA
I_13				= 0F5D, L: APA
I_13				= 04F8, L: SMS_APA
I_14				= 11B9, L: APA
I_14				= 058E, L: SMS_APA
I_15				= 1205, L: APA
I_15				= 059A, L: SMS_APA
I_16				= 11FE, L: APA
I_16				= 060F, L: SMS_APA
I_17				= 11D1, L: APA
I_17				= 061B, L: SMS_APA
I_18				= 11DD, L: APA
I_18				= 0696, L: SMS_APA
I_19				= 120E, L: APA
I_19				= 06A2, L: SMS_APA
I_20				= 1277, L: APA
I_20				= 06F0, L: SMS_APA
I_21				= 1270, L: APA
I_21				= 06F9, L: SMS_APA
I_22				= 1232, L: APA
I_22				= 0746, L: SMS_APA
I_23				= 124F, L: APA
I_23				= 074D, L: SMS_APA
I_24				= 129D, L: APA
I_24				= 079C, L: SMS_APA
I_25				= 1306, L: APA
I_25				= 07B3, L: SMS_APA
I_26				= 12FF, L: APA
I_26				= 07E6, L: SMS_APA
I_27				= 1476, L: APA
I_27				= 07F4, L: SMS_APA
I_28				= 156C, L: APA
I_28				= 0858, L: SMS_APA
I_29				= 14B1, L: APA
I_29				= 0990, L: SMS_APA
I_3				= 2B53, L: CLOSEALL
I_30				= 1505, L: APA
I_30				= 0984, L: SMS_APA
I_31				= 14F6, L: APA
I_31				= 0946, L: SMS_APA
I_32				= 15E9, L: APA
I_32				= 0999, L: SMS_APA
I_33				= 167C, L: APA
I_33				= 0B4C, L: SMS_APA
I_34				= 1673, L: APA
I_34				= 0B40, L: SMS_APA
I_35				= 15F7, L: APA
I_35				= 0BB4, L: SMS_APA
I_36				= 166D, L: APA
I_36				= 0DCA, L: SMS_APA
I_37				= 1666, L: APA
I_37				= 0BD4, L: SMS_APA
I_38				= 1628, L: APA
I_38				= 0BF1, L: SMS_APA
I_39				= 1645, L: APA
I_39				= 0C0E, L: SMS_APA
I_4				= 2B82, L: CLOSEALL
I_4				= 02B5, L: SMS_APA
I_40				= 16D7, L: APA
I_40				= 0C2B, L: SMS_APA
I_41				= 16DA, L: APA
I_41				= 0C5C, L: SMS_APA
I_42				= 1729, L: APA
I_42				= 0C46, L: SMS_APA
I_43				= 172C, L: APA
I_43_I_42			= 0C49, L: SMS_APA
I_44				= 17D4, L: APA
I_44				= 0C99, L: SMS_APA
I_45				= 1819, L: APA
I_45				= 0C7C, L: SMS_APA
I_46				= 1904, L: APA
I_46				= 0C99, L: SMS_APA
I_47				= 18EE, L: APA
I_47				= 0C99, L: SMS_APA
I_48				= 184F, L: APA
I_48				= 0DA3, L: SMS_APA
I_49				= 1876, L: APA
I_49				= 0DB2, L: SMS_APA
I_5				= 2B75, L: CLOSEALL
I_5				= 0E85, L: APA
I_5				= 0445, L: SMS_APA
I_50				= 1876, L: APA
I_50				= 0E0E, L: SMS_APA
I_51				= 18B4, L: APA
I_51				= 0E14, L: SMS_APA
I_52				= 194A, L: APA
I_52				= 0E11, L: SMS_APA
I_53				= 1ABD, L: APA
I_54				= 1A85, L: APA
I_55				= 1ABA, L: APA
I_56				= 1BC3, L: APA
I_57				= 1CD0, L: APA
I_58				= 1C01, L: APA
I_59				= 1C61, L: APA
I_6				= 2B6F, L: CLOSEALL
I_6				= 0EE1, L: APA
I_6				= 0418, L: SMS_APA
I_60				= 1C52, L: APA
I_61				= 1D10, L: APA
I_62				= 1D3E, L: APA
I_63				= 1D96, L: APA
I_64				= 1D99, L: APA
I_65				= 1DE8, L: APA
I_66				= 1DEB, L: APA
I_67				= 1E93, L: APA
I_68				= 1EE3, L: APA
I_69				= 1FBC, L: APA
I_7				= 2B6F, L: CLOSEALL
I_7				= 0ECB, L: APA
I_7				= 0434, L: SMS_APA
I_70				= 1FA6, L: APA
I_71				= 1F10, L: APA
I_72				= 1F2E, L: APA
I_73				= 1F2E, L: APA
I_74				= 1F6C, L: APA
I_75				= 2025, L: APA
I_76				= 204A, L: APA
I_77				= 206F, L: APA
I_78				= 2094, L: APA
I_79				= 20C1, L: APA
I_8				= 0F0F, L: APA
I_8				= 0434, L: SMS_APA
I_80				= 20BB, L: APA
I_82				= 20D8, L: APA
I_83				= 210E, L: APA
I_84				= 214A, L: APA
I_85				= 21B1, L: APA
I_86				= 219B, L: APA
I_87				= 2267, L: APA
I_88				= 230B, L: APA
I_89				= 22F5, L: APA
I_9				= 0FA6, L: APA
I_9				= 0452, L: SMS_APA
I_90				= 2359, L: APA
I_91				= 237E, L: APA
I_92				= 23A3, L: APA
I_93				= 23C8, L: APA
I_94				= 23ED, L: APA
I_95				= 2412, L: APA
I_96				= 243F, L: APA
I_97				= 2439, L: APA
I_99				= 2456, L: APA
LINELOOP			= 359B, L: SET_BKG_MAP
LOADPALETTE			= 2C09, L: LOAD_PALETTE
LOADTILES			= 2C2E, L: LOAD_TILES
LOAD_PALETTE			= 2BFB, G: LOAD_PALETTE
LOAD_TILES			= 2C15, G: LOAD_TILES
LOOP				= 35B5, L: DRAWONELINE
LOOP				= 3505, L: GET_VCOUNT
LOOP				= 34F9, L: WAIT_VBLANK_NOINT
L_AND				= 2C84, G: L_AND
L_ASL				= 2C8B, G: L_ASL
L_ASL1				= 2C8C, L: L_ASL
L_ASR				= 2C91, G: L_ASR
L_ASR1				= 2C92, L: L_ASR
L_ASR_U				= 3519, G: L_ASR_U
L_ASR_U_1			= 351A, L: L_ASR_U
L_CMP				= 2CB1, G: L_CMP
L_COM				= 2CD3, G: L_COM
L_DCAL				= 013D, G: SMS_CRT0
L_EQ				= 3523, G: L_EQ
L_GINT				= 2C9C, G: L_GINT
L_GT				= 352B, G: L_GT
L_LNEG				= 2CA1, G: L_LNEG
L_LNEG1				= 2CA9, L: L_LNEG
L_LT				= 2CAC, G: L_LT
L_MULT				= 2CBD, G: L_MULT
L_MULT1				= 2CC4, L: L_MULT
L_MULT2				= 2CCB, L: L_MULT
L_NE				= 3531, G: L_NE
L_NEG				= 2CCE, G: L_NEG
L_OR				= 3538, G: L_OR
L_PINT				= 2CDA, G: L_PINT
L_SXT				= 2CE0, G: L_SXT
L_UCMP				= 2BF5, G: L_UCMP
L_ULT				= 2BF2, G: L_ULT
MEMCPY				= 353F, G: MEMCPY
MEMSET				= 3558, G: MEMSET
NOTCARRY			= 35A7, L: SET_BKG_MAP
READ_JOYPAD1			= 2CE5, G: READ_JOYPAD1
SET_BKG_MAP			= 3573, G: SET_BKG_MAP
SET_VDP_REG			= 2CEC, G: SET_VDP_REG
STANDARD_FONT			= 2CF9, G: STANDARD_FONT
START				= 0100, L: SMS_CRT0
VRAMTOHL			= 35C3, G: VRAMTOHL
WAIT_VBLANK_NOINT		= 34F9, G: WAIT_VBLANK_NOINT
_ADJUST_Y			= 0248, G: SMS_APA
_APA_BIT_MASK			= 0E45, G: APA
_APA_CLEAR_CANVAS		= 118B, G: APA
_APA_DRAW_CIRCLE		= 192D, G: APA
_APA_DRAW_LINE			= 1682, G: APA
_APA_DRAW_POLY			= 1FDD, G: APA
_APA_DRAW_TEXTURED_POLY		= 2311, G: APA
_APA_HLINE_BIT_MASK		= 0E4D, G: APA
_APA_HOR_LINE			= 138F, G: APA
_APA_INIT_CANVAS		= 0FAC, G: APA
_APA_INIT_CHARSET		= 0E55, G: APA
_APA_INIT_MAP			= 0EE6, G: APA
_APA_PUT_PIXEL			= 1308, G: APA
_APA_REFRESH_CANVAS		= 1159, G: APA
_APA_SHOW_CANVAS		= 1107, G: APA
_APA_TEXTURED_HOR_LINE		= 1AC1, G: APA
_APA_VERT_LINE			= 1572, G: APA
_APPLY_OCTET			= 11B2, G: APA
_APPLY_OCTET_MASK		= 1207, G: APA
_APPLY_OCTET_MASK_TEXTURE	= 1296, G: APA
_APPLY_OCTET_TEXTURE		= 1279, G: APA
_BLANKLOOP			= 2C69, L: LOAD_TILES
_CTAB				= 28BC, G: SINCOS
_DATA				= 014C, L: SMS_CRT0
_DATALOOP			= 2C5D, L: LOAD_TILES
_DRAWFACES			= 0992, G: SMS_APA
_DRAWLINES			= 0851, G: SMS_APA
_END				= 015E, L: SMS_CRT0
_FLAT_FACES			= 2B1C, G: CUBE
_FLAT_LINES			= 2AEC, G: CUBE
_FLAT_VERTICES			= 2ABC, G: CUBE
_LOOP				= 2C5C, L: LOAD_TILES
_MAIN				= 0DD0, G: SMS_APA
_NOMOREBLANKS			= 2C77, L: LOAD_TILES
_PAL_TERRAIN			= 0E15, G: SMS_APA
_POLYDATA			= 015E, G: SMS_APA
_ROTATEANDPROJECT		= 044B, G: SMS_APA
_ROT_CUBE			= 0B4E, G: SMS_APA
_STAB				= 26BC, G: SINCOS
_SWEEP_POLY_LINE		= 1D40, G: APA
_SWEEP_POLY_PIXEL		= 1CD6, G: APA
_TEST_APA			= 0261, G: SMS_APA
_TEXTURE_BIN			= 0E25, G: SMS_APA
_VFPRINTF			= 015E, G: SMS_CRT0


FILLER1				= 0015, L: SMS_CRT0
INT_RASTER			= 0038, L: SMS_CRT0
INT_NOT_VBL			= 0042, L: SMS_CRT0
INT_VBL				= 0045, L: SMS_CRT0
FILLER2				= 0055, L: SMS_CRT0
INT_PAUSE			= 0066, L: SMS_CRT0
INT_HANDLER			= 0073, L: SMS_CRT0
INT_LOOP			= 0076, L: SMS_CRT0
INT_DONE			= 0087, L: SMS_CRT0
CALL_INT_HANDLER		= 008E, L: SMS_CRT0
FILLER3				= 008F, L: SMS_CRT0
START				= 0100, L: SMS_CRT0
CLEANUP				= 0137, G: SMS_CRT0
ENDLOOP				= 013B, L: SMS_CRT0
L_DCAL				= 013D, G: SMS_CRT0
DEFAULTINITIALISEVDP		= 013E, L: SMS_CRT0
_DATA				= 014C, L: SMS_CRT0
_END				= 015E, L: SMS_CRT0
_POLYDATA			= 015E, G: SMS_APA
_VFPRINTF			= 015E, G: SMS_CRT0
_ADJUST_Y			= 0248, G: SMS_APA
_TEST_APA			= 0261, G: SMS_APA
I_4				= 02B5, L: SMS_APA
I_6				= 0418, L: SMS_APA
I_8				= 0434, L: SMS_APA
I_7				= 0434, L: SMS_APA
I_5				= 0445, L: SMS_APA
_ROTATEANDPROJECT		= 044B, G: SMS_APA
I_9				= 0452, L: SMS_APA
I_12				= 04EC, L: SMS_APA
I_13				= 04F8, L: SMS_APA
I_14				= 058E, L: SMS_APA
I_15				= 059A, L: SMS_APA
I_16				= 060F, L: SMS_APA
I_17				= 061B, L: SMS_APA
I_18				= 0696, L: SMS_APA
I_19				= 06A2, L: SMS_APA
I_20				= 06F0, L: SMS_APA
I_21				= 06F9, L: SMS_APA
I_22				= 0746, L: SMS_APA
I_23				= 074D, L: SMS_APA
I_24				= 079C, L: SMS_APA
I_25				= 07B3, L: SMS_APA
I_26				= 07E6, L: SMS_APA
I_27				= 07F4, L: SMS_APA
I_11				= 0843, L: SMS_APA
I_10				= 084F, L: SMS_APA
_DRAWLINES			= 0851, G: SMS_APA
I_28				= 0858, L: SMS_APA
I_31				= 0946, L: SMS_APA
I_30				= 0984, L: SMS_APA
I_29				= 0990, L: SMS_APA
_DRAWFACES			= 0992, G: SMS_APA
I_32				= 0999, L: SMS_APA
I_34				= 0B40, L: SMS_APA
I_33				= 0B4C, L: SMS_APA
_ROT_CUBE			= 0B4E, G: SMS_APA
I_35				= 0BB4, L: SMS_APA
I_37				= 0BD4, L: SMS_APA
I_38				= 0BF1, L: SMS_APA
I_39				= 0C0E, L: SMS_APA
I_40				= 0C2B, L: SMS_APA
I_42				= 0C46, L: SMS_APA
I_43_I_42			= 0C49, L: SMS_APA
I_41				= 0C5C, L: SMS_APA
I_45				= 0C7C, L: SMS_APA
I_47				= 0C99, L: SMS_APA
I_46				= 0C99, L: SMS_APA
I_44				= 0C99, L: SMS_APA
I_48				= 0DA3, L: SMS_APA
I_49				= 0DB2, L: SMS_APA
I_36				= 0DCA, L: SMS_APA
_MAIN				= 0DD0, G: SMS_APA
I_50				= 0E0E, L: SMS_APA
I_52				= 0E11, L: SMS_APA
I_51				= 0E14, L: SMS_APA
_PAL_TERRAIN			= 0E15, G: SMS_APA
_TEXTURE_BIN			= 0E25, G: SMS_APA
_APA_BIT_MASK			= 0E45, G: APA
_APA_HLINE_BIT_MASK		= 0E4D, G: APA
_APA_INIT_CHARSET		= 0E55, G: APA
I_5				= 0E85, L: APA
I_7				= 0ECB, L: APA
I_6				= 0EE1, L: APA
_APA_INIT_MAP			= 0EE6, G: APA
I_8				= 0F0F, L: APA
I_11				= 0F21, L: APA
I_13				= 0F5D, L: APA
I_12				= 0F73, L: APA
I_10				= 0F90, L: APA
I_9				= 0FA6, L: APA
_APA_INIT_CANVAS		= 0FAC, G: APA
_APA_SHOW_CANVAS		= 1107, G: APA
_APA_REFRESH_CANVAS		= 1159, G: APA
_APA_CLEAR_CANVAS		= 118B, G: APA
_APPLY_OCTET			= 11B2, G: APA
I_14				= 11B9, L: APA
I_17				= 11D1, L: APA
I_18				= 11DD, L: APA
I_16				= 11FE, L: APA
I_15				= 1205, L: APA
_APPLY_OCTET_MASK		= 1207, G: APA
I_19				= 120E, L: APA
I_22				= 1232, L: APA
I_23				= 124F, L: APA
I_21				= 1270, L: APA
I_20				= 1277, L: APA
_APPLY_OCTET_TEXTURE		= 1279, G: APA
_APPLY_OCTET_MASK_TEXTURE	= 1296, G: APA
I_24				= 129D, L: APA
I_26				= 12FF, L: APA
I_25				= 1306, L: APA
_APA_PUT_PIXEL			= 1308, G: APA
_APA_HOR_LINE			= 138F, G: APA
I_27				= 1476, L: APA
I_29				= 14B1, L: APA
I_31				= 14F6, L: APA
I_30				= 1505, L: APA
I_28				= 156C, L: APA
_APA_VERT_LINE			= 1572, G: APA
I_32				= 15E9, L: APA
I_35				= 15F7, L: APA
I_38				= 1628, L: APA
I_39				= 1645, L: APA
I_37				= 1666, L: APA
I_36				= 166D, L: APA
I_34				= 1673, L: APA
I_33				= 167C, L: APA
_APA_DRAW_LINE			= 1682, G: APA
I_40				= 16D7, L: APA
I_41				= 16DA, L: APA
I_42				= 1729, L: APA
I_43				= 172C, L: APA
I_44				= 17D4, L: APA
I_45				= 1819, L: APA
I_48				= 184F, L: APA
I_50				= 1876, L: APA
I_49				= 1876, L: APA
I_51				= 18B4, L: APA
I_47				= 18EE, L: APA
I_46				= 1904, L: APA
_APA_DRAW_CIRCLE		= 192D, G: APA
I_52				= 194A, L: APA
I_54				= 1A85, L: APA
I_55				= 1ABA, L: APA
I_53				= 1ABD, L: APA
_APA_TEXTURED_HOR_LINE		= 1AC1, G: APA
I_56				= 1BC3, L: APA
I_58				= 1C01, L: APA
I_60				= 1C52, L: APA
I_59				= 1C61, L: APA
I_57				= 1CD0, L: APA
_SWEEP_POLY_PIXEL		= 1CD6, G: APA
I_61				= 1D10, L: APA
I_62				= 1D3E, L: APA
_SWEEP_POLY_LINE		= 1D40, G: APA
I_63				= 1D96, L: APA
I_64				= 1D99, L: APA
I_65				= 1DE8, L: APA
I_66				= 1DEB, L: APA
I_67				= 1E93, L: APA
I_68				= 1EE3, L: APA
I_71				= 1F10, L: APA
I_72				= 1F2E, L: APA
I_73				= 1F2E, L: APA
I_74				= 1F6C, L: APA
I_70				= 1FA6, L: APA
I_69				= 1FBC, L: APA
_APA_DRAW_POLY			= 1FDD, G: APA
I_75				= 2025, L: APA
I_76				= 204A, L: APA
I_77				= 206F, L: APA
I_78				= 2094, L: APA
I_80				= 20BB, L: APA
I_79				= 20C1, L: APA
I_82				= 20D8, L: APA
I_83				= 210E, L: APA
I_84				= 214A, L: APA
I_86				= 219B, L: APA
I_85				= 21B1, L: APA
I_87				= 2267, L: APA
I_89				= 22F5, L: APA
I_88				= 230B, L: APA
_APA_DRAW_TEXTURED_POLY		= 2311, G: APA
I_90				= 2359, L: APA
I_91				= 237E, L: APA
I_92				= 23A3, L: APA
I_93				= 23C8, L: APA
I_94				= 23ED, L: APA
I_95				= 2412, L: APA
I_97				= 2439, L: APA
I_96				= 243F, L: APA
I_99				= 2456, L: APA
I_100				= 248C, L: APA
I_101				= 24C8, L: APA
I_103				= 2519, L: APA
I_102				= 252F, L: APA
I_104				= 2612, L: APA
I_106				= 26A0, L: APA
I_105				= 26B6, L: APA
_STAB				= 26BC, G: SINCOS
_CTAB				= 28BC, G: SINCOS
_FLAT_VERTICES			= 2ABC, G: CUBE
_FLAT_LINES			= 2AEC, G: CUBE
_FLAT_FACES			= 2B1C, G: CUBE
CLOSEALL			= 2B4C, G: CLOSEALL
I_3				= 2B53, L: CLOSEALL
I_7				= 2B6F, L: CLOSEALL
I_6				= 2B6F, L: CLOSEALL
I_5				= 2B75, L: CLOSEALL
I_4				= 2B82, L: CLOSEALL
FABANDON			= 2B84, G: FABANDON
FCLOSE				= 2B98, G: FCLOSE
CKCLOSED			= 2BC2, L: FCLOSE
IS_CLOSED			= 2BC8, L: FCLOSE
CLOSE				= 2BD5, G: CLOSE
FCHKSTD				= 2BD6, G: FCHKSTD
L_ULT				= 2BF2, G: L_ULT
L_UCMP				= 2BF5, G: L_UCMP
LOAD_PALETTE			= 2BFB, G: LOAD_PALETTE
LOADPALETTE			= 2C09, L: LOAD_PALETTE
LOAD_TILES			= 2C15, G: LOAD_TILES
LOADTILES			= 2C2E, L: LOAD_TILES
_LOOP				= 2C5C, L: LOAD_TILES
_DATALOOP			= 2C5D, L: LOAD_TILES
_BLANKLOOP			= 2C69, L: LOAD_TILES
_NOMOREBLANKS			= 2C77, L: LOAD_TILES
L_AND				= 2C84, G: L_AND
L_ASL				= 2C8B, G: L_ASL
L_ASL1				= 2C8C, L: L_ASL
L_ASR				= 2C91, G: L_ASR
L_ASR1				= 2C92, L: L_ASR
L_GINT				= 2C9C, G: L_GINT
L_LNEG				= 2CA1, G: L_LNEG
L_LNEG1				= 2CA9, L: L_LNEG
L_LT				= 2CAC, G: L_LT
L_CMP				= 2CB1, G: L_CMP
L_MULT				= 2CBD, G: L_MULT
L_MULT1				= 2CC4, L: L_MULT
L_MULT2				= 2CCB, L: L_MULT
L_NEG				= 2CCE, G: L_NEG
L_COM				= 2CD3, G: L_COM
L_PINT				= 2CDA, G: L_PINT
L_SXT				= 2CE0, G: L_SXT
READ_JOYPAD1			= 2CE5, G: READ_JOYPAD1
SET_VDP_REG			= 2CEC, G: SET_VDP_REG
STANDARD_FONT			= 2CF9, G: STANDARD_FONT
WAIT_VBLANK_NOINT		= 34F9, G: WAIT_VBLANK_NOINT
LOOP				= 34F9, L: WAIT_VBLANK_NOINT
GET_VCOUNT			= 3503, G: GET_VCOUNT
LOOP				= 3505, L: GET_VCOUNT
ABS				= 350F, G: ABS
L_ASR_U				= 3519, G: L_ASR_U
L_ASR_U_1			= 351A, L: L_ASR_U
L_EQ				= 3523, G: L_EQ
L_GT				= 352B, G: L_GT
L_NE				= 3531, G: L_NE
L_OR				= 3538, G: L_OR
MEMCPY				= 353F, G: MEMCPY
MEMSET				= 3558, G: MEMSET
SET_BKG_MAP			= 3573, G: SET_BKG_MAP
LINELOOP			= 359B, L: SET_BKG_MAP
NOTCARRY			= 35A7, L: SET_BKG_MAP
DRAWONELINE			= 35AD, G: DRAWONELINE
LOOP				= 35B5, L: DRAWONELINE
VRAMTOHL			= 35C3, G: VRAMTOHL
